2026-07-14 11:56:36 [INFO] 2001
2026-07-14 11:56:36 [INFO] -- u_component_of_wind
2026-07-14 11:56:36 [INFO] ---- Skipping 2001/u_component_of_wind (already exists)
2026-07-14 11:56:36 [INFO] -- v_component_of_wind
2026-07-14 11:56:36 [INFO] ---- Skipping 2001/v_component_of_wind (already exists)
2026-07-14 11:56:36 [INFO] 2002
2026-07-14 11:56:36 [INFO] -- u_component_of_wind
cdo(70) remapbil: Bilinear weights from lonlat (1440x721) to lonlat (360x181) grid
cdo(1422) remapbil: Bilinear weights from lonlat (1440x721) to lonlat (360x181) grid
cdo(22) remapbil: Bilinear weights from lonlat (1440x721) to lonlat (360x181) grid
cdo(270) remapbil: Bilinear weights from lonlat (1440x721) to lonlat (360x181) grid
cdo(42) remapbil: Bilinear weights from lonlat (1440x721) to lonlat (360x181) grid
cdo(590) remapbil: Bilinear weights from lonlat (1440x721) to lonlat (360x181) grid
cdo(82) remapbil: Bilinear weights from lonlat (1440x721) to lonlat (360x181) grid
cdo(210) remapbil: Bilinear weights from lonlat (1440x721) to lonlat (360x181) grid
cdo(226) remapbil: Bilinear weights from lonlat (1440x721) to lonlat (360x181) grid
cdo(78) remapbil: Bilinear weights from lonlat (1440x721) to lonlat (360x181) grid
cdo(146) remapbil: Bilinear weights from lonlat (1440x721) to lonlat (360x181) grid
cdo(86) remapbil: Bilinear weights from lonlat (1440x721) to lonlat (360x181) grid
cdo(206) remapbil: Bilinear weights from lonlat (1440x721) to lonlat (360x181) grid
cdo(106) remapbil: Bilinear weights from lonlat (1440x721) to lonlat (360x181) grid
cdo(98) remapbil: Bilinear weights from lonlat (1440x721) to lonlat (360x181) grid
cdo(134) remapbil: Bilinear weights from lonlat (1440x721) to lonlat (360x181) grid
cdo(102) remapbil: Bilinear weights from lonlat (1440x721) to lonlat (360x181) grid
cdo(74) remapbil: Bilinear weights from lonlat (1440x721) to lonlat (360x181) grid
cdo(90) remapbil: Bilinear weights from lonlat (1440x721) to lonlat (360x181) grid
cdo(174) remapbil: Bilinear weights from lonlat (1440x721) to lonlat (360x181) grid
cdo(310) remapbil: Bilinear weights from lonlat (1440x721) to lonlat (360x181) grid
cdo(114) remapbil: Bilinear weights from lonlat (1440x721) to lonlat (360x181) grid
cdo(246) remapbil: Bilinear weights from lonlat (1440x721) to lonlat (360x181) grid
cdo(214) remapbil: Bilinear weights from lonlat (1440x721) to lonlat (360x181) grid
cdo(298) remapbil: Bilinear weights from lonlat (1440x721) to lonlat (360x181) grid
cdo(26) remapbil: Bilinear weights from lonlat (1440x721) to lonlat (360x181) grid
cdo(278) remapbil: Bilinear weights from lonlat (1440x721) to lonlat (360x181) grid
cdo(54) remapbil: Bilinear weights from lonlat (1440x721) to lonlat (360x181) grid
cdo(154) remapbil: Bilinear weights from lonlat (1440x721) to lonlat (360x181) grid
cdo(302) remapbil: Bilinear weights from lonlat (1440x721) to lonlat (360x181) grid
cdo(218) remapbil: Bilinear weights from lonlat (1440x721) to lonlat (360x181) grid
cdo(1306) remapbil: Bilinear weights from lonlat (1440x721) to lonlat (360x181) grid
cdo(170) remapbil: Bilinear weights from lonlat (1440x721) to lonlat (360x181) grid
cdo(274) remapbil: Bilinear weights from lonlat (1440x721) to lonlat (360x181) grid
cdo(34) remapbil: Bilinear weights from lonlat (1440x721) to lonlat (360x181) grid
cdo(350) remapbil: Bilinear weights from lonlat (1440x721) to lonlat (360x181) grid
cdo(902) remapbil: Bilinear weights from lonlat (1440x721) to lonlat (360x181) grid
cdo(10) remapbil: Bilinear weights from lonlat (1440x721) to lonlat (360x181) grid
cdo(58) remapbil: Bilinear weights from lonlat (1440x721) to lonlat (360x181) grid
cdo(6) remapbil: Bilinear weights from lonlat (1440x721) to lonlat (360x181) grid
cdo(1258) remapbil: Bilinear weights from lonlat (1440x721) to lonlat (360x181) grid
cdo(66) remapbil: Bilinear weights from lonlat (1440x721) to lonlat (360x181) grid
cdo(462) remapbil: Bilinear weights from lonlat (1440x721) to lonlat (360x181) grid
cdo(414) remapbil: Bilinear weights from lonlat (1440x721) to lonlat (360x181) grid
cdo(50) remapbil: Bilinear weights from lonlat (1440x721) to lonlat (360x181) grid
cdo(482) remapbil: Bilinear weights from lonlat (1440x721) to lonlat (360x181) grid
cdo(2) remapbil: Bilinear weights from lonlat (1440x721) to lonlat (360x181) grid
cdo(62) remapbil: Bilinear weights from lonlat (1440x721) to lonlat (360x181) grid
cdo(178) remapbil: Bilinear weights from lonlat (1440x721) to lonlat (360x181) grid
cdo(18) remapbil: Bilinear weights from lonlat (1440x721) to lonlat (360x181) grid
cdo(430) remapbil: Bilinear weights from lonlat (1440x721) to lonlat (360x181) grid
cdo(186) remapbil: Bilinear weights from lonlat (1440x721) to lonlat (360x181) grid
cdo(466) remapbil: Bilinear weights from lonlat (1440x721) to lonlat (360x181) grid
cdo(618) remapbil: Bilinear weights from lonlat (1440x721) to lonlat (360x181) grid
cdo(162) remapbil: Bilinear weights from lonlat (1440x721) to lonlat (360x181) grid
cdo(522) remapbil: Bilinear weights from lonlat (1440x721) to lonlat (360x181) grid
cdo(526) remapbil: Bilinear weights from lonlat (1440x721) to lonlat (360x181) grid
cdo(1270) remapbil: Bilinear weights from lonlat (1440x721) to lonlat (360x181) grid
cdo(1070) remapbil: Bilinear weights from lonlat (1440x721) to lonlat (360x181) grid
cdo(990) remapbil: Bilinear weights from lonlat (1440x721) to lonlat (360x181) grid
cdo(958) remapbil: Bilinear weights from lonlat (1440x721) to lonlat (360x181) grid
cdo(870) remapbil: Bilinear weights from lonlat (1440x721) to lonlat (360x181) grid
cdo(830) remapbil: Bilinear weights from lonlat (1440x721) to lonlat (360x181) grid
cdo(498) remapbil: Bilinear weights from lonlat (1440x721) to lonlat (360x181) grid
cdo(1018) remapbil: Bilinear weights from lonlat (1440x721) to lonlat (360x181) grid
cdo(1454) remapbil: Bilinear weights from lonlat (1440x721) to lonlat (360x181) grid
cdo(626) remapbil: Bilinear weights from lonlat (1440x721) to lonlat (360x181) grid
cdo(1210) remapbil: Bilinear weights from lonlat (1440x721) to lonlat (360x181) grid
cdo(1010) remapbil: Bilinear weights from lonlat (1440x721) to lonlat (360x181) grid
cdo(970) remapbil: Bilinear weights from lonlat (1440x721) to lonlat (360x181) grid
cdo(650) remapbil: Bilinear weights from lonlat (1440x721) to lonlat (360x181) grid
cdo(182) remapbil: Bilinear weights from lonlat (1440x721) to lonlat (360x181) grid
cdo(1302) remapbil: Bilinear weights from lonlat (1440x721) to lonlat (360x181) grid
cdo(1374) remapbil: Bilinear weights from lonlat (1440x721) to lonlat (360x181) grid
cdo(1002) remapbil: Bilinear weights from lonlat (1440x721) to lonlat (360x181) grid
cdo(1438) remapbil: Bilinear weights from lonlat (1440x721) to lonlat (360x181) grid
cdo(1038) remapbil: Bilinear weights from lonlat (1440x721) to lonlat (360x181) grid
cdo(954) remapbil: Bilinear weights from lonlat (1440x721) to lonlat (360x181) grid
cdo(202) remapbil: Bilinear weights from lonlat (1440x721) to lonlat (360x181) grid
cdo(682) remapbil: Bilinear weights from lonlat (1440x721) to lonlat (360x181) grid
cdo(1078) remapbil: Bilinear weights from lonlat (1440x721) to lonlat (360x181) grid
cdo(1106) remapbil: Bilinear weights from lonlat (1440x721) to lonlat (360x181) grid
cdo(418) remapbil: Bilinear weights from lonlat (1440x721) to lonlat (360x181) grid
cdo(1254) remapbil: Bilinear weights from lonlat (1440x721) to lonlat (360x181) grid
cdo(946) remapbil: Bilinear weights from lonlat (1440x721) to lonlat (360x181) grid
cdo(614) remapbil: Bilinear weights from lonlat (1440x721) to lonlat (360x181) grid
cdo(1278) remapbil: Bilinear weights from lonlat (1440x721) to lonlat (360x181) grid
cdo(262) remapbil: Bilinear weights from lonlat (1440x721) to lonlat (360x181) grid
cdo(1382) remapbil: Bilinear weights from lonlat (1440x721) to lonlat (360x181) grid
cdo(1442) remapbil: Bilinear weights from lonlat (1440x721) to lonlat (360x181) grid
cdo(1330) remapbil: Bilinear weights from lonlat (1440x721) to lonlat (360x181) grid
cdo(1006) remapbil: Bilinear weights from lonlat (1440x721) to lonlat (360x181) grid
cdo(1418) remapbil: Bilinear weights from lonlat (1440x721) to lonlat (360x181) grid
cdo(962) remapbil: Bilinear weights from lonlat (1440x721) to lonlat (360x181) grid
cdo(110) remapbil: Bilinear weights from lonlat (1440x721) to lonlat (360x181) grid
cdo(290) remapbil: Bilinear weights from lonlat (1440x721) to lonlat (360x181) grid
cdo(1042) remapbil: Bilinear weights from lonlat (1440x721) to lonlat (360x181) grid
cdo(1122) remapbil: Bilinear weights from lonlat (1440x721) to lonlat (360x181) grid
cdo(486) remapbil: Bilinear weights from lonlat (1440x721) to lonlat (360x181) grid
cdo(130) remapbil: Bilinear weights from lonlat (1440x721) to lonlat (360x181) grid
cdo(1058) remapbil: Bilinear weights from lonlat (1440x721) to lonlat (360x181) grid
cdo(950) remapbil: Bilinear weights from lonlat (1440x721) to lonlat (360x181) grid
cdo(986) remapbil: Bilinear weights from lonlat (1440x721) to lonlat (360x181) grid
cdo(1194) remapbil: Bilinear weights from lonlat (1440x721) to lonlat (360x181) grid
cdo(1202) remapbil: Bilinear weights from lonlat (1440x721) to lonlat (360x181) grid
cdo(1362) remapbil: Bilinear weights from lonlat (1440x721) to lonlat (360x181) grid
cdo(1434) remapbil: Bilinear weights from lonlat (1440x721) to lonlat (360x181) grid
cdo(450) remapbil: Bilinear weights from lonlat (1440x721) to lonlat (360x181) grid
cdo(686) remapbil: Bilinear weights from lonlat (1440x721) to lonlat (360x181) grid
cdo(1030) remapbil: Bilinear weights from lonlat (1440x721) to lonlat (360x181) grid
cdo(1206) remapbil: Bilinear weights from lonlat (1440x721) to lonlat (360x181) grid
cdo(1198) remapbil: Bilinear weights from lonlat (1440x721) to lonlat (360x181) grid
cdo(622) remapbil: Bilinear weights from lonlat (1440x721) to lonlat (360x181) grid
cdo(1286) remapbil: Bilinear weights from lonlat (1440x721) to lonlat (360x181) grid
cdo(222) remapbil: Bilinear weights from lonlat (1440x721) to lonlat (360x181) grid
cdo(546) remapbil: Bilinear weights from lonlat (1440x721) to lonlat (360x181) grid
cdo(578) remapbil: Bilinear weights from lonlat (1440x721) to lonlat (360x181) grid
cdo(1046) remapbil: Bilinear weights from lonlat (1440x721) to lonlat (360x181) grid
cdo(842) remapbil: Bilinear weights from lonlat (1440x721) to lonlat (360x181) grid
cdo(834) remapbil: Bilinear weights from lonlat (1440x721) to lonlat (360x181) grid
cdo(1190) remapbil: Bilinear weights from lonlat (1440x721) to lonlat (360x181) grid
cdo(1346) remapbil: Bilinear weights from lonlat (1440x721) to lonlat (360x181) grid
cdo(1034) remapbil: Bilinear weights from lonlat (1440x721) to lonlat (360x181) grid
cdo(1266) remapbil: Bilinear weights from lonlat (1440x721) to lonlat (360x181) grid
cdo(1426) remapbil: Bilinear weights from lonlat (1440x721) to lonlat (360x181) grid
cdo(254) remapbil: Bilinear weights from lonlat (1440x721) to lonlat (360x181) grid
cdo(438) remapbil: Bilinear weights from lonlat (1440x721) to lonlat (360x181) grid
cdo(1026) remapbil: Bilinear weights from lonlat (1440x721) to lonlat (360x181) grid
cdo(994) remapbil: Bilinear weights from lonlat (1440x721) to lonlat (360x181) grid
cdo(738) remapbil: Bilinear weights from lonlat (1440x721) to lonlat (360x181) grid
cdo(766) remapbil: Bilinear weights from lonlat (1440x721) to lonlat (360x181) grid
cdo(978) remapbil: Bilinear weights from lonlat (1440x721) to lonlat (360x181) grid
cdo(1050) remapbil: Bilinear weights from lonlat (1440x721) to lonlat (360x181) grid
cdo(966) remapbil: Bilinear weights from lonlat (1440x721) to lonlat (360x181) grid
cdo(1138) remapbil: Bilinear weights from lonlat (1440x721) to lonlat (360x181) grid
cdo(542) remapbil: Bilinear weights from lonlat (1440x721) to lonlat (360x181) grid
cdo(846) remapbil: Bilinear weights from lonlat (1440x721) to lonlat (360x181) grid
cdo(1298) remapbil: Bilinear weights from lonlat (1440x721) to lonlat (360x181) grid
cdo(138) remapbil: Bilinear weights from lonlat (1440x721) to lonlat (360x181) grid
cdo(1350) remapbil: Bilinear weights from lonlat (1440x721) to lonlat (360x181) grid
cdo(886) remapbil: Bilinear weights from lonlat (1440x721) to lonlat (360x181) grid
cdo(1062) remapbil: Bilinear weights from lonlat (1440x721) to lonlat (360x181) grid
cdo(502) remapbil: Bilinear weights from lonlat (1440x721) to lonlat (360x181) grid
cdo(478) remapbil: Bilinear weights from lonlat (1440x721) to lonlat (360x181) grid
cdo(358) remapbil: Bilinear weights from lonlat (1440x721) to lonlat (360x181) grid
cdo(1294) remapbil: Bilinear weights from lonlat (1440x721) to lonlat (360x181) grid
cdo(1074) remapbil: Bilinear weights from lonlat (1440x721) to lonlat (360x181) grid
cdo(1166) remapbil: Bilinear weights from lonlat (1440x721) to lonlat (360x181) grid
cdo(602) remapbil: Bilinear weights from lonlat (1440x721) to lonlat (360x181) grid
cdo(382) remapbil: Bilinear weights from lonlat (1440x721) to lonlat (360x181) grid
cdo(334) remapbil: Bilinear weights from lonlat (1440x721) to lonlat (360x181) grid
cdo(778) remapbil: Bilinear weights from lonlat (1440x721) to lonlat (360x181) grid
cdo(406) remapbil: Bilinear weights from lonlat (1440x721) to lonlat (360x181) grid
cdo(718) remapbil: Bilinear weights from lonlat (1440x721) to lonlat (360x181) grid
cdo(306) remapbil: Bilinear weights from lonlat (1440x721) to lonlat (360x181) grid
cdo(342) remapbil: Bilinear weights from lonlat (1440x721) to lonlat (360x181) grid
cdo(442) remapbil: Bilinear weights from lonlat (1440x721) to lonlat (360x181) grid
cdo(702) remapbil: Bilinear weights from lonlat (1440x721) to lonlat (360x181) grid
cdo(754) remapbil: Bilinear weights from lonlat (1440x721) to lonlat (360x181) grid
cdo(1414) remapbil: Bilinear weights from lonlat (1440x721) to lonlat (360x181) grid
cdo(802) remapbil: Bilinear weights from lonlat (1440x721) to lonlat (360x181) grid
cdo(730) remapbil: Bilinear weights from lonlat (1440x721) to lonlat (360x181) grid
cdo(722) remapbil: Bilinear weights from lonlat (1440x721) to lonlat (360x181) grid
cdo(1334) remapbil: Bilinear weights from lonlat (1440x721) to lonlat (360x181) grid
cdo(750) remapbil: Bilinear weights from lonlat (1440x721) to lonlat (360x181) grid
cdo(898) remapbil: Bilinear weights from lonlat (1440x721) to lonlat (360x181) grid
cdo(1230) remapbil: Bilinear weights from lonlat (1440x721) to lonlat (360x181) grid
cdo(1086) remapbil: Bilinear weights from lonlat (1440x721) to lonlat (360x181) grid
cdo(1098) remapbil: Bilinear weights from lonlat (1440x721) to lonlat (360x181) grid
cdo(354) remapbil: Bilinear weights from lonlat (1440x721) to lonlat (360x181) grid
cdo(1182) remapbil: Bilinear weights from lonlat (1440x721) to lonlat (360x181) grid
cdo(746) remapbil: Bilinear weights from lonlat (1440x721) to lonlat (360x181) grid
cdo(1158) remapbil: Bilinear weights from lonlat (1440x721) to lonlat (360x181) grid
cdo(1114) remapbil: Bilinear weights from lonlat (1440x721) to lonlat (360x181) grid
cdo(422) remapbil: Bilinear weights from lonlat (1440x721) to lonlat (360x181) grid
cdo(838) remapbil: Bilinear weights from lonlat (1440x721) to lonlat (360x181) grid
cdo(710) remapbil: Bilinear weights from lonlat (1440x721) to lonlat (360x181) grid
cdo(882) remapbil: Bilinear weights from lonlat (1440x721) to lonlat (360x181) grid
cdo(938) remapbil: Bilinear weights from lonlat (1440x721) to lonlat (360x181) grid
cdo(1402) remapbil: Bilinear weights from lonlat (1440x721) to lonlat (360x181) grid
cdo(1274) remapbil: Bilinear weights from lonlat (1440x721) to lonlat (360x181) grid
cdo(906) remapbil: Bilinear weights from lonlat (1440x721) to lonlat (360x181) grid
cdo(366) remapbil: Bilinear weights from lonlat (1440x721) to lonlat (360x181) grid
cdo(1282) remapbil: Bilinear weights from lonlat (1440x721) to lonlat (360x181) grid
cdo(530) remapbil: Bilinear weights from lonlat (1440x721) to lonlat (360x181) grid
cdo(446) remapbil: Bilinear weights from lonlat (1440x721) to lonlat (360x181) grid
cdo(490) remapbil: Bilinear weights from lonlat (1440x721) to lonlat (360x181) grid
cdo(922) remapbil: Bilinear weights from lonlat (1440x721) to lonlat (360x181) grid
cdo(1398) remapbil: Bilinear weights from lonlat (1440x721) to lonlat (360x181) grid
cdo(822) remapbil: Bilinear weights from lonlat (1440x721) to lonlat (360x181) grid
cdo(790) remapbil: Bilinear weights from lonlat (1440x721) to lonlat (360x181) grid
cdo(1162) remapbil: Bilinear weights from lonlat (1440x721) to lonlat (360x181) grid
cdo(878) remapbil: Bilinear weights from lonlat (1440x721) to lonlat (360x181) grid
cdo(930) remapbil: Bilinear weights from lonlat (1440x721) to lonlat (360x181) grid
cdo(550) remapbil: Bilinear weights from lonlat (1440x721) to lonlat (360x181) grid
cdo(742) remapbil: Bilinear weights from lonlat (1440x721) to lonlat (360x181) grid
cdo(1390) remapbil: Bilinear weights from lonlat (1440x721) to lonlat (360x181) grid
cdo(610) remapbil: Bilinear weights from lonlat (1440x721) to lonlat (360x181) grid
cdo(914) remapbil: Bilinear weights from lonlat (1440x721) to lonlat (360x181) grid
cdo(674) remapbil: Bilinear weights from lonlat (1440x721) to lonlat (360x181) grid
cdo(638) remapbil: Bilinear weights from lonlat (1440x721) to lonlat (360x181) grid
cdo(1214) remapbil: Bilinear weights from lonlat (1440x721) to lonlat (360x181) grid
cdo(94) remapbil: Bilinear weights from lonlat (1440x721) to lonlat (360x181) grid
cdo(894) remapbil: Bilinear weights from lonlat (1440x721) to lonlat (360x181) grid
cdo(386) remapbil: Bilinear weights from lonlat (1440x721) to lonlat (360x181) grid
cdo(118) remapbil: Bilinear weights from lonlat (1440x721) to lonlat (360x181) grid
cdo(1314) remapbil: Bilinear weights from lonlat (1440x721) to lonlat (360x181) grid
cdo(706) remapbil: Bilinear weights from lonlat (1440x721) to lonlat (360x181) grid
cdo(258) remapbil: Bilinear weights from lonlat (1440x721) to lonlat (360x181) grid
cdo(890) remapbil: Bilinear weights from lonlat (1440x721) to lonlat (360x181) grid
cdo(558) remapbil: Bilinear weights from lonlat (1440x721) to lonlat (360x181) grid
cdo(562) remapbil: Bilinear weights from lonlat (1440x721) to lonlat (360x181) grid
cdo(126) remapbil: Bilinear weights from lonlat (1440x721) to lonlat (360x181) grid
cdo(910) remapbil: Bilinear weights from lonlat (1440x721) to lonlat (360x181) grid
cdo(346) remapbil: Bilinear weights from lonlat (1440x721) to lonlat (360x181) grid
cdo(866) remapbil: Bilinear weights from lonlat (1440x721) to lonlat (360x181) grid
cdo(158) remapbil: Bilinear weights from lonlat (1440x721) to lonlat (360x181) grid
cdo(250) remapbil: Bilinear weights from lonlat (1440x721) to lonlat (360x181) grid
cdo(510) remapbil: Bilinear weights from lonlat (1440x721) to lonlat (360x181) grid
cdo(314) remapbil: Bilinear weights from lonlat (1440x721) to lonlat (360x181) grid
cdo(1310) remapbil: Bilinear weights from lonlat (1440x721) to lonlat (360x181) grid
cdo(570) remapbil: Bilinear weights from lonlat (1440x721) to lonlat (360x181) grid
cdo(474) remapbil: Bilinear weights from lonlat (1440x721) to lonlat (360x181) grid
cdo(1186) remapbil: Bilinear weights from lonlat (1440x721) to lonlat (360x181) grid
cdo(1410) remapbil: Bilinear weights from lonlat (1440x721) to lonlat (360x181) grid
cdo(594) remapbil: Bilinear weights from lonlat (1440x721) to lonlat (360x181) grid
cdo(698) remapbil: Bilinear weights from lonlat (1440x721) to lonlat (360x181) grid
cdo(1178) remapbil: Bilinear weights from lonlat (1440x721) to lonlat (360x181) grid
cdo(798) remapbil: Bilinear weights from lonlat (1440x721) to lonlat (360x181) grid
cdo(666) remapbil: Bilinear weights from lonlat (1440x721) to lonlat (360x181) grid
cdo(1222) remapbil: Bilinear weights from lonlat (1440x721) to lonlat (360x181) grid
cdo(1354) remapbil: Bilinear weights from lonlat (1440x721) to lonlat (360x181) grid
cdo(1174) remapbil: Bilinear weights from lonlat (1440x721) to lonlat (360x181) grid
cdo(166) remapbil: Bilinear weights from lonlat (1440x721) to lonlat (360x181) grid
cdo(1226) remapbil: Bilinear weights from lonlat (1440x721) to lonlat (360x181) grid
cdo(434) remapbil: Bilinear weights from lonlat (1440x721) to lonlat (360x181) grid
cdo(762) remapbil: Bilinear weights from lonlat (1440x721) to lonlat (360x181) grid
cdo(874) remapbil: Bilinear weights from lonlat (1440x721) to lonlat (360x181) grid
cdo(678) remapbil: Bilinear weights from lonlat (1440x721) to lonlat (360x181) grid
cdo(506) remapbil: Bilinear weights from lonlat (1440x721) to lonlat (360x181) grid
cdo(1406) remapbil: Bilinear weights from lonlat (1440x721) to lonlat (360x181) grid
cdo(426) remapbil: Bilinear weights from lonlat (1440x721) to lonlat (360x181) grid
cdo(634) remapbil: Bilinear weights from lonlat (1440x721) to lonlat (360x181) grid
cdo(1366) remapbil: Bilinear weights from lonlat (1440x721) to lonlat (360x181) grid
cdo(1386) remapbil: Bilinear weights from lonlat (1440x721) to lonlat (360x181) grid
cdo(758) remapbil: Bilinear weights from lonlat (1440x721) to lonlat (360x181) grid
cdo(630) remapbil: Bilinear weights from lonlat (1440x721) to lonlat (360x181) grid
cdo(982) remapbil: Bilinear weights from lonlat (1440x721) to lonlat (360x181) grid
cdo(850) remapbil: Bilinear weights from lonlat (1440x721) to lonlat (360x181) grid
cdo(326) remapbil: Bilinear weights from lonlat (1440x721) to lonlat (360x181) grid
cdo(918) remapbil: Bilinear weights from lonlat (1440x721) to lonlat (360x181) grid
cdo(1110) remapbil: Bilinear weights from lonlat (1440x721) to lonlat (360x181) grid
cdo(574) remapbil: Bilinear weights from lonlat (1440x721) to lonlat (360x181) grid
cdo(582) remapbil: Bilinear weights from lonlat (1440x721) to lonlat (360x181) grid
cdo(770) remapbil: Bilinear weights from lonlat (1440x721) to lonlat (360x181) grid
cdo(1234) remapbil: Bilinear weights from lonlat (1440x721) to lonlat (360x181) grid
cdo(642) remapbil: Bilinear weights from lonlat (1440x721) to lonlat (360x181) grid
cdo(714) remapbil: Bilinear weights from lonlat (1440x721) to lonlat (360x181) grid
cdo(670) remapbil: Bilinear weights from lonlat (1440x721) to lonlat (360x181) grid
cdo(974) remapbil: Bilinear weights from lonlat (1440x721) to lonlat (360x181) grid
cdo(1082) remapbil: Bilinear weights from lonlat (1440x721) to lonlat (360x181) grid
cdo(534) remapbil: Bilinear weights from lonlat (1440x721) to lonlat (360x181) grid
cdo(726) remapbil: Bilinear weights from lonlat (1440x721) to lonlat (360x181) grid
cdo(786) remapbil: Bilinear weights from lonlat (1440x721) to lonlat (360x181) grid
cdo(1246) remapbil: Bilinear weights from lonlat (1440x721) to lonlat (360x181) grid
cdo(494) remapbil: Bilinear weights from lonlat (1440x721) to lonlat (360x181) grid
cdo(1318) remapbil: Bilinear weights from lonlat (1440x721) to lonlat (360x181) grid
cdo(1338) remapbil: Bilinear weights from lonlat (1440x721) to lonlat (360x181) grid
cdo(662) remapbil: Bilinear weights from lonlat (1440x721) to lonlat (360x181) grid
cdo(1066) remapbil: Bilinear weights from lonlat (1440x721) to lonlat (360x181) grid
cdo(814) remapbil: Bilinear weights from lonlat (1440x721) to lonlat (360x181) grid
cdo(1326) remapbil: Bilinear weights from lonlat (1440x721) to lonlat (360x181) grid
cdo(774) remapbil: Bilinear weights from lonlat (1440x721) to lonlat (360x181) grid
cdo(1170) remapbil: Bilinear weights from lonlat (1440x721) to lonlat (360x181) grid
cdo(402) remapbil: Bilinear weights from lonlat (1440x721) to lonlat (360x181) grid
cdo(150) remapbil: Bilinear weights from lonlat (1440x721) to lonlat (360x181) grid
cdo(454) remapbil: Bilinear weights from lonlat (1440x721) to lonlat (360x181) grid
cdo(1370) remapbil: Bilinear weights from lonlat (1440x721) to lonlat (360x181) grid
cdo(1218) remapbil: Bilinear weights from lonlat (1440x721) to lonlat (360x181) grid
cdo(338) remapbil: Bilinear weights from lonlat (1440x721) to lonlat (360x181) grid
cdo(694) remapbil: Bilinear weights from lonlat (1440x721) to lonlat (360x181) grid
cdo(1126) remapbil: Bilinear weights from lonlat (1440x721) to lonlat (360x181) grid
cdo(1430) remapbil: Bilinear weights from lonlat (1440x721) to lonlat (360x181) grid
cdo(1142) remapbil: Bilinear weights from lonlat (1440x721) to lonlat (360x181) grid
cdo(810) remapbil: Bilinear weights from lonlat (1440x721) to lonlat (360x181) grid
cdo(1154) remapbil: Bilinear weights from lonlat (1440x721) to lonlat (360x181) grid
cdo(1150) remapbil: Bilinear weights from lonlat (1440x721) to lonlat (360x181) grid
cdo(586) remapbil: Bilinear weights from lonlat (1440x721) to lonlat (360x181) grid
cdo(194) remapbil: Bilinear weights from lonlat (1440x721) to lonlat (360x181) grid
cdo(238) remapbil: Bilinear weights from lonlat (1440x721) to lonlat (360x181) grid
cdo(654) remapbil: Bilinear weights from lonlat (1440x721) to lonlat (360x181) grid
cdo(470) remapbil: Bilinear weights from lonlat (1440x721) to lonlat (360x181) grid
cdo(374) remapbil: Bilinear weights from lonlat (1440x721) to lonlat (360x181) grid
cdo(122) remapbil: Bilinear weights from lonlat (1440x721) to lonlat (360x181) grid
cdo(1022) remapbil: Bilinear weights from lonlat (1440x721) to lonlat (360x181) grid
cdo(606) remapbil: Bilinear weights from lonlat (1440x721) to lonlat (360x181) grid
cdo(190) remapbil: Bilinear weights from lonlat (1440x721) to lonlat (360x181) grid
cdo(266) remapbil: Bilinear weights from lonlat (1440x721) to lonlat (360x181) grid
cdo(458) remapbil: Bilinear weights from lonlat (1440x721) to lonlat (360x181) grid
cdo(658) remapbil: Bilinear weights from lonlat (1440x721) to lonlat (360x181) grid
cdo(794) remapbil: Bilinear weights from lonlat (1440x721) to lonlat (360x181) grid
cdo(1134) remapbil: Bilinear weights from lonlat (1440x721) to lonlat (360x181) grid
cdo(1290) remapbil: Bilinear weights from lonlat (1440x721) to lonlat (360x181) grid
cdo(198) remapbil: Bilinear weights from lonlat (1440x721) to lonlat (360x181) grid
cdo(330) remapbil: Bilinear weights from lonlat (1440x721) to lonlat (360x181) grid
cdo(1118) remapbil: Bilinear weights from lonlat (1440x721) to lonlat (360x181) grid
cdo(1450) remapbil: Bilinear weights from lonlat (1440x721) to lonlat (360x181) grid
cdo(1378) remapbil: Bilinear weights from lonlat (1440x721) to lonlat (360x181) grid
cdo(782) remapbil: Bilinear weights from lonlat (1440x721) to lonlat (360x181) grid
cdo(858) remapbil: Bilinear weights from lonlat (1440x721) to lonlat (360x181) grid
cdo(282) remapbil: Bilinear weights from lonlat (1440x721) to lonlat (360x181) grid
cdo(1090) remapbil: Bilinear weights from lonlat (1440x721) to lonlat (360x181) grid
cdo(398) remapbil: Bilinear weights from lonlat (1440x721) to lonlat (360x181) grid
cdo(854) remapbil: Bilinear weights from lonlat (1440x721) to lonlat (360x181) grid
cdo(14) remapbil: Bilinear weights from lonlat (1440x721) to lonlat (360x181) grid
cdo(46) remapbil: Bilinear weights from lonlat (1440x721) to lonlat (360x181) grid
cdo(826) remapbil: Bilinear weights from lonlat (1440x721) to lonlat (360x181) grid
cdo(806) remapbil: Bilinear weights from lonlat (1440x721) to lonlat (360x181) grid
cdo(1262) remapbil: Bilinear weights from lonlat (1440x721) to lonlat (360x181) grid
cdo(38) remapbil: Bilinear weights from lonlat (1440x721) to lonlat (360x181) grid
cdo(142) remapbil: Bilinear weights from lonlat (1440x721) to lonlat (360x181) grid
cdo(322) remapbil: Bilinear weights from lonlat (1440x721) to lonlat (360x181) grid
cdo(30) remapbil: Bilinear weights from lonlat (1440x721) to lonlat (360x181) grid
cdo(554) remapbil: Bilinear weights from lonlat (1440x721) to lonlat (360x181) grid
cdo(294) remapbil: Bilinear weights from lonlat (1440x721) to lonlat (360x181) grid
cdo(370) remapbil: Bilinear weights from lonlat (1440x721) to lonlat (360x181) grid
cdo(934) remapbil: Bilinear weights from lonlat (1440x721) to lonlat (360x181) grid
cdo(242) remapbil: Bilinear weights from lonlat (1440x721) to lonlat (360x181) grid
cdo(1446) remapbil: Bilinear weights from lonlat (1440x721) to lonlat (360x181) grid
cdo(1342) remapbil: Bilinear weights from lonlat (1440x721) to lonlat (360x181) grid
cdo(1394) remapbil: Bilinear weights from lonlat (1440x721) to lonlat (360x181) grid
cdo(234) remapbil: Bilinear weights from lonlat (1440x721) to lonlat (360x181) grid
cdo(566) remapbil: Bilinear weights from lonlat (1440x721) to lonlat (360x181) grid
cdo(362) remapbil: Bilinear weights from lonlat (1440x721) to lonlat (360x181) grid
cdo(410) remapbil: Bilinear weights from lonlat (1440x721) to lonlat (360x181) grid
cdo(1250) remapbil: Bilinear weights from lonlat (1440x721) to lonlat (360x181) grid
cdo(230) remapbil: Bilinear weights from lonlat (1440x721) to lonlat (360x181) grid
cdo(1322) remapbil: Bilinear weights from lonlat (1440x721) to lonlat (360x181) grid
cdo(734) remapbil: Bilinear weights from lonlat (1440x721) to lonlat (360x181) grid
cdo(1094) remapbil: Bilinear weights from lonlat (1440x721) to lonlat (360x181) grid
cdo(1358) remapbil: Bilinear weigHDF5-DIAG: Error detected in HDF5 (1.14.6) thread 1:
  #000: /glade/derecho/scratch/csgteam/temp/spack/casper/25.10/builds/spack-stage-hdf5-1.14.6-yxbbh7ijmyzhoynz6tehvj6qrvldkoji/spack-src/src/H5F.c line 496 in H5Fis_accessible(): unable to determine if file is accessible as HDF5
    major: File accessibility
    minor: Not an HDF5 file
  #001: /glade/derecho/scratch/csgteam/temp/spack/casper/25.10/builds/spack-stage-hdf5-1.14.6-yxbbh7ijmyzhoynz6tehvj6qrvldkoji/spack-src/src/H5VLcallback.c line 3913 in H5VL_file_specific(): file specific failed
    major: Virtual Object Layer
    minor: Can't operate on object
  #002: /glade/derecho/scratch/csgteam/temp/spack/casper/25.10/builds/spack-stage-hdf5-1.14.6-yxbbh7ijmyzhoynz6tehvj6qrvldkoji/spack-src/src/H5VLcallback.c line 3848 in H5VL__file_specific(): file specific failed
    major: Virtual Object Layer
    minor: Can't operate on object
  #003: /glade/derecho/scratch/csgteam/temp/spack/casper/25.10/builds/spack-stage-hdf5-1.14.6-yxbbh7ijmyzhoynz6tehvj6qrvldkoji/spack-src/src/H5VLnative_file.c line 344 in H5VL__native_file_specific(): error in HDF5 file check
    major: File accessibility
    minor: Can't get value
  #004: /glade/derecho/scratch/csgteam/temp/spack/casper/25.10/builds/spack-stage-hdf5-1.14.6-yxbbh7ijmyzhoynz6tehvj6qrvldkoji/spack-src/src/H5Fint.c line 1055 in H5F__is_hdf5(): unable to open file
    major: File accessibility
    minor: Unable to initialize object
  #005: /glade/derecho/scratch/csgteam/temp/spack/casper/25.10/builds/spack-stage-hdf5-1.14.6-yxbbh7ijmyzhoynz6tehvj6qrvldkoji/spack-src/src/H5FD.c line 787 in H5FD_open(): can't open file
    major: Virtual File Layer
    minor: Unable to open file
  #006: /glade/derecho/scratch/csgteam/temp/spack/casper/25.10/builds/spack-stage-hdf5-1.14.6-yxbbh7ijmyzhoynz6tehvj6qrvldkoji/spack-src/src/H5FDsec2.c line 323 in H5FD__sec2_open(): unable to open file: name = '/glade/u/home/sressel/spencer-scratch/graphcast_input_data/daily_climatology/2002/u_component_of_wind.nc', errno = 2, error message = 'No such file or directory', flags = 0, o_flags = 0
    major: File accessibility
    minor: Unable to open file
hts from lonlat (1440x721) to lonlat (360x181) grid
cdo(1242) remapbil: Bilinear weights from lonlat (1440x721) to lonlat (360x181) grid
cdo(390) remapbil: Bilinear weights from lonlat (1440x721) to lonlat (360x181) grid
cdo(598) remapbil: Bilinear weights from lonlat (1440x721) to lonlat (360x181) grid
cdo(818) remapbil: Bilinear weights from lonlat (1440x721) to lonlat (360x181) grid
cdo(286) remapbil: Bilinear weights from lonlat (1440x721) to lonlat (360x181) grid
cdo(1102) remapbil: Bilinear weights from lonlat (1440x721) to lonlat (360x181) grid
cdo(318) remapbil: Bilinear weights from lonlat (1440x721) to lonlat (360x181) grid
cdo(518) remapbil: Bilinear weights from lonlat (1440x721) to lonlat (360x181) grid
cdo(942) remapbil: Bilinear weights from lonlat (1440x721) to lonlat (360x181) grid
cdo(514) remapbil: Bilinear weights from lonlat (1440x721) to lonlat (360x181) grid
cdo(538) remapbil: Bilinear weights from lonlat (1440x721) to lonlat (360x181) grid
cdo(378) remapbil: Bilinear weights from lonlat (1440x721) to lonlat (360x181) grid
cdo(1238) remapbil: Bilinear weights from lonlat (1440x721) to lonlat (360x181) grid
cdo(926) remapbil: Bilinear weights from lonlat (1440x721) to lonlat (360x181) grid
cdo(1054) remapbil: Bilinear weights from lonlat (1440x721) to lonlat (360x181) grid
cdo(1014) remapbil: Bilinear weights from lonlat (1440x721) to lonlat (360x181) grid
cdo(1146) remapbil: Bilinear weights from lonlat (1440x721) to lonlat (360x181) grid
cdo(646) remapbil: Bilinear weights from lonlat (1440x721) to lonlat (360x181) grid
cdo(394) remapbil: Bilinear weights from lonlat (1440x721) to lonlat (360x181) grid
cdo(1130) remapbil: Bilinear weights from lonlat (1440x721) to lonlat (360x181) grid
cdo(690) remapbil: Bilinear weights from lonlat (1440x721) to lonlat (360x181) grid
cdo(998) remapbil: Bilinear weights from lonlat (1440x721) to lonlat (360x181) grid
cdo(862) remapbil: Bilinear weights from lonlat (1440x721) to lonlat (360x181) grid
cdo(1458) remapbil: Bilinear weights from lonlat (1440x721) to lonlat (360x181) grid
2026-07-14 13:06:03 [INFO] Completed 2002/u_component_of_wind in 4166s
2026-07-14 13:06:03 [INFO] -- v_component_of_wind
HDF5-DIAG: Error detected in HDF5 (1.14.6) thread 1:
  #000: /glade/derecho/scratch/csgteam/temp/spack/casper/25.10/builds/spack-stage-hdf5-1.14.6-yxbbh7ijmyzhoynz6tehvj6qrvldkoji/spack-src/src/H5F.c line 496 in H5Fis_accessible(): unable to determine if file is accessible as HDF5
    major: File accessibility
    minor: Not an HDF5 file
  #001: /glade/derecho/scratch/csgteam/temp/spack/casper/25.10/builds/spack-stage-hdf5-1.14.6-yxbbh7ijmyzhoynz6tehvj6qrvldkoji/spack-src/src/H5VLcallback.c line 3913 in H5VL_file_specific(): file specific failed
    major: Virtual Object Layer
    minor: Can't operate on object
  #002: /glade/derecho/scratch/csgteam/temp/spack/casper/25.10/builds/spack-stage-hdf5-1.14.6-yxbbh7ijmyzhoynz6tehvj6qrvldkoji/spack-src/src/H5VLcallback.c line 3848 in H5VL__file_specific(): file specific failed
    major: Virtual Object Layer
    minor: Can't operate on object
  #003: /glade/derecho/scratch/csgteam/temp/spack/casper/25.10/builds/spack-stage-hdf5-1.14.6-yxbbh7ijmyzhoynz6tehvj6qrvldkoji/spack-src/src/H5VLnative_file.c line 344 in H5VL__native_file_specific(): error in HDF5 file check
    major: File accessibility
    minor: Can't get value
  #004: /glade/derecho/scratch/csgteam/temp/spack/casper/25.10/builds/spack-stage-hdf5-1.14.6-yxbbh7ijmyzhoynz6tehvj6qrvldkoji/spack-src/src/H5Fint.c line 1055 in H5F__is_hdf5(): unable to open file
    major: File accessibility
    minor: Unable to initialize object
  #005: /glade/derecho/scratch/csgteam/temp/spack/casper/25.10/builds/spack-stage-hdf5-1.14.6-yxbbh7ijmyzhoynz6tehvj6qrvldkoji/spack-src/src/H5FD.c line 787 in H5FD_open(): can't open file
    major: Virtual File Layer
    minor: Unable to open file
  #006: /glade/derecho/scratch/csgteam/temp/spack/casper/25.10/builds/spack-stage-hdf5-1.14.6-yxbbh7ijmyzhoynz6tehvj6qrvldkoji/spack-src/src/H5FDsec2.c line 323 in H5FD__sec2_open(): unable to open file: name = '/glade/u/home/sressel/spencer-scratch/graphcast_input_data/daily_climatology/2002/v_component_of_wind.nc', errno = 2, error message = 'No such file or directory', flags = 0, o_flags = 0
    major: File accessibility
    minor: Unable to open file
cdo(546) remapbil: Bilinear weights from lonlat (1440x721) to lonlat (360x181) grid
cdo(1162) remapbil: Bilinear weights from lonlat (1440x721) to lonlat (360x181) grid
cdo(890) remapbil: Bilinear weights from lonlat (1440x721) to lonlat (360x181) grid
cdo(374) remapbil: Bilinear weights from lonlat (1440x721) to lonlat (360x181) grid
cdo(1190) remapbil: Bilinear weights from lonlat (1440x721) to lonlat (360x181) grid
cdo(266) remapbil: Bilinear weights from lonlat (1440x721) to lonlat (360x181) grid
cdo(670) remapbil: Bilinear weights from lonlat (1440x721) to lonlat (360x181) grid
cdo(1422) remapbil: Bilinear weights from lonlat (1440x721) to lonlat (360x181) grid
cdo(586) remapbil: Bilinear weights from lonlat (1440x721) to lonlat (360x181) grid
cdo(1090) remapbil: Bilinear weights from lonlat (1440x721) to lonlat (360x181) grid
cdo(58) remapbil: Bilinear weights from lonlat (1440x721) to lonlat (360x181) grid
cdo(102) remapbil: Bilinear weights from lonlat (1440x721) to lonlat (360x181) grid
cdo(1202) remapbil: Bilinear weights from lonlat (1440x721) to lonlat (360x181) grid
cdo(86) remapbil: Bilinear weights from lonlat (1440x721) to lonlat (360x181) grid
cdo(1134) remapbil: Bilinear weights from lonlat (1440x721) to lonlat (360x181) grid
cdo(1086) remapbil: Bilinear weights from lonlat (1440x721) to lonlat (360x181) grid
cdo(422) remapbil: Bilinear weights from lonlat (1440x721) to lonlat (360x181) grid
cdo(218) remapbil: Bilinear weights from lonlat (1440x721) to lonlat (360x181) grid
cdo(762) remapbil: Bilinear weights from lonlat (1440x721) to lonlat (360x181) grid
cdo(918) remapbil: Bilinear weights from lonlat (1440x721) to lonlat (360x181) grid
cdo(682) remapbil: Bilinear weights from lonlat (1440x721) to lonlat (360x181) grid
cdo(1258) remapbil: Bilinear weights from lonlat (1440x721) to lonlat (360x181) grid
cdo(1066) remapbil: Bilinear weights from lonlat (1440x721) to lonlat (360x181) grid
cdo(1310) remapbil: Bilinear weights from lonlat (1440x721) to lonlat (360x181) grid
cdo(766) remapbil: Bilinear weights from lonlat (1440x721) to lonlat (360x181) grid
cdo(722) remapbil: Bilinear weights from lonlat (1440x721) to lonlat (360x181) grid
cdo(1106) remapbil: Bilinear weights from lonlat (1440x721) to lonlat (360x181) grid
cdo(526) remapbil: Bilinear weights from lonlat (1440x721) to lonlat (360x181) grid
cdo(238) remapbil: Bilinear weights from lonlat (1440x721) to lonlat (360x181) grid
cdo(718) remapbil: Bilinear weights from lonlat (1440x721) to lonlat (360x181) grid
cdo(690) remapbil: Bilinear weights from lonlat (1440x721) to lonlat (360x181) grid
cdo(1286) remapbil: Bilinear weights from lonlat (1440x721) to lonlat (360x181) grid
cdo(570) remapbil: Bilinear weights from lonlat (1440x721) to lonlat (360x181) grid
cdo(906) remapbil: Bilinear weights from lonlat (1440x721) to lonlat (360x181) grid
cdo(866) remapbil: Bilinear weights from lonlat (1440x721) to lonlat (360x181) grid
cdo(1038) remapbil: Bilinear weights from lonlat (1440x721) to lonlat (360x181) grid
cdo(746) remapbil: Bilinear weights from lonlat (1440x721) to lonlat (360x181) grid
cdo(1238) remapbil: Bilinear weights from lonlat (1440x721) to lonlat (360x181) grid
cdo(1230) remapbil: Bilinear weights from lonlat (1440x721) to lonlat (360x181) grid
cdo(482) remapbil: Bilinear weights from lonlat (1440x721) to lonlat (360x181) grid
cdo(398) remapbil: Bilinear weights from lonlat (1440x721) to lonlat (360x181) grid
cdo(786) remapbil: Bilinear weights from lonlat (1440x721) to lonlat (360x181) grid
cdo(1130) remapbil: Bilinear weights from lonlat (1440x721) to lonlat (360x181) grid
cdo(350) remapbil: Bilinear weights from lonlat (1440x721) to lonlat (360x181) grid
cdo(578) remapbil: Bilinear weights from lonlat (1440x721) to lonlat (360x181) grid
cdo(274) remapbil: Bilinear weights from lonlat (1440x721) to lonlat (360x181) grid
cdo(726) remapbil: Bilinear weights from lonlat (1440x721) to lonlat (360x181) grid
cdo(1222) remapbil: Bilinear weights from lonlat (1440x721) to lonlat (360x181) grid
cdo(426) remapbil: Bilinear weights from lonlat (1440x721) to lonlat (360x181) grid
cdo(1378) remapbil: Bilinear weights from lonlat (1440x721) to lonlat (360x181) grid
cdo(206) remapbil: Bilinear weights from lonlat (1440x721) to lonlat (360x181) grid
cdo(662) remapbil: Bilinear weights from lonlat (1440x721) to lonlat (360x181) grid
cdo(818) remapbil: Bilinear weights from lonlat (1440x721) to lonlat (360x181) grid
cdo(574) remapbil: Bilinear weights from lonlat (1440x721) to lonlat (360x181) grid
cdo(126) remapbil: Bilinear weights from lonlat (1440x721) to lonlat (360x181) grid
cdo(986) remapbil: Bilinear weights from lonlat (1440x721) to lonlat (360x181) grid
cdo(226) remapbil: Bilinear weights from lonlat (1440x721) to lonlat (360x181) grid
cdo(738) remapbil: Bilinear weights from lonlat (1440x721) to lonlat (360x181) grid
cdo(1410) remapbil: Bilinear weights from lonlat (1440x721) to lonlat (360x181) grid
cdo(602) remapbil: Bilinear weights from lonlat (1440x721) to lonlat (360x181) grid
cdo(290) remapbil: Bilinear weights from lonlat (1440x721) to lonlat (360x181) grid
cdo(1126) remapbil: Bilinear weights from lonlat (1440x721) to lonlat (360x181) grid
cdo(174) remapbil: Bilinear weights from lonlat (1440x721) to lonlat (360x181) grid
cdo(1210) remapbil: Bilinear weights from lonlat (1440x721) to lonlat (360x181) grid
cdo(1434) remapbil: Bilinear weights from lonlat (1440x721) to lonlat (360x181) grid
cdo(1094) remapbil: Bilinear weights from lonlat (1440x721) to lonlat (360x181) grid
cdo(1198) remapbil: Bilinear weights from lonlat (1440x721) to lonlat (360x181) grid
cdo(90) remapbil: Bilinear weights from lonlat (1440x721) to lonlat (360x181) grid
cdo(330) remapbil: Bilinear weights from lonlat (1440x721) to lonlat (360x181) grid
cdo(162) remapbil: Bilinear weights from lonlat (1440x721) to lonlat (360x181) grid
cdo(990) remapbil: Bilinear weights from lonlat (1440x721) to lonlat (360x181) grid
cdo(1186) remapbil: Bilinear weights from lonlat (1440x721) to lonlat (360x181) grid
cdo(642) remapbil: Bilinear weights from lonlat (1440x721) to lonlat (360x181) grid
cdo(306) remapbil: Bilinear weights from lonlat (1440x721) to lonlat (360x181) grid
cdo(782) remapbil: Bilinear weights from lonlat (1440x721) to lonlat (360x181) grid
cdo(474) remapbil: Bilinear weights from lonlat (1440x721) to lonlat (360x181) grid
cdo(518) remapbil: Bilinear weights from lonlat (1440x721) to lonlat (360x181) grid
cdo(1314) remapbil: Bilinear weights from lonlat (1440x721) to lonlat (360x181) grid
cdo(558) remapbil: Bilinear weights from lonlat (1440x721) to lonlat (360x181) grid
cdo(1254) remapbil: Bilinear weights from lonlat (1440x721) to lonlat (360x181) grid
cdo(442) remapbil: Bilinear weights from lonlat (1440x721) to lonlat (360x181) grid
cdo(1374) remapbil: Bilinear weights from lonlat (1440x721) to lonlat (360x181) grid
cdo(854) remapbil: Bilinear weights from lonlat (1440x721) to lonlat (360x181) grid
cdo(498) remapbil: Bilinear weights from lonlat (1440x721) to lonlat (360x181) grid
cdo(450) remapbil: Bilinear weights from lonlat (1440x721) to lonlat (360x181) grid
cdo(1058) remapbil: Bilinear weights from lonlat (1440x721) to lonlat (360x181) grid
cdo(1446) remapbil: Bilinear weights from lonlat (1440x721) to lonlat (360x181) grid
cdo(198) remapbil: Bilinear weights from lonlat (1440x721) to lonlat (360x181) grid
cdo(478) remapbil: Bilinear weights from lonlat (1440x721) to lonlat (360x181) grid
cdo(70) remapbil: Bilinear weights from lonlat (1440x721) to lonlat (360x181) grid
cdo(486) remapbil: Bilinear weights from lonlat (1440x721) to lonlat (360x181) grid
cdo(1270) remapbil: Bilinear weights from lonlat (1440x721) to lonlat (360x181) grid
cdo(958) remapbil: Bilinear weights from lonlat (1440x721) to lonlat (360x181) grid
cdo(542) remapbil: Bilinear weights from lonlat (1440x721) to lonlat (360x181) grid
cdo(978) remapbil: Bilinear weights from lonlat (1440x721) to lonlat (360x181) grid
cdo(770) remapbil: Bilinear weights from lonlat (1440x721) to lonlat (360x181) grid
cdo(462) remapbil: Bilinear weights from lonlat (1440x721) to lonlat (360x181) grid
cdo(194) remapbil: Bilinear weights from lonlat (1440x721) to lonlat (360x181) grid
cdo(806) remapbil: Bilinear weights from lonlat (1440x721) to lonlat (360x181) grid
cdo(454) remapbil: Bilinear weights from lonlat (1440x721) to lonlat (360x181) grid
cdo(1098) remapbil: Bilinear weights from lonlat (1440x721) to lonlat (360x181) grid
cdo(146) remapbil: Bilinear weights from lonlat (1440x721) to lonlat (360x181) grid
cdo(1278) remapbil: Bilinear weights from lonlat (1440x721) to lonlat (360x181) grid
cdo(1122) remapbil: Bilinear weights from lonlat (1440x721) to lonlat (360x181) grid
cdo(166) remapbil: Bilinear weights from lonlat (1440x721) to lonlat (360x181) grid
cdo(1074) remapbil: Bilinear weights from lonlat (1440x721) to lonlat (360x181) grid
cdo(922) remapbil: Bilinear weights from lonlat (1440x721) to lonlat (360x181) grid
cdo(378) remapbil: Bilinear weights from lonlat (1440x721) to lonlat (360x181) grid
cdo(106) remapbil: Bilinear weights from lonlat (1440x721) to lonlat (360x181) grid
cdo(1382) remapbil: Bilinear weights from lonlat (1440x721) to lonlat (360x181) grid
cdo(654) remapbil: Bilinear weights from lonlat (1440x721) to lonlat (360x181) grid
cdo(930) remapbil: Bilinear weights from lonlat (1440x721) to lonlat (360x181) grid
cdo(286) remapbil: Bilinear weights from lonlat (1440x721) to lonlat (360x181) grid
cdo(278) remapbil: Bilinear weights from lonlat (1440x721) to lonlat (360x181) grid
cdo(634) remapbil: Bilinear weights from lonlat (1440x721) to lonlat (360x181) grid
cdo(214) remapbil: Bilinear weights from lonlat (1440x721) to lonlat (360x181) grid
cdo(78) remapbil: Bilinear weights from lonlat (1440x721) to lonlat (360x181) grid
cdo(1206) remapbil: Bilinear weights from lonlat (1440x721) to lonlat (360x181) grid
cdo(466) remapbil: Bilinear weights from lonlat (1440x721) to lonlat (360x181) grid
cdo(742) remapbil: Bilinear weights from lonlat (1440x721) to lonlat (360x181) grid
cdo(14) remapbil: Bilinear weights from lonlat (1440x721) to lonlat (360x181) grid
cdo(1138) remapbil: Bilinear weights from lonlat (1440x721) to lonlat (360x181) grid
cdo(446) remapbil: Bilinear weights from lonlat (1440x721) to lonlat (360x181) grid
cdo(966) remapbil: Bilinear weights from lonlat (1440x721) to lonlat (360x181) grid
cdo(1394) remapbil: Bilinear weights from lonlat (1440x721) to lonlat (360x181) grid
cdo(1450) remapbil: Bilinear weights from lonlat (1440x721) to lonlat (360x181) grid
cdo(222) remapbil: Bilinear weights from lonlat (1440x721) to lonlat (360x181) grid
cdo(458) remapbil: Bilinear weights from lonlat (1440x721) to lonlat (360x181) grid
cdo(1078) remapbil: Bilinear weights from lonlat (1440x721) to lonlat (360x181) grid
cdo(386) remapbil: Bilinear weights from lonlat (1440x721) to lonlat (360x181) grid
cdo(26) remapbil: Bilinear weights from lonlat (1440x721) to lonlat (360x181) grid
cdo(862) remapbil: Bilinear weights from lonlat (1440x721) to lonlat (360x181) grid
cdo(258) remapbil: Bilinear weights from lonlat (1440x721) to lonlat (360x181) grid
cdo(382) remapbil: Bilinear weights from lonlat (1440x721) to lonlat (360x181) grid
cdo(414) remapbil: Bilinear weights from lonlat (1440x721) to lonlat (360x181) grid
cdo(1338) remapbil: Bilinear weights from lonlat (1440x721) to lonlat (360x181) grid
cdo(338) remapbil: Bilinear weights from lonlat (1440x721) to lonlat (360x181) grid
cdo(650) remapbil: Bilinear weights from lonlat (1440x721) to lonlat (360x181) grid
cdo(962) remapbil: Bilinear weights from lonlat (1440x721) to lonlat (360x181) grid
cdo(158) remapbil: Bilinear weights from lonlat (1440x721) to lonlat (360x181) grid
cdo(1002) remapbil: Bilinear weights from lonlat (1440x721) to lonlat (360x181) grid
cdo(622) remapbil: Bilinear weights from lonlat (1440x721) to lonlat (360x181) grid
cdo(894) remapbil: Bilinear weights from lonlat (1440x721) to lonlat (360x181) grid
cdo(1166) remapbil: Bilinear weights from lonlat (1440x721) to lonlat (360x181) grid
cdo(522) remapbil: Bilinear weights from lonlat (1440x721) to lonlat (360x181) grid
cdo(1298) remapbil: Bilinear weights from lonlat (1440x721) to lonlat (360x181) grid
cdo(370) remapbil: Bilinear weights from lonlat (1440x721) to lonlat (360x181) grid
cdo(210) remapbil: Bilinear weights from lonlat (1440x721) to lonlat (360x181) grid
cdo(1042) remapbil: Bilinear weights from lonlat (1440x721) to lonlat (360x181) grid
cdo(1146) remapbil: Bilinear weights from lonlat (1440x721) to lonlat (360x181) grid
cdo(230) remapbil: Bilinear weights from lonlat (1440x721) to lonlat (360x181) grid
cdo(902) remapbil: Bilinear weights from lonlat (1440x721) to lonlat (360x181) grid
cdo(1118) remapbil: Bilinear weights from lonlat (1440x721) to lonlat (360x181) grid
cdo(1350) remapbil: Bilinear weights from lonlat (1440x721) to lonlat (360x181) grid
cdo(810) remapbil: Bilinear weights from lonlat (1440x721) to lonlat (360x181) grid
cdo(1406) remapbil: Bilinear weights from lonlat (1440x721) to lonlat (360x181) grid
cdo(246) remapbil: Bilinear weights from lonlat (1440x721) to lonlat (360x181) grid
cdo(1402) remapbil: Bilinear weights from lonlat (1440x721) to lonlat (360x181) grid
cdo(878) remapbil: Bilinear weights from lonlat (1440x721) to lonlat (360x181) grid
cdo(342) remapbil: Bilinear weights from lonlat (1440x721) to lonlat (360x181) grid
cdo(1246) remapbil: Bilinear weights from lonlat (1440x721) to lonlat (360x181) grid
cdo(74) remapbil: Bilinear weights from lonlat (1440x721) to lonlat (360x181) grid
cdo(830) remapbil: Bilinear weights from lonlat (1440x721) to lonlat (360x181) grid
cdo(1274) remapbil: Bilinear weights from lonlat (1440x721) to lonlat (360x181) grid
cdo(954) remapbil: Bilinear weights from lonlat (1440x721) to lonlat (360x181) grid
cdo(734) remapbil: Bilinear weights from lonlat (1440x721) to lonlat (360x181) grid
cdo(926) remapbil: Bilinear weights from lonlat (1440x721) to lonlat (360x181) grid
cdo(310) remapbil: Bilinear weights from lonlat (1440x721) to lonlat (360x181) grid
cdo(1018) remapbil: Bilinear weights from lonlat (1440x721) to lonlat (360x181) grid
cdo(134) remapbil: Bilinear weights from lonlat (1440x721) to lonlat (360x181) grid
cdo(678) remapbil: Bilinear weights from lonlat (1440x721) to lonlat (360x181) grid
cdo(154) remapbil: Bilinear weights from lonlat (1440x721) to lonlat (360x181) grid
cdo(1354) remapbil: Bilinear weights from lonlat (1440x721) to lonlat (360x181) grid
cdo(186) remapbil: Bilinear weights from lonlat (1440x721) to lonlat (360x181) grid
cdo(38) remapbil: Bilinear weights from lonlat (1440x721) to lonlat (360x181) grid
cdo(1014) remapbil: Bilinear weights from lonlat (1440x721) to lonlat (360x181) grid
cdo(802) remapbil: Bilinear weights from lonlat (1440x721) to lonlat (360x181) grid
cdo(850) remapbil: Bilinear weights from lonlat (1440x721) to lonlat (360x181) grid
cdo(1022) remapbil: Bilinear weights from lonlat (1440x721) to lonlat (360x181) grid
cdo(1082) remapbil: Bilinear weights from lonlat (1440x721) to lonlat (360x181) grid
cdo(1366) remapbil: Bilinear weights from lonlat (1440x721) to lonlat (360x181) grid
cdo(1062) remapbil: Bilinear weights from lonlat (1440x721) to lonlat (360x181) grid
cdo(94) remapbil: Bilinear weights from lonlat (1440x721) to lonlat (360x181) grid
cdo(1386) remapbil: Bilinear weights from lonlat (1440x721) to lonlat (360x181) grid
cdo(1294) remapbil: Bilinear weights from lonlat (1440x721) to lonlat (360x181) grid
cdo(42) remapbil: Bilinear weights from lonlat (1440x721) to lonlat (360x181) grid
cdo(886) remapbil: Bilinear weights from lonlat (1440x721) to lonlat (360x181) grid
cdo(314) remapbil: Bilinear weights from lonlat (1440x721) to lonlat (360x181) grid
cdo(390) remapbil: Bilinear weights from lonlat (1440x721) to lonlat (360x181) grid
cdo(838) remapbil: Bilinear weights from lonlat (1440x721) to lonlat (360x181) grid
cdo(282) remapbil: Bilinear weights from lonlat (1440x721) to lonlat (360x181) grid
cdo(490) remapbil: Bilinear weights from lonlat (1440x721) to lonlat (360x181) grid
cdo(406) remapbil: Bilinear weights from lonlat (1440x721) to lonlat (360x181) grid
cdo(178) remapbil: Bilinear weights from lonlat (1440x721) to lonlat (360x181) grid
cdo(1370) remapbil: Bilinear weights from lonlat (1440x721) to lonlat (360x181) grid
cdo(1430) remapbil: Bilinear weights from lonlat (1440x721) to lonlat (360x181) grid
cdo(494) remapbil: Bilinear weights from lonlat (1440x721) to lonlat (360x181) grid
cdo(686) remapbil: Bilinear weights from lonlat (1440x721) to lonlat (360x181) grid
cdo(882) remapbil: Bilinear weights from lonlat (1440x721) to lonlat (360x181) grid
cdo(430) remapbil: Bilinear weights from lonlat (1440x721) to lonlat (360x181) grid
cdo(250) remapbil: Bilinear weights from lonlat (1440x721) to lonlat (360x181) grid
cdo(702) remapbil: Bilinear weights from lonlat (1440x721) to lonlat (360x181) grid
cdo(1306) remapbil: Bilinear weights from lonlat (1440x721) to lonlat (360x181) grid
cdo(1026) remapbil: Bilinear weights from lonlat (1440x721) to lonlat (360x181) grid
cdo(858) remapbil: Bilinear weights from lonlat (1440x721) to lonlat (360x181) grid
cdo(1390) remapbil: Bilinear weights from lonlat (1440x721) to lonlat (360x181) grid
cdo(434) remapbil: Bilinear weights from lonlat (1440x721) to lonlat (360x181) grid
cdo(1218) remapbil: Bilinear weights from lonlat (1440x721) to lonlat (360x181) grid
cdo(998) remapbil: Bilinear weights from lonlat (1440x721) to lonlat (360x181) grid
cdo(318) remapbil: Bilinear weights from lonlat (1440x721) to lonlat (360x181) grid
cdo(750) remapbil: Bilinear weights from lonlat (1440x721) to lonlat (360x181) grid
cdo(950) remapbil: Bilinear weights from lonlat (1440x721) to lonlat (360x181) grid
cdo(294) remapbil: Bilinear weights from lonlat (1440x721) to lonlat (360x181) grid
cdo(1330) remapbil: Bilinear weights from lonlat (1440x721) to lonlat (360x181) grid
cdo(1178) remapbil: Bilinear weights from lonlat (1440x721) to lonlat (360x181) grid
cdo(1290) remapbil: Bilinear weights from lonlat (1440x721) to lonlat (360x181) grid
cdo(118) remapbil: Bilinear weights from lonlat (1440x721) to lonlat (360x181) grid
cdo(182) remapbil: Bilinear weights from lonlat (1440x721) to lonlat (360x181) grid
cdo(114) remapbil: Bilinear weights from lonlat (1440x721) to lonlat (360x181) grid
cdo(10) remapbil: Bilinear weights from lonlat (1440x721) to lonlat (360x181) grid
cdo(638) remapbil: Bilinear weights from lonlat (1440x721) to lonlat (360x181) grid
cdo(914) remapbil: Bilinear weights from lonlat (1440x721) to lonlat (360x181) grid
cdo(706) remapbil: Bilinear weights from lonlat (1440x721) to lonlat (360x181) grid
cdo(846) remapbil: Bilinear weights from lonlat (1440x721) to lonlat (360x181) grid
cdo(714) remapbil: Bilinear weights from lonlat (1440x721) to lonlat (360x181) grid
cdo(334) remapbil: Bilinear weights from lonlat (1440x721) to lonlat (360x181) grid
cdo(534) remapbil: Bilinear weights from lonlat (1440x721) to lonlat (360x181) grid
cdo(626) remapbil: Bilinear weights from lonlat (1440x721) to lonlat (360x181) grid
cdo(1142) remapbil: Bilinear weights from lonlat (1440x721) to lonlat (360x181) grid
cdo(1102) remapbil: Bilinear weights from lonlat (1440x721) to lonlat (360x181) grid
cdo(582) remapbil: Bilinear weights from lonlat (1440x721) to lonlat (360x181) grid
cdo(1362) remapbil: Bilinear weights from lonlat (1440x721) to lonlat (360x181) grid
cdo(1414) remapbil: Bilinear weights from lonlat (1440x721) to lonlat (360x181) grid
cdo(1046) remapbil: Bilinear weights from lonlat (1440x721) to lonlat (360x181) grid
cdo(798) remapbil: Bilinear weights from lonlat (1440x721) to lonlat (360x181) grid
cdo(1050) remapbil: Bilinear weights from lonlat (1440x721) to lonlat (360x181) grid
cdo(1054) remapbil: Bilinear weights from lonlat (1440x721) to lonlat (360x181) grid
cdo(362) remapbil: Bilinear weights from lonlat (1440x721) to lonlat (360x181) grid
cdo(530) remapbil: Bilinear weights from lonlat (1440x721) to lonlat (360x181) grid
cdo(1070) remapbil: Bilinear weights from lonlat (1440x721) to lonlat (360x181) grid
cdo(1158) remapbil: Bilinear weights from lonlat (1440x721) to lonlat (360x181) grid
cdo(814) remapbil: Bilinear weights from lonlat (1440x721) to lonlat (360x181) grid
cdo(1242) remapbil: Bilinear weights from lonlat (1440x721) to lonlat (360x181) grid
cdo(566) remapbil: Bilinear weights from lonlat (1440x721) to lonlat (360x181) grid
cdo(46) remapbil: Bilinear weights from lonlat (1440x721) to lonlat (360x181) grid
cdo(974) remapbil: Bilinear weights from lonlat (1440x721) to lonlat (360x181) grid
cdo(1006) remapbil: Bilinear weights from lonlat (1440x721) to lonlat (360x181) grid
cdo(610) remapbil: Bilinear weights from lonlat (1440x721) to lonlat (360x181) grid
cdo(1174) remapbil: Bilinear weights from lonlat (1440x721) to lonlat (360x181) grid
cdo(1154) remapbil: Bilinear weights from lonlat (1440x721) to lonlat (360x181) grid
cdo(1182) remapbil: Bilinear weights from lonlat (1440x721) to lonlat (360x181) grid
cdo(346) remapbil: Bilinear weights from lonlat (1440x721) to lonlat (360x181) grid
cdo(110) remapbil: Bilinear weights from lonlat (1440x721) to lonlat (360x181) grid
cdo(30) remapbil: Bilinear weights from lonlat (1440x721) to lonlat (360x181) grid
cdo(898) remapbil: Bilinear weights from lonlat (1440x721) to lonlat (360x181) grid
cdo(1282) remapbil: Bilinear weights from lonlat (1440x721) to lonlat (360x181) grid
cdo(758) remapbil: Bilinear weights from lonlat (1440x721) to lonlat (360x181) grid
cdo(982) remapbil: Bilinear weights from lonlat (1440x721) to lonlat (360x181) grid
cdo(394) remapbil: Bilinear weights from lonlat (1440x721) to lonlat (360x181) grid
cdo(694) remapbil: Bilinear weights from lonlat (1440x721) to lonlat (360x181) grid
cdo(606) remapbil: Bilinear weights from lonlat (1440x721) to lonlat (360x181) grid
cdo(138) remapbil: Bilinear weights from lonlat (1440x721) to lonlat (360x181) grid
cdo(130) remapbil: Bilinear weights from lonlat (1440x721) to lonlat (360x181) grid
cdo(870) remapbil: Bilinear weights from lonlat (1440x721) to lonlat (360x181) grid
cdo(946) remapbil: Bilinear weights from lonlat (1440x721) to lonlat (360x181) grid
cdo(1262) remapbil: Bilinear weights from lonlat (1440x721) to lonlat (360x181) grid
cdo(910) remapbil: Bilinear weights from lonlat (1440x721) to lonlat (360x181) grid
cdo(1150) remapbil: Bilinear weights from lonlat (1440x721) to lonlat (360x181) grid
cdo(754) remapbil: Bilinear weights from lonlat (1440x721) to lonlat (360x181) grid
cdo(262) remapbil: Bilinear weights from lonlat (1440x721) to lonlat (360x181) grid
cdo(730) remapbil: Bilinear weights from lonlat (1440x721) to lonlat (360x181) grid
cdo(1442) remapbil: Bilinear weights from lonlat (1440x721) to lonlat (360x181) grid
cdo(1266) remapbil: Bilinear weights from lonlat (1440x721) to lonlat (360x181) grid
cdo(1234) remapbil: Bilinear weights from lonlat (1440x721) to lonlat (360x181) grid
cdo(22) remapbil: Bilinear weights from lonlat (1440x721) to lonlat (360x181) grid
cdo(54) remapbil: Bilinear weights from lonlat (1440x721) to lonlat (360x181) grid
cdo(1034) remapbil: Bilinear weights from lonlat (1440x721) to lonlat (360x181) grid
cdo(1326) remapbil: Bilinear weights from lonlat (1440x721) to lonlat (360x181) grid
cdo(598) remapbil: Bilinear weights from lonlat (1440x721) to lonlat (360x181) grid
cdo(2) remapbil: Bilinear weights from lonlat (1440x721) to lonlat (360x181) grid
cdo(1194) remapbil: Bilinear weights from lonlat (1440x721) to lonlat (360x181) grid
cdo(410) remapbil: Bilinear weights from lonlat (1440x721) to lonlat (360x181) grid
cdo(302) remapbil: Bilinear weights from lonlat (1440x721) to lonlat (360x181) grid
cdo(470) remapbil: Bilinear weights from lonlat (1440x721) to lonlat (360x181) grid
cdo(550) remapbil: Bilinear weights from lonlat (1440x721) to lonlat (360x181) grid
cdo(934) remapbil: Bilinear weights from lonlat (1440x721) to lonlat (360x181) grid
cdo(18) remapbil: Bilinear weights from lonlat (1440x721) to lonlat (360x181) grid
cdo(774) remapbil: Bilinear weights from lonlat (1440x721) to lonlat (360x181) grid
cdo(698) remapbil: Bilinear weights from lonlat (1440x721) to lonlat (360x181) grid
cdo(710) remapbil: Bilinear weights from lonlat (1440x721) to lonlat (360x181) grid
cdo(122) remapbil: Bilinear weights from lonlat (1440x721) to lonlat (360x181) grid
cdo(1030) remapbil: Bilinear weights from lonlat (1440x721) to lonlat (360x181) grid
cdo(1010) remapbil: Bilinear weights from lonlat (1440x721) to lonlat (360x181) grid
cdo(790) remapbil: Bilinear weights from lonlat (1440x721) to lonlat (360x181) grid
cdo(970) remapbil: Bilinear weights from lonlat (1440x721) to lonlat (360x181) grid
cdo(794) remapbil: Bilinear weights from lonlat (1440x721) to lonlat (360x181) grid
cdo(994) remapbil: Bilinear weights from lonlat (1440x721) to lonlat (360x181) grid
cdo(1170) remapbil: Bilinear weights from lonlat (1440x721) to lonlat (360x181) grid
cdo(1214) remapbil: Bilinear weights from lonlat (1440x721) to lonlat (360x181) grid
cdo(62) remapbil: Bilinear weights from lonlat (1440x721) to lonlat (360x181) grid
cdo(502) remapbil: Bilinear weights from lonlat (1440x721) to lonlat (360x181) grid
cdo(630) remapbil: Bilinear weights from lonlat (1440x721) to lonlat (360x181) grid
cdo(438) remapbil: Bilinear weights from lonlat (1440x721) to lonlat (360x181) grid
cdo(1418) remapbil: Bilinear weights from lonlat (1440x721) to lonlat (360x181) grid
cdo(150) remapbil: Bilinear weights from lonlat (1440x721) to lonlat (360x181) grid
cdo(658) remapbil: Bilinear weights from lonlat (1440x721) to lonlat (360x181) grid
cdo(778) remapbil: Bilinear weights from lonlat (1440x721) to lonlat (360x181) grid
cdo(50) remapbil: Bilinear weights from lonlat (1440x721) to lonlat (360x181) grid
cdo(1114) remapbil: Bilinear weights from lonlat (1440x721) to lonlat (360x181) grid
cdo(270) remapbil: Bilinear weights from lonlat (1440x721) to lonlat (360x181) grid
cdo(254) remapbil: Bilinear weights from lonlat (1440x721) to lonlat (360x181) grid
cdo(142) remapbil: Bilinear weights from lonlat (1440x721) to lonlat (360x181) grid
cdo(1398) remapbil: Bilinear weights from lonlat (1440x721) to lonlat (360x181) grid
cdo(510) remapbil: Bilinear weights from lonlat (1440x721) to lonlat (360x181) grid
cdo(618) remapbil: Bilinear weights from lonlat (1440x721) to lonlat (360x181) grid
cdo(242) remapbil: Bilinear weights from lonlat (1440x721) to lonlat (360x181) grid
cdo(298) remapbil: Bilinear weights from lonlat (1440x721) to lonlat (360x181) grid
cdo(1454) remapbil: Bilinear weights from lonlat (1440x721) to lonlat (360x181) grid
cdo(938) remapbil: Bilinear weights from lonlat (1440x721) to lonlat (360x181) grid
cdo(1318) remapbil: Bilinear weights from lonlat (1440x721) to lonlat (360x181) grid
cdo(1342) remapbil: Bilinear weights from lonlat (1440x721) to lonlat (360x181) grid
cdo(1426) remapbil: Bilinear weights from lonlat (1440x721) to lonlat (360x181) grid
cdo(666) remapbil: Bilinear weights from lonlat (1440x721) to lonlat (360x181) grid
cdo(1334) remapbil: Bilinear weights from lonlat (1440x721) to lonlat (360x181) grid
cdo(1358) remapbil: Bilinear weights from lonlat (1440x721) to lonlat (360x181) grid
cdo(402) remapbil: Bilinear weights from lonlat (1440x721) to lonlat (360x181) grid
cdo(842) remapbil: Bilinear weights from lonlat (1440x721) to lonlat (360x181) grid
cdo(6) remapbil: Bilinear weights from lonlat (1440x721) to lonlat (360x181) grid
cdo(66) remapbil: Bilinear weights from lonlat (1440x721) to lonlat (360x181) grid
cdo(538) remapbil: Bilinear weights from lonlat (1440x721) to lonlat (360x181) grid
cdo(590) remapbil: Bilinear weights from lonlat (1440x721) to lonlat (360x181) grid
cdo(614) remapbil: Bilinear weights from lonlat (1440x721) to lonlat (360x181) grid
cdo(594) remapbil: Bilinear weights from lonlat (1440x721) to lonlat (360x181) grid
cdo(1322) remapbil: Bilinear weights from lonlat (1440x721) to lonlat (360x181) grid
cdo(322) remapbil: Bilinear weights from lonlat (1440x721) to lonlat (360x181) grid
cdo(190) remapbil: Bilinear weights from lonlat (1440x721) to lonlat (360x181) grid
cdo(822) remapbil: Bilinear weights from lonlat (1440x721) to lonlat (360x181) grid
cdo(646) remapbil: Bilinear weights from lonlat (1440x721) to lonlat (360x181) grid
cdo(98) remapbil: Bilinear weights from lonlat (1440x721) to lonlat (360x181) grid
cdo(826) remapbil: Bilinear weights from lonlat (1440x721) to lonlat (360x181) grid
cdo(1110) remapbil: Bilinear 