2026-08-19 16:08:51,094 [INFO] Start date: 1986-06-01T00:00:00.000000000
2026-08-19 16:08:51,094 [INFO] End date: 1986-11-30T00:00:00.000000000
2026-08-19 16:08:51,097 [INFO] Starting data download script
2026-08-19 16:08:51,099 [INFO] Dates: 1986-06-01T00 : 1986-11-30T00
2026-08-19 16:08:51,101 [INFO] Graphcast data directory: /glade/u/home/sressel/spencer-scratch/graphcast_input_data/1986-06_1986-11
2026-08-19 16:08:51,101 [INFO] Surface level variables
2026-08-19 16:08:51,102 [INFO] 2m_temperature exists, skipping...
2026-08-19 16:08:51,102 [INFO] mean_sea_level_pressure exists, skipping...
2026-08-19 16:08:51,103 [INFO] 10m_u_component_of_wind exists, skipping...
2026-08-19 16:08:51,104 [INFO] 10m_v_component_of_wind exists, skipping...
2026-08-19 16:08:51,104 [INFO] Finished
2026-08-19 16:08:51,104 [INFO] Pressure Level Data
2026-08-19 16:08:51,105 [INFO] geopotential exists, skipping...
2026-08-19 16:08:51,105 [INFO] temperature exists, skipping...
2026-08-19 16:08:51,106 [INFO] u_component_of_wind exists, skipping...
2026-08-19 16:08:51,107 [INFO] v_component_of_wind exists, skipping...
2026-08-19 16:08:51,109 [INFO] specific_humidity exists, skipping...
2026-08-19 16:08:51,109 [INFO]   vertical_velocity
2026-08-19 16:08:51,129 [INFO]     Loading files...
2026-08-19 16:33:34,265 [INFO]     Output directory: /glade/u/home/sressel/spencer-scratch/graphcast_input_data/1986-06_1986-11
2026-08-19 16:33:34,645 [INFO]     Saving data...
2026-08-19 16:33:37,362 [INFO] Finished
2026-08-19 16:33:37,363 [INFO] Precipitation
2026-08-19 16:33:38,061 [INFO]     Downloading data...
2026-08-19 16:33:38,651 [INFO] Request ID is 6f652d87-1a14-4d2c-9f78-f4282e508905
2026-08-19 16:33:38,820 [INFO] status has been updated to accepted
2026-08-19 17:16:16,148 [INFO] status has been updated to running
2026-08-19 17:30:20,160 [INFO] status has been updated to successful
2026-08-19 17:30:20,606 [INFO] Downloading https://object-store.os-api.cci2.ecmwf.int:443/cci2-prod-cache-3/2026-08-19/a89ba1754d4f23b4d8d1595b5464464f.nc
2026-08-19 17:37:28,021 [INFO]     Regridding data...
2026-08-19 17:38:40,734 [INFO]     Output directory: /glade/u/home/sressel/spencer-scratch/graphcast_input_data/1986-06_1986-11
2026-08-19 17:38:40,734 [INFO]     Saving data...
2026-08-19 17:38:42,021 [INFO] Finished
2026-08-19 17:38:42,021 [INFO] TOA Solar Radiation
2026-08-19 17:38:42,623 [INFO]     Downloading data...
2026-08-19 17:38:43,301 [INFO] Request ID is 87801f41-3e63-481a-ba84-410b30f755fb
2026-08-19 17:38:43,535 [INFO] status has been updated to accepted
