2026-08-19 13:15:50,423 [INFO] Start date: 1985-10-01T00:00:00.000000000
2026-08-19 13:15:50,448 [INFO] End date: 1986-04-30T00:00:00.000000000
2026-08-19 13:15:50,454 [INFO] Starting data download script
2026-08-19 13:15:50,459 [INFO] Dates: 1985-10-01T00 : 1986-04-30T00
2026-08-19 13:15:50,461 [INFO] Creating output directory...
2026-08-19 13:15:50,466 [INFO] Graphcast data directory: /glade/u/home/sressel/spencer-scratch/graphcast_input_data/1985-10_1986-04
2026-08-19 13:15:50,467 [INFO] Surface level variables
2026-08-19 13:15:50,469 [INFO]   2m_temperature
2026-08-19 13:15:50,487 [INFO]     Loading files...
2026-08-19 13:21:14,233 [INFO]     Output directory: /glade/u/home/sressel/spencer-scratch/graphcast_input_data/1985-10_1986-04
2026-08-19 13:21:14,373 [INFO]     Saving data...
2026-08-19 13:21:14,699 [INFO]   mean_sea_level_pressure
2026-08-19 13:21:14,701 [INFO]     Loading files...
2026-08-19 13:26:13,024 [INFO]     Output directory: /glade/u/home/sressel/spencer-scratch/graphcast_input_data/1985-10_1986-04
2026-08-19 13:26:13,027 [INFO]     Saving data...
2026-08-19 13:26:13,360 [INFO]   10m_u_component_of_wind
2026-08-19 13:26:13,361 [INFO]     Loading files...
2026-08-19 13:31:56,543 [INFO]     Output directory: /glade/u/home/sressel/spencer-scratch/graphcast_input_data/1985-10_1986-04
2026-08-19 13:31:56,793 [INFO]     Saving data...
2026-08-19 13:31:57,124 [INFO]   10m_v_component_of_wind
2026-08-19 13:31:57,126 [INFO]     Loading files...
2026-08-19 13:37:38,670 [INFO]     Output directory: /glade/u/home/sressel/spencer-scratch/graphcast_input_data/1985-10_1986-04
2026-08-19 13:37:38,673 [INFO]     Saving data...
2026-08-19 13:37:38,995 [INFO] Finished
2026-08-19 13:37:38,996 [INFO] Pressure Level Data
2026-08-19 13:37:38,997 [INFO]   geopotential
2026-08-19 13:37:39,114 [INFO]     Loading files...
2026-08-19 14:04:31,564 [INFO]     Output directory: /glade/u/home/sressel/spencer-scratch/graphcast_input_data/1985-10_1986-04
2026-08-19 14:04:31,584 [INFO]     Saving data...
2026-08-19 14:04:34,240 [INFO]   temperature
2026-08-19 14:04:34,246 [INFO]     Loading files...
2026-08-19 14:31:51,282 [INFO]     Output directory: /glade/u/home/sressel/spencer-scratch/graphcast_input_data/1985-10_1986-04
2026-08-19 14:31:51,289 [INFO]     Saving data...
2026-08-19 14:31:53,927 [INFO]   u_component_of_wind
2026-08-19 14:31:53,933 [INFO]     Loading files...
2026-08-19 15:00:02,181 [INFO]     Output directory: /glade/u/home/sressel/spencer-scratch/graphcast_input_data/1985-10_1986-04
2026-08-19 15:00:02,185 [INFO]     Saving data...
2026-08-19 15:00:04,776 [INFO]   v_component_of_wind
2026-08-19 15:00:04,783 [INFO]     Loading files...
2026-08-19 15:28:33,846 [INFO]     Output directory: /glade/u/home/sressel/spencer-scratch/graphcast_input_data/1985-10_1986-04
2026-08-19 15:28:33,851 [INFO]     Saving data...
2026-08-19 15:28:36,488 [INFO]   specific_humidity
2026-08-19 15:28:36,495 [INFO]     Loading files...
