2026-08-19 16:09:31,792 [INFO] Start date: 1998-06-01T00:00:00.000000000
2026-08-19 16:09:31,793 [INFO] End date: 1998-12-31T00:00:00.000000000
2026-08-19 16:09:31,795 [INFO] Starting data download script
2026-08-19 16:09:31,797 [INFO] Dates: 1998-06-01T00 : 1998-12-31T00
2026-08-19 16:09:31,799 [INFO] Graphcast data directory: /glade/u/home/sressel/spencer-scratch/graphcast_input_data/1998-06_1998-12
2026-08-19 16:09:31,800 [INFO] Surface level variables
2026-08-19 16:09:31,800 [INFO] 2m_temperature exists, skipping...
2026-08-19 16:09:31,801 [INFO] mean_sea_level_pressure exists, skipping...
2026-08-19 16:09:31,802 [INFO] 10m_u_component_of_wind exists, skipping...
2026-08-19 16:09:31,802 [INFO] 10m_v_component_of_wind exists, skipping...
2026-08-19 16:09:31,802 [INFO] Finished
2026-08-19 16:09:31,802 [INFO] Pressure Level Data
2026-08-19 16:09:31,803 [INFO] geopotential exists, skipping...
2026-08-19 16:09:31,804 [INFO] temperature exists, skipping...
2026-08-19 16:09:31,804 [INFO] u_component_of_wind exists, skipping...
2026-08-19 16:09:31,805 [INFO] v_component_of_wind exists, skipping...
2026-08-19 16:09:31,805 [INFO]   specific_humidity
2026-08-19 16:09:31,824 [INFO]     Loading files...
2026-08-19 16:37:22,575 [INFO]     Output directory: /glade/u/home/sressel/spencer-scratch/graphcast_input_data/1998-06_1998-12
2026-08-19 16:37:22,581 [INFO]     Saving data...
2026-08-19 16:37:25,177 [INFO]   vertical_velocity
2026-08-19 16:37:25,182 [INFO]     Loading files...
2026-08-19 17:05:44,037 [INFO]     Output directory: /glade/u/home/sressel/spencer-scratch/graphcast_input_data/1998-06_1998-12
2026-08-19 17:05:44,051 [INFO]     Saving data...
2026-08-19 17:05:46,689 [INFO] Finished
2026-08-19 17:05:46,702 [INFO] Precipitation
2026-08-19 17:05:47,811 [INFO]     Downloading data...
2026-08-19 17:05:48,604 [INFO] Request ID is e2c8b658-a80d-433c-a72b-ade66fea9e9c
2026-08-19 17:05:48,764 [INFO] status has been updated to accepted
2026-08-19 17:06:12,051 [INFO] status has been updated to rejected
2026-08-19 17:06:13,054 [ERROR] Uncaught exception
Traceback (most recent call last):
  File "/glade/u/home/sressel/thesis-work/python/graphcast/get_data_for_graphcast.py", line 339, in <module>
    client.retrieve(dataset, request, target)
  File "/glade/work/sressel/conda-envs/modified-npl/lib/python3.12/site-packages/datapi/legacy_api_client.py", line 169, in retrieve
    submitted = self.client.submit_and_wait_on_results(
                ^^^^^^^^^^^^^^^^^^^^^^^^^^^^^^^^^^^^^^^
  File "/glade/work/sressel/conda-envs/modified-npl/lib/python3.12/site-packages/datapi/api_client.py", line 458, in submit_and_wait_on_results
    return self._retrieve_api.submit(collection_id, **request).make_results()
           ^^^^^^^^^^^^^^^^^^^^^^^^^^^^^^^^^^^^^^^^^^^^^^^^^^^^^^^^^^^^^^^^^^
  File "/glade/work/sressel/conda-envs/modified-npl/lib/python3.12/site-packages/datapi/processing.py", line 489, in make_results
    self._wait_on_results()
  File "/glade/work/sressel/conda-envs/modified-npl/lib/python3.12/site-packages/datapi/processing.py", line 467, in _wait_on_results
    while not self.results_ready:
              ^^^^^^^^^^^^^^^^^^
  File "/glade/work/sressel/conda-envs/modified-npl/lib/python3.12/site-packages/datapi/processing.py", line 485, in results_ready
    raise ProcessingFailedError(f"Unknown API state {status!r}")
datapi.processing.ProcessingFailedError: Unknown API state 'rejected'
