2026-08-20 17:23:44,120 [INFO] Start date: 1992-08-01T00:00:00.000000000
2026-08-20 17:23:44,121 [INFO] End date: 1992-12-31T00:00:00.000000000
2026-08-20 17:23:44,179 [INFO] Starting data download script
2026-08-20 17:23:44,425 [INFO] Dates: 1992-08-01T00 : 1992-12-31T00
2026-08-20 17:23:44,428 [INFO] Creating output directory...
2026-08-20 17:23:44,431 [INFO] Graphcast data directory: /glade/u/home/sressel/spencer-scratch/graphcast_input_data/1992-08_1992-12
2026-08-20 17:23:44,431 [INFO] Surface level variables
2026-08-20 17:23:44,447 [INFO]   2m_temperature
2026-08-20 17:23:44,461 [INFO]     Loading files...
2026-08-20 17:28:06,047 [INFO]     Output directory: /glade/u/home/sressel/spencer-scratch/graphcast_input_data/1992-08_1992-12
2026-08-20 17:28:06,063 [INFO]     Saving data...
2026-08-20 17:28:06,509 [INFO]   mean_sea_level_pressure
2026-08-20 17:28:06,511 [INFO]     Loading files...
2026-08-20 17:31:53,948 [INFO]     Output directory: /glade/u/home/sressel/spencer-scratch/graphcast_input_data/1992-08_1992-12
2026-08-20 17:31:53,951 [INFO]     Saving data...
2026-08-20 17:31:54,224 [INFO]   10m_u_component_of_wind
2026-08-20 17:31:54,225 [INFO]     Loading files...
2026-08-20 17:36:08,395 [INFO]     Output directory: /glade/u/home/sressel/spencer-scratch/graphcast_input_data/1992-08_1992-12
2026-08-20 17:36:08,398 [INFO]     Saving data...
2026-08-20 17:36:08,669 [INFO]   10m_v_component_of_wind
2026-08-20 17:36:08,670 [INFO]     Loading files...
2026-08-20 17:40:31,845 [INFO]     Output directory: /glade/u/home/sressel/spencer-scratch/graphcast_input_data/1992-08_1992-12
2026-08-20 17:40:31,848 [INFO]     Saving data...
2026-08-20 17:40:32,108 [INFO] Finished
2026-08-20 17:40:32,108 [INFO] Pressure Level Data
2026-08-20 17:40:32,109 [INFO]   geopotential
2026-08-20 17:40:32,122 [INFO]     Loading files...
