2026-08-19 13:14:24,368 [INFO] Start date: 1987-07-01T00:00:00.000000000
2026-08-19 13:14:24,368 [INFO] End date: 1987-12-31T00:00:00.000000000
2026-08-19 13:14:24,371 [INFO] Starting data download script
2026-08-19 13:14:24,373 [INFO] Dates: 1987-07-01T00 : 1987-12-31T00
2026-08-19 13:14:24,374 [INFO] Creating output directory...
2026-08-19 13:14:24,375 [INFO] Graphcast data directory: /glade/u/home/sressel/spencer-scratch/graphcast_input_data/1987-07_1987-12
2026-08-19 13:14:24,375 [INFO] Surface level variables
2026-08-19 13:14:24,380 [INFO]   2m_temperature
2026-08-19 13:14:24,393 [INFO]     Loading files...
2026-08-19 13:18:55,033 [INFO]     Output directory: /glade/u/home/sressel/spencer-scratch/graphcast_input_data/1987-07_1987-12
2026-08-19 13:18:55,039 [INFO]     Saving data...
2026-08-19 13:18:55,357 [INFO]   mean_sea_level_pressure
2026-08-19 13:18:55,359 [INFO]     Loading files...
2026-08-19 13:23:16,110 [INFO]     Output directory: /glade/u/home/sressel/spencer-scratch/graphcast_input_data/1987-07_1987-12
2026-08-19 13:23:16,110 [INFO]     Saving data...
2026-08-19 13:23:16,414 [INFO]   10m_u_component_of_wind
2026-08-19 13:23:16,416 [INFO]     Loading files...
2026-08-19 13:28:18,161 [INFO]     Output directory: /glade/u/home/sressel/spencer-scratch/graphcast_input_data/1987-07_1987-12
2026-08-19 13:28:18,166 [INFO]     Saving data...
2026-08-19 13:28:18,447 [INFO]   10m_v_component_of_wind
2026-08-19 13:28:18,448 [INFO]     Loading files...
2026-08-19 13:33:18,051 [INFO]     Output directory: /glade/u/home/sressel/spencer-scratch/graphcast_input_data/1987-07_1987-12
2026-08-19 13:33:18,055 [INFO]     Saving data...
2026-08-19 13:33:18,364 [INFO] Finished
2026-08-19 13:33:18,364 [INFO] Pressure Level Data
2026-08-19 13:33:18,365 [INFO]   geopotential
2026-08-19 13:33:18,383 [INFO]     Loading files...
2026-08-19 13:56:56,322 [INFO]     Output directory: /glade/u/home/sressel/spencer-scratch/graphcast_input_data/1987-07_1987-12
2026-08-19 13:56:56,322 [INFO]     Saving data...
2026-08-19 13:56:58,665 [INFO]   temperature
2026-08-19 13:56:58,671 [INFO]     Loading files...
2026-08-19 14:20:52,721 [INFO]     Output directory: /glade/u/home/sressel/spencer-scratch/graphcast_input_data/1987-07_1987-12
2026-08-19 14:20:52,721 [INFO]     Saving data...
2026-08-19 14:20:55,077 [INFO]   u_component_of_wind
2026-08-19 14:20:55,081 [INFO]     Loading files...
2026-08-19 14:45:36,106 [INFO]     Output directory: /glade/u/home/sressel/spencer-scratch/graphcast_input_data/1987-07_1987-12
2026-08-19 14:45:36,107 [INFO]     Saving data...
2026-08-19 14:45:38,567 [INFO]   v_component_of_wind
2026-08-19 14:45:38,572 [INFO]     Loading files...
2026-08-19 15:10:35,981 [INFO]     Output directory: /glade/u/home/sressel/spencer-scratch/graphcast_input_data/1987-07_1987-12
2026-08-19 15:10:35,988 [INFO]     Saving data...
2026-08-19 15:10:38,322 [INFO]   specific_humidity
2026-08-19 15:10:38,329 [INFO]     Loading files...
2026-08-19 15:34:45,009 [INFO]     Output directory: /glade/u/home/sressel/spencer-scratch/graphcast_input_data/1987-07_1987-12
2026-08-19 15:34:45,017 [INFO]     Saving data...
2026-08-19 15:34:47,453 [INFO]   vertical_velocity
2026-08-19 15:34:47,459 [INFO]     Loading files...
