2026-08-19 13:01:31,666 [INFO] Start date: 2021-11-01T00:00:00.000000000
2026-08-19 13:01:31,667 [INFO] End date: 2022-04-30T00:00:00.000000000
2026-08-19 13:01:31,762 [INFO] Starting data download script
2026-08-19 13:01:32,022 [INFO] Dates: 2021-11-01T00 : 2022-04-30T00
2026-08-19 13:01:32,025 [INFO] Creating output directory...
2026-08-19 13:01:32,028 [INFO] Graphcast data directory: /glade/u/home/sressel/spencer-scratch/graphcast_input_data/2021-11_2022-04
2026-08-19 13:01:32,028 [INFO] Surface level variables
2026-08-19 13:01:32,050 [INFO]   2m_temperature
2026-08-19 13:01:32,066 [INFO]     Loading files...
2026-08-19 13:06:31,530 [INFO]     Output directory: /glade/u/home/sressel/spencer-scratch/graphcast_input_data/2021-11_2022-04
2026-08-19 13:06:31,550 [INFO]     Saving data...
2026-08-19 13:06:32,077 [INFO]   mean_sea_level_pressure
2026-08-19 13:06:32,078 [INFO]     Loading files...
2026-08-19 13:11:05,776 [INFO]     Output directory: /glade/u/home/sressel/spencer-scratch/graphcast_input_data/2021-11_2022-04
2026-08-19 13:11:05,780 [INFO]     Saving data...
2026-08-19 13:11:06,081 [INFO]   10m_u_component_of_wind
2026-08-19 13:11:06,082 [INFO]     Loading files...
2026-08-19 13:16:04,770 [INFO]     Output directory: /glade/u/home/sressel/spencer-scratch/graphcast_input_data/2021-11_2022-04
2026-08-19 13:16:04,778 [INFO]     Saving data...
2026-08-19 13:16:05,096 [INFO]   10m_v_component_of_wind
2026-08-19 13:16:05,098 [INFO]     Loading files...
2026-08-19 13:21:13,117 [INFO]     Output directory: /glade/u/home/sressel/spencer-scratch/graphcast_input_data/2021-11_2022-04
2026-08-19 13:21:13,125 [INFO]     Saving data...
2026-08-19 13:21:13,487 [INFO] Finished
2026-08-19 13:21:13,487 [INFO] Pressure Level Data
2026-08-19 13:21:13,488 [INFO]   geopotential
2026-08-19 13:21:13,508 [INFO]     Loading files...
2026-08-19 13:44:26,631 [INFO]     Output directory: /glade/u/home/sressel/spencer-scratch/graphcast_input_data/2021-11_2022-04
2026-08-19 13:44:26,635 [INFO]     Saving data...
2026-08-19 13:44:28,944 [INFO]   temperature
2026-08-19 13:44:28,949 [INFO]     Loading files...
2026-08-19 14:08:04,434 [INFO]     Output directory: /glade/u/home/sressel/spencer-scratch/graphcast_input_data/2021-11_2022-04
2026-08-19 14:08:04,440 [INFO]     Saving data...
2026-08-19 14:08:06,920 [INFO]   u_component_of_wind
2026-08-19 14:08:06,926 [INFO]     Loading files...
2026-08-19 14:32:37,344 [INFO]     Output directory: /glade/u/home/sressel/spencer-scratch/graphcast_input_data/2021-11_2022-04
2026-08-19 14:32:37,349 [INFO]     Saving data...
2026-08-19 14:32:39,611 [INFO]   v_component_of_wind
2026-08-19 14:32:39,617 [INFO]     Loading files...
2026-08-19 14:57:10,377 [INFO]     Output directory: /glade/u/home/sressel/spencer-scratch/graphcast_input_data/2021-11_2022-04
2026-08-19 14:57:10,381 [INFO]     Saving data...
2026-08-19 14:57:12,637 [INFO]   specific_humidity
2026-08-19 14:57:12,643 [INFO]     Loading files...
2026-08-19 15:20:46,763 [INFO]     Output directory: /glade/u/home/sressel/spencer-scratch/graphcast_input_data/2021-11_2022-04
2026-08-19 15:20:46,767 [INFO]     Saving data...
2026-08-19 15:20:49,184 [INFO]   vertical_velocity
2026-08-19 15:20:49,191 [INFO]     Loading files...
