2026-08-20 11:53:52,772 [INFO] Start date: 1998-06-01T00:00:00.000000000
2026-08-20 11:53:52,773 [INFO] End date: 1998-12-31T00:00:00.000000000
2026-08-20 11:53:52,846 [INFO] Starting data download script
2026-08-20 11:53:53,121 [INFO] Dates: 1998-06-01T00 : 1998-12-31T00
2026-08-20 11:53:53,133 [INFO] Graphcast data directory: /glade/u/home/sressel/spencer-scratch/graphcast_input_data/1998-06_1998-12
2026-08-20 11:53:53,134 [INFO] Surface level variables
2026-08-20 11:53:53,135 [INFO] 2m_temperature exists, skipping...
2026-08-20 11:53:53,136 [INFO] mean_sea_level_pressure exists, skipping...
2026-08-20 11:53:53,136 [INFO] 10m_u_component_of_wind exists, skipping...
2026-08-20 11:53:53,137 [INFO] 10m_v_component_of_wind exists, skipping...
2026-08-20 11:53:53,137 [INFO] Finished
2026-08-20 11:53:53,137 [INFO] Pressure Level Data
2026-08-20 11:53:53,139 [INFO] geopotential exists, skipping...
2026-08-20 11:53:53,140 [INFO] temperature exists, skipping...
2026-08-20 11:53:53,140 [INFO] u_component_of_wind exists, skipping...
2026-08-20 11:53:53,142 [INFO] v_component_of_wind exists, skipping...
2026-08-20 11:53:53,142 [INFO] specific_humidity exists, skipping...
2026-08-20 11:53:53,143 [INFO] vertical_velocity exists, skipping...
2026-08-20 11:53:53,143 [INFO] Finished
2026-08-20 11:53:53,143 [INFO] Precipitation
2026-08-20 11:53:53,972 [INFO]     Downloading data...
2026-08-20 11:53:54,626 [INFO] Request ID is c0f7ebb9-e7bd-4963-a2c8-a80ffde03b58
2026-08-20 11:53:54,788 [INFO] status has been updated to accepted
2026-08-20 12:06:19,976 [INFO] status has been updated to successful
2026-08-20 12:06:20,964 [INFO] Downloading https://object-store.os-api.cci2.ecmwf.int:443/cci2-prod-cache-1/2026-08-20/479a98edc7a276f22e585948063b2a81.nc
2026-08-20 12:35:54,602 [INFO]     Regridding data...
2026-08-20 12:37:31,705 [INFO]     Output directory: /glade/u/home/sressel/spencer-scratch/graphcast_input_data/1998-06_1998-12
2026-08-20 12:37:31,709 [INFO]     Saving data...
2026-08-20 12:37:33,297 [INFO] Finished
2026-08-20 12:37:33,301 [INFO] TOA Solar Radiation
2026-08-20 12:37:33,887 [INFO]     Downloading data...
2026-08-20 12:37:34,501 [INFO] Request ID is 6b7d8590-fa50-411d-8712-8ada1d3acfca
2026-08-20 12:37:34,681 [INFO] status has been updated to accepted
2026-08-20 12:38:25,786 [INFO] status has been updated to running
2026-08-20 12:41:55,564 [INFO] status has been updated to successful
2026-08-20 12:41:55,909 [INFO] Downloading https://object-store.os-api.cci2.ecmwf.int:443/cci2-prod-cache-1/2026-08-20/2beef3d7231e7bfb1242823d6caeaef.nc
2026-08-20 12:47:40,606 [INFO]     Regridding data...
2026-08-20 12:47:52,935 [INFO]     Output directory: /glade/u/home/sressel/spencer-scratch/graphcast_input_data/1998-06_1998-12
2026-08-20 12:47:52,939 [INFO]     Saving data...
2026-08-20 12:47:53,466 [INFO] Geopotential at Surface
2026-08-20 12:47:53,533 [INFO] Land Sea Mask
2026-08-20 12:47:53,785 [INFO] Load all data into a single dataset
2026-08-20 12:47:54,743 [INFO]     Saving data...
2026-08-20 12:48:35,039 [INFO] All Finished
