2026-08-19 16:10:46,883 [INFO] Start date: 2016-06-01T00:00:00.000000000
2026-08-19 16:10:46,884 [INFO] End date: 2016-11-30T00:00:00.000000000
2026-08-19 16:10:46,889 [INFO] Starting data download script
2026-08-19 16:10:46,898 [INFO] Dates: 2016-06-01T00 : 2016-11-30T00
2026-08-19 16:10:46,900 [INFO] Graphcast data directory: /glade/u/home/sressel/spencer-scratch/graphcast_input_data/2016-06_2016-11
2026-08-19 16:10:46,900 [INFO] Surface level variables
2026-08-19 16:10:46,901 [INFO] 2m_temperature exists, skipping...
2026-08-19 16:10:46,902 [INFO] mean_sea_level_pressure exists, skipping...
2026-08-19 16:10:46,903 [INFO] 10m_u_component_of_wind exists, skipping...
2026-08-19 16:10:46,903 [INFO] 10m_v_component_of_wind exists, skipping...
2026-08-19 16:10:46,904 [INFO] Finished
2026-08-19 16:10:46,904 [INFO] Pressure Level Data
2026-08-19 16:10:46,904 [INFO] geopotential exists, skipping...
2026-08-19 16:10:46,905 [INFO] temperature exists, skipping...
2026-08-19 16:10:46,906 [INFO] u_component_of_wind exists, skipping...
2026-08-19 16:10:46,907 [INFO] v_component_of_wind exists, skipping...
2026-08-19 16:10:46,908 [INFO] specific_humidity exists, skipping...
2026-08-19 16:10:46,908 [INFO] vertical_velocity exists, skipping...
2026-08-19 16:10:46,908 [INFO] Finished
2026-08-19 16:10:46,909 [INFO] Precipitation
2026-08-19 16:10:46,909 [INFO]     precipitation file exists, skipping...
2026-08-19 16:10:46,909 [INFO] TOA Solar Radiation
2026-08-19 16:10:46,910 [INFO]     toa_incident_solar_radiation file exists, skipping...
2026-08-19 16:10:46,910 [INFO] Geopotential at Surface
2026-08-19 16:10:46,958 [INFO] Land Sea Mask
2026-08-19 16:10:47,003 [INFO] Load all data into a single dataset
2026-08-19 16:10:55,667 [ERROR] Uncaught exception
Traceback (most recent call last):
  File "/glade/work/sressel/conda-envs/modified-npl/lib/python3.12/site-packages/xarray/backends/file_manager.py", line 211, in _acquire_with_cache_info
    file = self._cache[self._key]
           ~~~~~~~~~~~^^^^^^^^^^^
  File "/glade/work/sressel/conda-envs/modified-npl/lib/python3.12/site-packages/xarray/backends/lru_cache.py", line 56, in __getitem__
    value = self._cache[key]
            ~~~~~~~~~~~^^^^^
KeyError: [<class 'netCDF4._netCDF4.Dataset'>, ('/glade/u/home/sressel/spencer-scratch/graphcast_input_data/2016-06_2016-11/total_precipitation_6hr.nc',), 'r', (('clobber', True), ('diskless', False), ('format', 'NETCDF4'), ('persist', False)), 'e9c2b80e-8119-4b38-ae03-c73d2a779b2a']

During handling of the above exception, another exception occurred:

Traceback (most recent call last):
  File "/glade/u/home/sressel/thesis-work/python/graphcast/get_data_for_graphcast.py", line 470, in <module>
    all_data = xr.open_mfdataset(f"{graphcast_data_directory}/*.nc")
               ^^^^^^^^^^^^^^^^^^^^^^^^^^^^^^^^^^^^^^^^^^^^^^^^^^^^^
  File "/glade/work/sressel/conda-envs/modified-npl/lib/python3.12/site-packages/xarray/backends/api.py", line 1611, in open_mfdataset
    datasets = [open_(p, **open_kwargs) for p in paths1d]
                ^^^^^^^^^^^^^^^^^^^^^^^
  File "/glade/work/sressel/conda-envs/modified-npl/lib/python3.12/site-packages/xarray/backends/api.py", line 679, in open_dataset
    backend_ds = backend.open_dataset(
                 ^^^^^^^^^^^^^^^^^^^^^
  File "/glade/work/sressel/conda-envs/modified-npl/lib/python3.12/site-packages/xarray/backends/netCDF4_.py", line 666, in open_dataset
    store = NetCDF4DataStore.open(
            ^^^^^^^^^^^^^^^^^^^^^^
  File "/glade/work/sressel/conda-envs/modified-npl/lib/python3.12/site-packages/xarray/backends/netCDF4_.py", line 452, in open
    return cls(manager, group=group, mode=mode, lock=lock, autoclose=autoclose)
           ^^^^^^^^^^^^^^^^^^^^^^^^^^^^^^^^^^^^^^^^^^^^^^^^^^^^^^^^^^^^^^^^^^^^
  File "/glade/work/sressel/conda-envs/modified-npl/lib/python3.12/site-packages/xarray/backends/netCDF4_.py", line 393, in __init__
    self.format = self.ds.data_model
                  ^^^^^^^
  File "/glade/work/sressel/conda-envs/modified-npl/lib/python3.12/site-packages/xarray/backends/netCDF4_.py", line 461, in ds
    return self._acquire()
           ^^^^^^^^^^^^^^^
  File "/glade/work/sressel/conda-envs/modified-npl/lib/python3.12/site-packages/xarray/backends/netCDF4_.py", line 455, in _acquire
    with self._manager.acquire_context(needs_lock) as root:
         ^^^^^^^^^^^^^^^^^^^^^^^^^^^^^^^^^^^^^^^^^
  File "/glade/work/sressel/conda-envs/modified-npl/lib/python3.12/contextlib.py", line 137, in __enter__
    return next(self.gen)
           ^^^^^^^^^^^^^^
  File "/glade/work/sressel/conda-envs/modified-npl/lib/python3.12/site-packages/xarray/backends/file_manager.py", line 199, in acquire_context
    file, cached = self._acquire_with_cache_info(needs_lock)
                   ^^^^^^^^^^^^^^^^^^^^^^^^^^^^^^^^^^^^^^^^^
  File "/glade/work/sressel/conda-envs/modified-npl/lib/python3.12/site-packages/xarray/backends/file_manager.py", line 217, in _acquire_with_cache_info
    file = self._opener(*self._args, **kwargs)
           ^^^^^^^^^^^^^^^^^^^^^^^^^^^^^^^^^^^
  File "src/netCDF4/_netCDF4.pyx", line 2521, in netCDF4._netCDF4.Dataset.__init__
  File "src/netCDF4/_netCDF4.pyx", line 2158, in netCDF4._netCDF4._ensure_nc_success
OSError: [Errno -101] NetCDF: HDF error: '/glade/u/home/sressel/spencer-scratch/graphcast_input_data/2016-06_2016-11/total_precipitation_6hr.nc'
