2026-08-19 16:10:53,620 [INFO] Start date: 2021-11-01T00:00:00.000000000
2026-08-19 16:10:53,620 [INFO] End date: 2022-04-30T00:00:00.000000000
2026-08-19 16:10:53,663 [INFO] Starting data download script
2026-08-19 16:10:53,791 [INFO] Dates: 2021-11-01T00 : 2022-04-30T00
2026-08-19 16:10:53,822 [INFO] Graphcast data directory: /glade/u/home/sressel/spencer-scratch/graphcast_input_data/2021-11_2022-04
2026-08-19 16:10:53,822 [INFO] Surface level variables
2026-08-19 16:10:53,824 [INFO] 2m_temperature exists, skipping...
2026-08-19 16:10:53,827 [INFO] mean_sea_level_pressure exists, skipping...
2026-08-19 16:10:53,834 [INFO] 10m_u_component_of_wind exists, skipping...
2026-08-19 16:10:53,840 [INFO] 10m_v_component_of_wind exists, skipping...
2026-08-19 16:10:53,840 [INFO] Finished
2026-08-19 16:10:53,840 [INFO] Pressure Level Data
2026-08-19 16:10:53,845 [INFO] geopotential exists, skipping...
2026-08-19 16:10:53,846 [INFO] temperature exists, skipping...
2026-08-19 16:10:53,847 [INFO] u_component_of_wind exists, skipping...
2026-08-19 16:10:53,848 [INFO] v_component_of_wind exists, skipping...
2026-08-19 16:10:53,849 [INFO] specific_humidity exists, skipping...
2026-08-19 16:10:53,850 [INFO]   vertical_velocity
2026-08-19 16:10:53,869 [INFO]     Loading files...
2026-08-19 16:35:08,353 [INFO]     Output directory: /glade/u/home/sressel/spencer-scratch/graphcast_input_data/2021-11_2022-04
2026-08-19 16:35:08,361 [INFO]     Saving data...
2026-08-19 16:35:10,814 [INFO] Finished
2026-08-19 16:35:10,814 [INFO] Precipitation
2026-08-19 16:35:11,473 [INFO]     Downloading data...
2026-08-19 16:35:12,116 [INFO] Request ID is 71a5fd3b-454e-47cc-bde7-cfd8675ba45d
2026-08-19 16:35:12,262 [INFO] status has been updated to accepted
2026-08-19 17:43:54,672 [INFO] status has been updated to running
2026-08-19 18:06:01,364 [INFO] status has been updated to successful
2026-08-19 18:06:01,939 [INFO] Downloading https://object-store.os-api.cci2.ecmwf.int:443/cci2-prod-cache-1/2026-08-19/9b6de95c818fa254071035ae949413fa.nc
2026-08-19 18:27:11,262 [INFO]     Regridding data...
2026-08-19 18:29:48,138 [INFO]     Output directory: /glade/u/home/sressel/spencer-scratch/graphcast_input_data/2021-11_2022-04
2026-08-19 18:29:48,139 [INFO]     Saving data...
2026-08-19 18:29:50,262 [INFO] Finished
2026-08-19 18:29:50,262 [INFO] TOA Solar Radiation
2026-08-19 18:29:50,866 [INFO]     Downloading data...
2026-08-19 18:29:51,481 [INFO] Request ID is 92d3f5d4-8214-43ad-96cd-97f92e635f8b
2026-08-19 18:29:51,644 [INFO] status has been updated to accepted
