2026-08-20 14:07:31,263 [INFO] Start date: 1993-07-01T00:00:00.000000000
2026-08-20 14:07:31,269 [INFO] End date: 1994-01-31T00:00:00.000000000
2026-08-20 14:07:31,274 [INFO] Starting data download script
2026-08-20 14:07:31,280 [INFO] Dates: 1993-07-01T00 : 1994-01-31T00
2026-08-20 14:07:31,282 [INFO] Graphcast data directory: /glade/u/home/sressel/spencer-scratch/graphcast_input_data/1993-07_1994-01
2026-08-20 14:07:31,282 [INFO] Surface level variables
2026-08-20 14:07:31,283 [INFO] 2m_temperature exists, skipping...
2026-08-20 14:07:31,284 [INFO] mean_sea_level_pressure exists, skipping...
2026-08-20 14:07:31,284 [INFO] 10m_u_component_of_wind exists, skipping...
2026-08-20 14:07:31,285 [INFO] 10m_v_component_of_wind exists, skipping...
2026-08-20 14:07:31,285 [INFO] Finished
2026-08-20 14:07:31,285 [INFO] Pressure Level Data
2026-08-20 14:07:31,286 [INFO] geopotential exists, skipping...
2026-08-20 14:07:31,287 [INFO] temperature exists, skipping...
2026-08-20 14:07:31,288 [INFO] u_component_of_wind exists, skipping...
2026-08-20 14:07:31,292 [INFO] v_component_of_wind exists, skipping...
2026-08-20 14:07:31,293 [INFO] specific_humidity exists, skipping...
2026-08-20 14:07:31,295 [INFO] vertical_velocity exists, skipping...
2026-08-20 14:07:31,296 [INFO] Finished
2026-08-20 14:07:31,296 [INFO] Precipitation
2026-08-20 14:07:31,954 [INFO]     Downloading data...
2026-08-20 14:07:33,815 [INFO] Request ID is 1aba6350-2a1c-41b2-b30d-587d4f9da051
2026-08-20 14:07:33,981 [INFO] status has been updated to accepted
2026-08-20 14:07:48,024 [INFO] status has been updated to running
2026-08-20 14:07:55,788 [INFO] status has been updated to successful
2026-08-20 14:07:56,087 [INFO] Downloading https://object-store.os-api.cci2.ecmwf.int:443/cci2-prod-cache-3/2026-08-20/eacfab46354bbb2e03e6e750dbf831b8.nc
2026-08-20 14:25:59,079 [INFO]     Regridding data...
2026-08-20 14:29:43,023 [INFO]     Output directory: /glade/u/home/sressel/spencer-scratch/graphcast_input_data/1993-07_1994-01
2026-08-20 14:29:43,023 [INFO]     Saving data...
2026-08-20 14:29:45,674 [INFO] Finished
2026-08-20 14:29:45,674 [INFO] TOA Solar Radiation
2026-08-20 14:29:46,271 [INFO]     Downloading data...
2026-08-20 14:29:46,979 [INFO] Request ID is a762e80a-0519-4b4a-b50d-35d0f0aaea67
2026-08-20 14:29:47,164 [INFO] status has been updated to accepted
2026-08-20 14:30:09,182 [INFO] status has been updated to running
2026-08-20 14:38:08,845 [INFO] status has been updated to successful
2026-08-20 14:38:10,539 [INFO] Downloading https://object-store.os-api.cci2.ecmwf.int:443/cci2-prod-cache-1/2026-08-20/164c162de740b3e1b47842c5179992ac.nc
2026-08-20 14:39:51,213 [INFO]     Regridding data...
2026-08-20 14:40:11,811 [INFO]     Output directory: /glade/u/home/sressel/spencer-scratch/graphcast_input_data/1993-07_1994-01
2026-08-20 14:40:11,811 [INFO]     Saving data...
2026-08-20 14:40:12,444 [INFO] Geopotential at Surface
2026-08-20 14:40:12,491 [INFO] Land Sea Mask
2026-08-20 14:40:12,531 [INFO] Load all data into a single dataset
2026-08-20 14:40:13,381 [INFO]     Saving data...
2026-08-20 14:41:43,068 [INFO] All Finished
