2026-08-20 17:02:34,576 [INFO] Start date: 1980-05-01T00:00:00.000000000
2026-08-20 17:02:34,578 [INFO] End date: 1980-10-31T00:00:00.000000000
2026-08-20 17:02:34,583 [INFO] Starting data download script
2026-08-20 17:02:34,587 [INFO] Dates: 1980-05-01T00 : 1980-10-31T00
2026-08-20 17:02:34,590 [INFO] Creating output directory...
2026-08-20 17:02:34,592 [INFO] Graphcast data directory: /glade/u/home/sressel/spencer-scratch/graphcast_input_data/1980-05_1980-10
2026-08-20 17:02:34,592 [INFO] Surface level variables
2026-08-20 17:02:34,595 [INFO]   2m_temperature
2026-08-20 17:02:34,615 [INFO]     Loading files...
2026-08-20 17:07:32,161 [INFO]     Output directory: /glade/u/home/sressel/spencer-scratch/graphcast_input_data/1980-05_1980-10
2026-08-20 17:07:32,179 [INFO]     Saving data...
2026-08-20 17:07:32,898 [INFO]   mean_sea_level_pressure
2026-08-20 17:07:32,900 [INFO]     Loading files...
2026-08-20 17:12:02,170 [INFO]     Output directory: /glade/u/home/sressel/spencer-scratch/graphcast_input_data/1980-05_1980-10
2026-08-20 17:12:02,171 [INFO]     Saving data...
2026-08-20 17:12:02,499 [INFO]   10m_u_component_of_wind
2026-08-20 17:12:02,500 [INFO]     Loading files...
2026-08-20 17:17:04,404 [INFO]     Output directory: /glade/u/home/sressel/spencer-scratch/graphcast_input_data/1980-05_1980-10
2026-08-20 17:17:04,406 [INFO]     Saving data...
2026-08-20 17:17:04,701 [INFO]   10m_v_component_of_wind
2026-08-20 17:17:04,702 [INFO]     Loading files...
2026-08-20 17:22:08,638 [INFO]     Output directory: /glade/u/home/sressel/spencer-scratch/graphcast_input_data/1980-05_1980-10
2026-08-20 17:22:08,642 [INFO]     Saving data...
2026-08-20 17:22:08,944 [INFO] Finished
2026-08-20 17:22:08,944 [INFO] Pressure Level Data
2026-08-20 17:22:08,945 [INFO]   geopotential
2026-08-20 17:22:08,960 [INFO]     Loading files...
2026-08-20 17:45:40,805 [INFO]     Output directory: /glade/u/home/sressel/spencer-scratch/graphcast_input_data/1980-05_1980-10
2026-08-20 17:45:40,810 [INFO]     Saving data...
2026-08-20 17:45:43,087 [INFO]   temperature
2026-08-20 17:45:43,092 [INFO]     Loading files...
