2026-07-22 18:27:56,134 [INFO] Start date: 2001-06-01T00:00:00.000000000
2026-07-22 18:27:56,134 [INFO] End date: 2001-12-31T00:00:00.000000000
2026-07-22 18:27:56,134 [INFO] Starting data download script
2026-07-22 18:27:56,453 [INFO] Dates: 2001-06-01T00 : 2001-12-31T00
2026-07-22 18:27:56,456 [INFO] Graphcast data directory: /glade/u/home/sressel/spencer-scratch/graphcast_input_data/2001-06_2001-12
2026-07-22 18:27:56,457 [INFO] Surface level variables
2026-07-22 18:27:56,458 [INFO] 2m_temperature exists, skipping...
2026-07-22 18:27:56,458 [INFO] mean_sea_level_pressure exists, skipping...
2026-07-22 18:27:56,460 [INFO] 10m_u_component_of_wind exists, skipping...
2026-07-22 18:27:56,460 [INFO] 10m_v_component_of_wind exists, skipping...
2026-07-22 18:27:56,460 [INFO] Finished
2026-07-22 18:27:56,460 [INFO] Pressure Level Data
2026-07-22 18:27:56,461 [INFO] geopotential exists, skipping...
2026-07-22 18:27:56,462 [INFO] temperature exists, skipping...
2026-07-22 18:27:56,463 [INFO] u_component_of_wind exists, skipping...
2026-07-22 18:27:56,463 [INFO] v_component_of_wind exists, skipping...
2026-07-22 18:27:56,464 [INFO] specific_humidity exists, skipping...
2026-07-22 18:27:56,464 [INFO] vertical_velocity exists, skipping...
2026-07-22 18:27:56,464 [INFO] Finished
2026-07-22 18:27:56,464 [INFO] Precipitation
2026-07-22 18:27:57,065 [INFO]     Downloading data...
2026-07-22 18:27:57,800 [INFO] Request ID is b2ae6163-0667-4022-87b0-5b55d750cf2c
2026-07-22 18:27:58,638 [INFO] status has been updated to accepted
2026-07-22 18:30:54,371 [INFO] status has been updated to successful
2026-07-22 18:30:54,711 [INFO] Downloading https://object-store.os-api.cci2.ecmwf.int:443/cci2-prod-cache-1/2026-07-22/85d1b4073983f5fec1668b95a0b3ddac.nc
2026-07-22 18:35:58,097 [INFO]     Regridding data...
2026-07-22 18:37:54,091 [ERROR] Uncaught exception
Traceback (most recent call last):
  File "/glade/u/home/sressel/thesis-work/python/graphcast/get_data_for_graphcast.py", line 283, in <module>
    regridded_precipitation = convert_time_to_ns(regridded_precipitation.sel(time=datetimes.sel(batch=0).values))
                                                                                  ^^^^^^^^^
NameError: name 'datetimes' is not defined. Did you mean: 'datetime'?
