2026-08-25 12:44:28,095 [INFO] Start date: 1993-01-01T00:00:00.000000000
2026-08-25 12:44:28,095 [INFO] End date: 1993-04-30T00:00:00.000000000
2026-08-25 12:44:28,101 [INFO] Starting data download script
2026-08-25 12:44:28,106 [INFO] Dates: 1993-01-01T00 : 1993-04-30T00
2026-08-25 12:44:28,108 [INFO] Creating output directory...
2026-08-25 12:44:28,110 [INFO] Graphcast data directory: /glade/u/home/sressel/spencer-scratch/graphcast_input_data/1993-01_1993-04
2026-08-25 12:44:28,110 [INFO] Surface level variables
2026-08-25 12:44:28,114 [INFO]   2m_temperature
2026-08-25 12:44:28,132 [INFO]     Loading files...
2026-08-25 12:47:50,945 [INFO]     Output directory: /glade/u/home/sressel/spencer-scratch/graphcast_input_data/1993-01_1993-04
2026-08-25 12:47:51,820 [INFO]     Saving data...
2026-08-25 12:47:52,951 [INFO]   mean_sea_level_pressure
2026-08-25 12:47:52,964 [INFO]     Loading files...
2026-08-25 12:51:05,131 [INFO]     Output directory: /glade/u/home/sressel/spencer-scratch/graphcast_input_data/1993-01_1993-04
2026-08-25 12:51:05,139 [INFO]     Saving data...
2026-08-25 12:51:05,456 [INFO]   10m_u_component_of_wind
2026-08-25 12:51:05,465 [INFO]     Loading files...
2026-08-25 12:54:43,889 [INFO]     Output directory: /glade/u/home/sressel/spencer-scratch/graphcast_input_data/1993-01_1993-04
2026-08-25 12:54:43,893 [INFO]     Saving data...
2026-08-25 12:54:44,145 [INFO]   10m_v_component_of_wind
2026-08-25 12:54:44,146 [INFO]     Loading files...
2026-08-25 12:58:17,190 [INFO]     Output directory: /glade/u/home/sressel/spencer-scratch/graphcast_input_data/1993-01_1993-04
2026-08-25 12:58:17,196 [INFO]     Saving data...
2026-08-25 12:58:17,471 [INFO] Finished
2026-08-25 12:58:17,471 [INFO] Pressure Level Data
2026-08-25 12:58:17,472 [INFO]   geopotential
2026-08-25 12:58:17,487 [INFO]     Loading files...
2026-08-25 13:14:07,131 [INFO]     Output directory: /glade/u/home/sressel/spencer-scratch/graphcast_input_data/1993-01_1993-04
2026-08-25 13:14:07,134 [INFO]     Saving data...
2026-08-25 13:14:08,687 [INFO]   temperature
2026-08-25 13:14:08,690 [INFO]     Loading files...
2026-08-25 13:30:10,992 [INFO]     Output directory: /glade/u/home/sressel/spencer-scratch/graphcast_input_data/1993-01_1993-04
2026-08-25 13:30:10,997 [INFO]     Saving data...
2026-08-25 13:30:12,622 [INFO]   u_component_of_wind
2026-08-25 13:30:12,625 [INFO]     Loading files...
2026-08-25 13:46:58,889 [INFO]     Output directory: /glade/u/home/sressel/spencer-scratch/graphcast_input_data/1993-01_1993-04
2026-08-25 13:46:58,893 [INFO]     Saving data...
2026-08-25 13:47:00,516 [INFO]   v_component_of_wind
2026-08-25 13:47:00,520 [INFO]     Loading files...
2026-08-25 14:04:51,586 [INFO]     Output directory: /glade/u/home/sressel/spencer-scratch/graphcast_input_data/1993-01_1993-04
2026-08-25 14:04:51,612 [INFO]     Saving data...
2026-08-25 14:04:53,260 [INFO]   specific_humidity
2026-08-25 14:04:53,264 [INFO]     Loading files...
2026-08-25 14:21:27,206 [INFO]     Output directory: /glade/u/home/sressel/spencer-scratch/graphcast_input_data/1993-01_1993-04
2026-08-25 14:21:27,208 [INFO]     Saving data...
2026-08-25 14:21:28,842 [INFO]   vertical_velocity
2026-08-25 14:21:28,845 [INFO]     Loading files...
2026-08-25 14:37:51,465 [INFO]     Output directory: /glade/u/home/sressel/spencer-scratch/graphcast_input_data/1993-01_1993-04
2026-08-25 14:37:51,468 [INFO]     Saving data...
2026-08-25 14:37:53,093 [INFO] Finished
2026-08-25 14:37:53,093 [INFO] Precipitation
2026-08-25 14:37:54,081 [INFO]     Downloading data...
2026-08-25 14:37:54,646 [INFO] Request ID is 15f9b657-3b5a-45ed-96c8-771ae6ac8204
2026-08-25 14:37:54,812 [INFO] status has been updated to accepted
2026-08-25 14:38:18,396 [INFO] status has been updated to running
2026-08-25 14:46:18,143 [INFO] status has been updated to successful
2026-08-25 14:46:19,150 [INFO] Downloading https://object-store.os-api.cci2.ecmwf.int:443/cci2-prod-cache-2/2026-08-25/b8505f4a243d856bb5962489622fc212.nc
2026-08-25 14:49:13,906 [INFO]     Regridding data...
2026-08-25 14:50:01,229 [INFO]     Output directory: /glade/u/home/sressel/spencer-scratch/graphcast_input_data/1993-01_1993-04
2026-08-25 14:50:01,229 [INFO]     Saving data...
2026-08-25 14:50:02,118 [INFO] Finished
2026-08-25 14:50:02,119 [INFO] TOA Solar Radiation
2026-08-25 14:50:02,939 [INFO]     Downloading data...
2026-08-25 14:50:03,507 [INFO] Request ID is b0009f01-6dec-4dae-a8bc-930fbbbdf5ac
2026-08-25 14:50:03,667 [INFO] status has been updated to accepted
2026-08-25 14:50:25,426 [INFO] status has been updated to running
2026-08-25 14:52:01,177 [INFO] status has been updated to successful
2026-08-25 14:52:01,510 [INFO] Downloading https://object-store.os-api.cci2.ecmwf.int:443/cci2-prod-cache-3/2026-08-25/59e75eec2041e56971fa4603bb941bcd.nc
2026-08-25 14:52:15,779 [INFO]     Regridding data...
2026-08-25 14:52:24,826 [INFO]     Output directory: /glade/u/home/sressel/spencer-scratch/graphcast_input_data/1993-01_1993-04
2026-08-25 14:52:24,828 [INFO]     Saving data...
2026-08-25 14:52:25,163 [INFO] Geopotential at Surface
2026-08-25 14:52:25,197 [INFO] Land Sea Mask
2026-08-25 14:52:25,231 [INFO] Load all data into a single dataset
2026-08-25 14:52:25,841 [INFO]     Saving data...
2026-08-25 14:52:42,548 [INFO] All Finished
