2026-08-25 11:46:38,929 [INFO] Start date: 1994-02-01T00:00:00.000000000
2026-08-25 11:46:38,930 [INFO] End date: 1994-04-30T00:00:00.000000000
2026-08-25 11:46:38,935 [INFO] Starting data download script
2026-08-25 11:46:38,939 [INFO] Dates: 1994-02-01T00 : 1994-04-30T00
2026-08-25 11:46:38,945 [INFO] Creating output directory...
2026-08-25 11:46:38,948 [INFO] Graphcast data directory: /glade/u/home/sressel/spencer-scratch/graphcast_input_data/1994-02_1994-04
2026-08-25 11:46:38,948 [INFO] Surface level variables
2026-08-25 11:46:38,957 [INFO]   2m_temperature
2026-08-25 11:46:38,974 [INFO]     Loading files...
2026-08-25 11:49:16,279 [INFO]     Output directory: /glade/u/home/sressel/spencer-scratch/graphcast_input_data/1994-02_1994-04
2026-08-25 11:49:16,297 [INFO]     Saving data...
2026-08-25 11:49:16,668 [INFO]   mean_sea_level_pressure
2026-08-25 11:49:16,669 [INFO]     Loading files...
2026-08-25 11:51:38,780 [INFO]     Output directory: /glade/u/home/sressel/spencer-scratch/graphcast_input_data/1994-02_1994-04
2026-08-25 11:51:38,807 [INFO]     Saving data...
2026-08-25 11:51:39,008 [INFO]   10m_u_component_of_wind
2026-08-25 11:51:39,009 [INFO]     Loading files...
2026-08-25 11:54:17,579 [INFO]     Output directory: /glade/u/home/sressel/spencer-scratch/graphcast_input_data/1994-02_1994-04
2026-08-25 11:54:17,580 [INFO]     Saving data...
2026-08-25 11:54:17,823 [INFO]   10m_v_component_of_wind
2026-08-25 11:54:17,824 [INFO]     Loading files...
2026-08-25 11:56:58,027 [INFO]     Output directory: /glade/u/home/sressel/spencer-scratch/graphcast_input_data/1994-02_1994-04
2026-08-25 11:56:58,028 [INFO]     Saving data...
2026-08-25 11:56:58,219 [INFO] Finished
2026-08-25 11:56:58,219 [INFO] Pressure Level Data
2026-08-25 11:56:58,220 [INFO]   geopotential
2026-08-25 11:56:58,234 [INFO]     Loading files...
2026-08-25 12:08:49,723 [INFO]     Output directory: /glade/u/home/sressel/spencer-scratch/graphcast_input_data/1994-02_1994-04
2026-08-25 12:08:49,727 [INFO]     Saving data...
2026-08-25 12:08:50,982 [INFO]   temperature
2026-08-25 12:08:50,984 [INFO]     Loading files...
2026-08-25 12:20:47,442 [INFO]     Output directory: /glade/u/home/sressel/spencer-scratch/graphcast_input_data/1994-02_1994-04
2026-08-25 12:20:47,450 [INFO]     Saving data...
2026-08-25 12:20:48,754 [INFO]   u_component_of_wind
2026-08-25 12:20:48,765 [INFO]     Loading files...
2026-08-25 12:33:07,207 [INFO]     Output directory: /glade/u/home/sressel/spencer-scratch/graphcast_input_data/1994-02_1994-04
2026-08-25 12:33:07,212 [INFO]     Saving data...
2026-08-25 12:33:08,399 [INFO]   v_component_of_wind
2026-08-25 12:33:08,402 [INFO]     Loading files...
2026-08-25 12:45:41,832 [INFO]     Output directory: /glade/u/home/sressel/spencer-scratch/graphcast_input_data/1994-02_1994-04
2026-08-25 12:45:41,839 [INFO]     Saving data...
2026-08-25 12:45:42,981 [INFO]   specific_humidity
2026-08-25 12:45:42,984 [INFO]     Loading files...
2026-08-25 12:57:40,256 [INFO]     Output directory: /glade/u/home/sressel/spencer-scratch/graphcast_input_data/1994-02_1994-04
2026-08-25 12:57:40,260 [INFO]     Saving data...
2026-08-25 12:57:41,410 [INFO]   vertical_velocity
2026-08-25 12:57:41,413 [INFO]     Loading files...
2026-08-25 13:09:58,888 [INFO]     Output directory: /glade/u/home/sressel/spencer-scratch/graphcast_input_data/1994-02_1994-04
2026-08-25 13:09:58,899 [INFO]     Saving data...
2026-08-25 13:10:00,092 [INFO] Finished
2026-08-25 13:10:00,092 [INFO] Precipitation
2026-08-25 13:10:01,118 [INFO]     Downloading data...
2026-08-25 13:10:01,782 [INFO] Request ID is aeb1aa1d-5980-4f2d-a998-eb30ddb315e9
2026-08-25 13:10:01,942 [INFO] status has been updated to accepted
2026-08-25 13:10:23,870 [INFO] status has been updated to running
2026-08-25 13:16:23,510 [INFO] status has been updated to successful
2026-08-25 13:16:23,879 [INFO] Downloading https://object-store.os-api.cci2.ecmwf.int:443/cci2-prod-cache-2/2026-08-25/633b9ea2d5fd17a59b6d071cf40e712.nc
2026-08-25 13:21:08,215 [INFO]     Regridding data...
2026-08-25 13:21:44,794 [INFO]     Output directory: /glade/u/home/sressel/spencer-scratch/graphcast_input_data/1994-02_1994-04
2026-08-25 13:21:44,794 [INFO]     Saving data...
2026-08-25 13:21:45,535 [INFO] Finished
2026-08-25 13:21:45,535 [INFO] TOA Solar Radiation
2026-08-25 13:21:45,979 [INFO]     Downloading data...
2026-08-25 13:21:46,621 [INFO] Request ID is 8f70ea4a-579a-4cc5-b678-e867f4896ef9
2026-08-25 13:21:46,788 [INFO] status has been updated to accepted
2026-08-25 13:22:08,614 [INFO] status has been updated to running
2026-08-25 13:23:03,219 [INFO] status has been updated to successful
2026-08-25 13:23:03,548 [INFO] Downloading https://object-store.os-api.cci2.ecmwf.int:443/cci2-prod-cache-3/2026-08-25/bc8f2e80b9142632e1f2da288f9f76e9.nc
2026-08-25 13:23:14,547 [INFO]     Regridding data...
2026-08-25 13:23:22,889 [INFO]     Output directory: /glade/u/home/sressel/spencer-scratch/graphcast_input_data/1994-02_1994-04
2026-08-25 13:23:22,890 [INFO]     Saving data...
2026-08-25 13:23:23,297 [INFO] Geopotential at Surface
2026-08-25 13:23:23,381 [INFO] Land Sea Mask
2026-08-25 13:23:23,418 [INFO] Load all data into a single dataset
2026-08-25 13:23:24,501 [INFO]     Saving data...
2026-08-25 13:24:21,584 [INFO] All Finished
