2026-08-20 11:54:03,430 [INFO] Start date: 1985-10-01T00:00:00.000000000
2026-08-20 11:54:03,430 [INFO] End date: 1986-04-30T00:00:00.000000000
2026-08-20 11:54:03,433 [INFO] Starting data download script
2026-08-20 11:54:03,436 [INFO] Dates: 1985-10-01T00 : 1986-04-30T00
2026-08-20 11:54:03,437 [INFO] Graphcast data directory: /glade/u/home/sressel/spencer-scratch/graphcast_input_data/1985-10_1986-04
2026-08-20 11:54:03,438 [INFO] Surface level variables
2026-08-20 11:54:03,438 [INFO] 2m_temperature exists, skipping...
2026-08-20 11:54:03,439 [INFO] mean_sea_level_pressure exists, skipping...
2026-08-20 11:54:03,440 [INFO] 10m_u_component_of_wind exists, skipping...
2026-08-20 11:54:03,440 [INFO] 10m_v_component_of_wind exists, skipping...
2026-08-20 11:54:03,440 [INFO] Finished
2026-08-20 11:54:03,440 [INFO] Pressure Level Data
2026-08-20 11:54:03,441 [INFO] geopotential exists, skipping...
2026-08-20 11:54:03,442 [INFO] temperature exists, skipping...
2026-08-20 11:54:03,442 [INFO] u_component_of_wind exists, skipping...
2026-08-20 11:54:03,443 [INFO] v_component_of_wind exists, skipping...
2026-08-20 11:54:03,444 [INFO] specific_humidity exists, skipping...
2026-08-20 11:54:03,444 [INFO] vertical_velocity exists, skipping...
2026-08-20 11:54:03,444 [INFO] Finished
2026-08-20 11:54:03,444 [INFO] Precipitation
2026-08-20 11:54:04,004 [INFO]     Downloading data...
2026-08-20 11:54:04,719 [INFO] Request ID is 0c1d57b7-1645-436b-b1b2-7a093ffd10f0
2026-08-20 11:54:04,960 [INFO] status has been updated to accepted
2026-08-20 12:06:29,912 [INFO] status has been updated to successful
2026-08-20 12:06:30,278 [INFO] Downloading https://object-store.os-api.cci2.ecmwf.int:443/cci2-prod-cache-1/2026-08-20/cd02e1320c18ccc1d2d403c8fc8e29a8.nc
