2026-08-19 13:17:37,471 [INFO] Start date: 1981-07-01T00:00:00.000000000
2026-08-19 13:17:37,471 [INFO] End date: 1981-12-31T00:00:00.000000000
2026-08-19 13:17:37,477 [INFO] Starting data download script
2026-08-19 13:17:37,483 [INFO] Dates: 1981-07-01T00 : 1981-12-31T00
2026-08-19 13:17:37,486 [INFO] Creating output directory...
2026-08-19 13:17:37,488 [INFO] Graphcast data directory: /glade/u/home/sressel/spencer-scratch/graphcast_input_data/1981-07_1981-12
2026-08-19 13:17:37,489 [INFO] Surface level variables
2026-08-19 13:17:37,491 [INFO]   2m_temperature
2026-08-19 13:17:37,509 [INFO]     Loading files...
2026-08-19 13:22:20,510 [INFO]     Output directory: /glade/u/home/sressel/spencer-scratch/graphcast_input_data/1981-07_1981-12
2026-08-19 13:22:20,537 [INFO]     Saving data...
2026-08-19 13:22:21,043 [INFO]   mean_sea_level_pressure
2026-08-19 13:22:21,045 [INFO]     Loading files...
2026-08-19 13:26:50,298 [INFO]     Output directory: /glade/u/home/sressel/spencer-scratch/graphcast_input_data/1981-07_1981-12
2026-08-19 13:26:50,303 [INFO]     Saving data...
2026-08-19 13:26:50,634 [INFO]   10m_u_component_of_wind
2026-08-19 13:26:50,635 [INFO]     Loading files...
2026-08-19 13:31:52,692 [INFO]     Output directory: /glade/u/home/sressel/spencer-scratch/graphcast_input_data/1981-07_1981-12
2026-08-19 13:31:52,698 [INFO]     Saving data...
2026-08-19 13:31:52,993 [INFO]   10m_v_component_of_wind
2026-08-19 13:31:52,995 [INFO]     Loading files...
2026-08-19 13:36:53,607 [INFO]     Output directory: /glade/u/home/sressel/spencer-scratch/graphcast_input_data/1981-07_1981-12
2026-08-19 13:36:53,612 [INFO]     Saving data...
2026-08-19 13:36:53,962 [INFO] Finished
2026-08-19 13:36:53,962 [INFO] Pressure Level Data
2026-08-19 13:36:53,963 [INFO]   geopotential
2026-08-19 13:36:53,984 [INFO]     Loading files...
2026-08-19 14:00:35,307 [INFO]     Output directory: /glade/u/home/sressel/spencer-scratch/graphcast_input_data/1981-07_1981-12
2026-08-19 14:00:35,351 [INFO]     Saving data...
2026-08-19 14:00:37,618 [INFO]   temperature
2026-08-19 14:00:37,623 [INFO]     Loading files...
2026-08-19 14:24:22,077 [INFO]     Output directory: /glade/u/home/sressel/spencer-scratch/graphcast_input_data/1981-07_1981-12
2026-08-19 14:24:22,084 [INFO]     Saving data...
2026-08-19 14:24:24,403 [INFO]   u_component_of_wind
2026-08-19 14:24:24,407 [INFO]     Loading files...
2026-08-19 14:48:55,408 [INFO]     Output directory: /glade/u/home/sressel/spencer-scratch/graphcast_input_data/1981-07_1981-12
2026-08-19 14:48:55,411 [INFO]     Saving data...
2026-08-19 14:48:57,724 [INFO]   v_component_of_wind
2026-08-19 14:48:57,729 [INFO]     Loading files...
2026-08-19 15:13:53,602 [INFO]     Output directory: /glade/u/home/sressel/spencer-scratch/graphcast_input_data/1981-07_1981-12
2026-08-19 15:13:53,606 [INFO]     Saving data...
2026-08-19 15:13:56,022 [INFO]   specific_humidity
2026-08-19 15:13:56,027 [INFO]     Loading files...
2026-08-19 15:37:50,687 [INFO]     Output directory: /glade/u/home/sressel/spencer-scratch/graphcast_input_data/1981-07_1981-12
2026-08-19 15:37:50,690 [INFO]     Saving data...
2026-08-19 15:37:52,995 [INFO]   vertical_velocity
2026-08-19 15:37:53,002 [INFO]     Loading files...
