2026-05-18 11:25:56,432 [INFO] Dates: 1992-08-14T00 : 1992-11-12T00
2026-05-18 11:25:56,432 [INFO] Output output_directory: /glade/u/home/sressel/spencer-scratch/graphcast_input_data/199208_199211
2026-05-18 11:25:56,433 [INFO] Surface level variables
2026-05-18 11:25:56,433 [INFO]     Regridding data...
2026-05-18 11:30:52,623 [INFO] Dates: 1992-08-14T00 : 1992-11-12T00
2026-05-18 11:30:52,623 [INFO] Output output_directory: /glade/u/home/sressel/spencer-scratch/graphcast_input_data/199208_199211
2026-05-18 11:30:52,624 [INFO] Surface level variables
2026-05-18 11:30:52,624 [INFO]     Regridding data...
2026-05-18 11:32:07,831 [INFO]     Output directory: /glade/u/home/sressel/spencer-scratch/graphcast_input_data/199208_199211
2026-05-18 11:32:07,831 [INFO]     Saving data...
2026-05-18 11:32:07,958 [INFO] Finished
2026-05-18 11:32:07,959 [INFO] TOA Solar Radiation
2026-05-18 11:32:08,824 [INFO] [2026-05-14T00:00:00Z] Upcoming essential maintenance sessions on Data Stores underlying infrastructure on 19 May. Service disruption expected. For further details, please [visit our forum announcement](https://forum.ecmwf.int/t/upcoming-essential-maintenance-sessions-on-data-stores-underlying-infrastructure/14954).
2026-05-18 11:32:08,825 [INFO]     Downloading data...
2026-05-18 11:32:09,720 [INFO] [2025-12-11T00:00:00] Please note that a dedicated catalogue entry for this dataset, post-processed and stored in Analysis Ready Cloud Optimized (ARCO) format (Zarr), is available for optimised time-series retrievals (i.e. for retrieving data from selected variables for a single point over an extended period of time in an efficient way). You can discover it [here](https://cds.climate.copernicus.eu/datasets/reanalysis-era5-single-levels-timeseries?tab=overview)
2026-05-18 11:32:09,721 [INFO] Request ID is 6b31fc7c-c3ac-4309-ab91-fa632b790faa
2026-05-18 11:32:09,878 [INFO] status has been updated to accepted
2026-05-18 11:33:00,463 [INFO] status has been updated to running
2026-05-18 11:34:04,873 [INFO] status has been updated to successful
2026-05-18 11:34:05,354 [INFO] Downloading https://object-store.os-api.cci2.ecmwf.int:443/cci2-prod-cache-3/2026-05-18/78da7090d0b244acacc5c25889679d7b.nc
2026-05-18 11:34:36,041 [INFO]     Regridding data...
2026-05-18 13:28:30,098 [INFO] Dates: 1992-08-14T00 : 1992-11-12T00
2026-05-18 13:28:30,100 [INFO] Output output_directory: /glade/u/home/sressel/spencer-scratch/graphcast_input_data/199208_199211
2026-05-18 13:28:30,100 [INFO] Surface level variables
2026-05-18 13:28:30,100 [INFO]     Regridding data...
2026-05-18 13:29:02,673 [INFO]     Output directory: /glade/u/home/sressel/spencer-scratch/graphcast_input_data/199208_199211
2026-05-18 13:29:02,674 [INFO]     Saving data...
2026-05-18 13:29:02,928 [INFO] Load all data into a single dataset
2026-05-18 13:34:40,948 [INFO] Starting data download script
2026-05-18 13:34:40,949 [INFO] Dates: 1992-08-14T00 : 1992-11-12T00
2026-05-18 13:34:40,949 [INFO] Output output_directory: /glade/u/home/sressel/spencer-scratch/graphcast_input_data/199208_199211
2026-05-18 13:34:40,949 [INFO] Surface level variables
2026-05-18 13:34:40,949 [INFO]     Regridding data...
2026-05-18 13:34:42,169 [ERROR] Uncaught exception
Traceback (most recent call last):
  File "/glade/work/sressel/conda-envs/modified-npl/lib/python3.12/site-packages/xarray/core/dataset.py", line 1512, in _construct_dataarray
    variable = self._variables[name]
               ~~~~~~~~~~~~~~~^^^^^^
KeyError: 'tisr'

During handling of the above exception, another exception occurred:

Traceback (most recent call last):
  File "/glade/work/sressel/conda-envs/modified-npl/lib/python3.12/site-packages/xarray/core/dataset.py", line 1611, in __getitem__
    return self._construct_dataarray(key)
           ^^^^^^^^^^^^^^^^^^^^^^^^^^^^^^
  File "/glade/work/sressel/conda-envs/modified-npl/lib/python3.12/site-packages/xarray/core/dataset.py", line 1514, in _construct_dataarray
    _, name, variable = _get_virtual_variable(self._variables, name, self.sizes)
                        ^^^^^^^^^^^^^^^^^^^^^^^^^^^^^^^^^^^^^^^^^^^^^^^^^^^^^^^^
  File "/glade/work/sressel/conda-envs/modified-npl/lib/python3.12/site-packages/xarray/core/dataset.py", line 221, in _get_virtual_variable
    raise KeyError(key)
KeyError: 'tisr'

The above exception was the direct cause of the following exception:

Traceback (most recent call last):
  File "/glade/u/home/sressel/thesis-work/python/graphcast/get_data_for_graphcast.py", line 335, in <module>
    toa_incident_solar_radiation_data = xr.open_mfdataset(target)['tisr'].rename({'valid_time': 'time'}).load()
                                        ~~~~~~~~~~~~~~~~~~~~~~~~~^^^^^^^^
  File "/glade/work/sressel/conda-envs/modified-npl/lib/python3.12/site-packages/xarray/core/dataset.py", line 1617, in __getitem__
    raise KeyError(message) from e
KeyError: "No variable named 'tisr'. Variables on the dataset include ['number', 'expver', 'lat', 'lon', 'time', 'datetime', 'toa_incident_solar_radiation']"
2026-05-18 13:40:00,782 [INFO] Starting data download script
2026-05-18 13:40:00,784 [INFO] Dates: 1992-08-14T00 : 1992-11-12T00
2026-05-18 13:40:00,784 [INFO] Output output_directory: /glade/u/home/sressel/spencer-scratch/graphcast_input_data/199208_199211
2026-05-18 13:40:00,784 [INFO] Surface level variables
2026-05-18 13:40:00,784 [INFO]     Regridding data...
2026-05-18 13:40:03,771 [ERROR] Uncaught exception
Traceback (most recent call last):
  File "/glade/u/home/sressel/thesis-work/python/graphcast/get_data_for_graphcast.py", line 345, in <module>
    regridded_toa_incident_solar_radiation = convert_time_to_ns(regridded_toa_incident_solar_radiation)
                                             ^^^^^^^^^^^^^^^^^^^^^^^^^^^^^^^^^^^^^^^^^^^^^^^^^^^^^^^^^^
  File "/glade/u/home/sressel/thesis-work/python/graphcast/get_data_for_graphcast.py", line 97, in convert_time_to_ns
    ds = ds.expand_dims('batch').assign_coords(
         ^^^^^^^^^^^^^^^^^^^^^^^
  File "/glade/work/sressel/conda-envs/modified-npl/lib/python3.12/site-packages/xarray/core/dataarray.py", line 2724, in expand_dims
    ds = self._to_temp_dataset().expand_dims(
         ^^^^^^^^^^^^^^^^^^^^^^^^^^^^^^^^^^^^
  File "/glade/work/sressel/conda-envs/modified-npl/lib/python3.12/site-packages/xarray/core/dataset.py", line 4843, in expand_dims
    raise ValueError(f"Dimension {d} already exists.")
ValueError: Dimension batch already exists.
2026-05-18 13:41:06,053 [INFO] Starting data download script
2026-05-18 13:41:06,054 [INFO] Dates: 1992-08-14T00 : 1992-11-12T00
2026-05-18 13:41:06,054 [INFO] Output output_directory: /glade/u/home/sressel/spencer-scratch/graphcast_input_data/199208_199211
2026-05-18 13:41:06,054 [INFO] Surface level variables
2026-05-18 13:41:06,887 [INFO] [2026-05-14T00:00:00Z] Upcoming essential maintenance sessions on Data Stores underlying infrastructure on 19 May. Service disruption expected. For further details, please [visit our forum announcement](https://forum.ecmwf.int/t/upcoming-essential-maintenance-sessions-on-data-stores-underlying-infrastructure/14954).
2026-05-18 13:41:06,888 [INFO]     Downloading data...
2026-05-18 13:41:08,240 [INFO] [2025-12-11T00:00:00] Please note that a dedicated catalogue entry for this dataset, post-processed and stored in Analysis Ready Cloud Optimized (ARCO) format (Zarr), is available for optimised time-series retrievals (i.e. for retrieving data from selected variables for a single point over an extended period of time in an efficient way). You can discover it [here](https://cds.climate.copernicus.eu/datasets/reanalysis-era5-single-levels-timeseries?tab=overview)
2026-05-18 13:41:08,240 [INFO] Request ID is c2e17b66-7f05-4353-b581-c0c4ae23abb6
2026-05-18 13:41:08,402 [INFO] status has been updated to accepted
2026-05-18 13:41:41,727 [INFO] status has been updated to running
2026-05-18 13:41:58,975 [INFO] status has been updated to successful
2026-05-18 13:41:59,286 [INFO] Downloading https://object-store.os-api.cci2.ecmwf.int:443/cci2-prod-cache-3/2026-05-18/78da7090d0b244acacc5c25889679d7b.nc
2026-05-18 13:44:54,366 [INFO] Starting data download script
2026-05-18 13:44:54,367 [INFO] Dates: 1992-08-14T00 : 1992-11-12T00
2026-05-18 13:44:54,368 [INFO] Output output_directory: /glade/u/home/sressel/spencer-scratch/graphcast_input_data/199208_199211
2026-05-18 13:44:54,368 [INFO]     Regridding data...
2026-05-18 13:44:55,776 [ERROR] Uncaught exception
Traceback (most recent call last):
  File "/glade/u/home/sressel/thesis-work/python/graphcast/get_data_for_graphcast.py", line 335, in <module>
    toa_incident_solar_radiation_data = xr.open_mfdataset(target)['tisr'].rename({'valid_name':'name'}).load()
                                        ^^^^^^^^^^^^^^^^^^^^^^^^^^^^^^^^^^^^^^^^^^^^^^^^^^^^^^^^^^^^^^^
  File "/glade/work/sressel/conda-envs/modified-npl/lib/python3.12/site-packages/xarray/core/dataarray.py", line 2558, in rename
    dataset = self._to_temp_dataset()._rename(name_dict)
              ^^^^^^^^^^^^^^^^^^^^^^^^^^^^^^^^^^^^^^^^^^
  File "/glade/work/sressel/conda-envs/modified-npl/lib/python3.12/site-packages/xarray/core/dataset.py", line 4422, in _rename
    raise ValueError(
ValueError: cannot rename 'valid_name' because it is not a variable or dimension in this dataset
2026-05-18 13:46:37,838 [INFO] Starting data download script
2026-05-18 13:46:37,839 [INFO] Dates: 1992-08-14T00 : 1992-11-12T00
2026-05-18 13:46:37,839 [INFO] Output output_directory: /glade/u/home/sressel/spencer-scratch/graphcast_input_data/199208_199211
2026-05-18 13:46:37,840 [INFO]     Regridding data...
2026-05-18 13:46:49,862 [ERROR] Uncaught exception
Traceback (most recent call last):
  File "/glade/work/sressel/conda-envs/modified-npl/lib/python3.12/site-packages/xarray/core/dataarray.py", line 892, in _getitem_coord
    var = self._coords[key]
          ~~~~~~~~~~~~^^^^^
KeyError: 'time'

During handling of the above exception, another exception occurred:

Traceback (most recent call last):
  File "/glade/u/home/sressel/thesis-work/python/graphcast/get_data_for_graphcast.py", line 345, in <module>
    regridded_toa_incident_solar_radiation = convert_time_to_ns(regridded_toa_incident_solar_radiation)
                                             ^^^^^^^^^^^^^^^^^^^^^^^^^^^^^^^^^^^^^^^^^^^^^^^^^^^^^^^^^^
  File "/glade/u/home/sressel/thesis-work/python/graphcast/get_data_for_graphcast.py", line 85, in convert_time_to_ns
    datetime = ds["time"]
               ~~^^^^^^^^
  File "/glade/work/sressel/conda-envs/modified-npl/lib/python3.12/site-packages/xarray/core/dataarray.py", line 901, in __getitem__
    return self._getitem_coord(key)
           ^^^^^^^^^^^^^^^^^^^^^^^^
  File "/glade/work/sressel/conda-envs/modified-npl/lib/python3.12/site-packages/xarray/core/dataarray.py", line 895, in _getitem_coord
    _, key, var = _get_virtual_variable(self._coords, key, dim_sizes)
                  ^^^^^^^^^^^^^^^^^^^^^^^^^^^^^^^^^^^^^^^^^^^^^^^^^^^
  File "/glade/work/sressel/conda-envs/modified-npl/lib/python3.12/site-packages/xarray/core/dataset.py", line 221, in _get_virtual_variable
    raise KeyError(key)
KeyError: 'time'
2026-05-18 13:48:54,367 [INFO] Starting data download script
2026-05-18 13:48:54,369 [INFO] Dates: 1992-08-14T00 : 1992-11-12T00
2026-05-18 13:48:54,369 [INFO] Output output_directory: /glade/u/home/sressel/spencer-scratch/graphcast_input_data/199208_199211
2026-05-18 13:48:54,369 [INFO] TOA Solar Radiation
2026-05-18 13:48:54,859 [INFO] [2026-05-14T00:00:00Z] Upcoming essential maintenance sessions on Data Stores underlying infrastructure on 19 May. Service disruption expected. For further details, please [visit our forum announcement](https://forum.ecmwf.int/t/upcoming-essential-maintenance-sessions-on-data-stores-underlying-infrastructure/14954).
2026-05-18 13:48:54,860 [INFO]     Downloading data...
2026-05-18 13:48:58,938 [INFO] Starting data download script
2026-05-18 13:48:58,939 [INFO] Dates: 1992-08-14T00 : 1992-11-12T00
2026-05-18 13:48:58,939 [INFO] Output output_directory: /glade/u/home/sressel/spencer-scratch/graphcast_input_data/199208_199211
2026-05-18 13:48:58,939 [INFO] TOA Solar Radiation
2026-05-18 13:48:59,554 [INFO] [2026-05-14T00:00:00Z] Upcoming essential maintenance sessions on Data Stores underlying infrastructure on 19 May. Service disruption expected. For further details, please [visit our forum announcement](https://forum.ecmwf.int/t/upcoming-essential-maintenance-sessions-on-data-stores-underlying-infrastructure/14954).
2026-05-18 13:48:59,555 [INFO]     Downloading data...
2026-05-18 13:49:00,147 [INFO] [2025-12-11T00:00:00] Please note that a dedicated catalogue entry for this dataset, post-processed and stored in Analysis Ready Cloud Optimized (ARCO) format (Zarr), is available for optimised time-series retrievals (i.e. for retrieving data from selected variables for a single point over an extended period of time in an efficient way). You can discover it [here](https://cds.climate.copernicus.eu/datasets/reanalysis-era5-single-levels-timeseries?tab=overview)
2026-05-18 13:49:00,148 [INFO] Request ID is be2ceadb-ad06-4df2-a6f0-f40f7dba2072
2026-05-18 13:49:00,346 [INFO] status has been updated to accepted
2026-05-18 13:49:33,709 [INFO] status has been updated to successful
2026-05-18 13:49:34,034 [INFO] Downloading https://object-store.os-api.cci2.ecmwf.int:443/cci2-prod-cache-3/2026-05-18/78da7090d0b244acacc5c25889679d7b.nc
2026-05-18 13:50:15,067 [INFO]     Regridding data...
2026-05-18 13:50:27,243 [INFO]     Output directory: /glade/u/home/sressel/spencer-scratch/graphcast_input_data/199208_199211
2026-05-18 13:50:27,243 [INFO]     Saving data...
2026-05-18 13:55:14,132 [INFO] Starting data download script
2026-05-18 13:55:14,133 [INFO] Dates: 1992-08-14T00 : 1992-11-12T00
2026-05-18 13:55:14,133 [INFO] Graphcast data directory: /glade/u/home/sressel/spencer-scratch/graphcast_input_data/199208_199211
2026-05-18 13:55:14,153 [INFO] Load all data into a single dataset
2026-05-18 13:55:16,290 [ERROR] Uncaught exception
Traceback (most recent call last):
  File "/glade/u/home/sressel/thesis-work/python/graphcast/get_data_for_graphcast.py", line 363, in <module>
    all_data = xr.open_mfdataset(f"{graphcast_data_directory}/*.nc")
               ^^^^^^^^^^^^^^^^^^^^^^^^^^^^^^^^^^^^^^^^^^^^^^^^^^^^^
  File "/glade/work/sressel/conda-envs/modified-npl/lib/python3.12/site-packages/xarray/backends/api.py", line 1639, in open_mfdataset
    combined = combine_by_coords(
               ^^^^^^^^^^^^^^^^^^
  File "/glade/work/sressel/conda-envs/modified-npl/lib/python3.12/site-packages/xarray/core/combine.py", line 986, in combine_by_coords
    return merge(
           ^^^^^^
  File "/glade/work/sressel/conda-envs/modified-npl/lib/python3.12/site-packages/xarray/core/merge.py", line 976, in merge
    merge_result = merge_core(
                   ^^^^^^^^^^^
  File "/glade/work/sressel/conda-envs/modified-npl/lib/python3.12/site-packages/xarray/core/merge.py", line 701, in merge_core
    variables, out_indexes = merge_collected(
                             ^^^^^^^^^^^^^^^^
  File "/glade/work/sressel/conda-envs/modified-npl/lib/python3.12/site-packages/xarray/core/merge.py", line 290, in merge_collected
    merged_vars[name] = unique_variable(
                        ^^^^^^^^^^^^^^^^
  File "/glade/work/sressel/conda-envs/modified-npl/lib/python3.12/site-packages/xarray/core/merge.py", line 144, in unique_variable
    raise MergeError(
xarray.core.merge.MergeError: conflicting values for variable 'datetime' on objects to be combined. You can skip this check by specifying compat='override'.
2026-05-18 14:13:23,473 [INFO] Starting data download script
2026-05-18 14:13:23,479 [INFO] Dates: 1992-08-14T00 : 1992-11-12T00
2026-05-18 14:13:23,482 [INFO] Creating output directory...
2026-05-18 14:13:23,484 [INFO] Graphcast data directory: /glade/u/home/sressel/spencer-scratch/graphcast_input_data/199208_199211
2026-05-18 14:13:23,484 [INFO] Surface level variables
2026-05-18 14:13:23,484 [INFO]   2m_temperature
2026-05-18 14:13:23,487 [INFO]     Loading files...
2026-05-18 14:16:53,145 [INFO]     Output directory: /glade/u/home/sressel/spencer-scratch/graphcast_input_data/199208_199211
2026-05-18 14:16:53,145 [INFO]     Saving data...
2026-05-18 14:16:53,470 [INFO]   mean_sea_level_pressure
2026-05-18 14:16:53,473 [INFO]     Loading files...
2026-05-18 14:20:19,103 [INFO]     Output directory: /glade/u/home/sressel/spencer-scratch/graphcast_input_data/199208_199211
2026-05-18 14:20:19,132 [INFO]     Saving data...
2026-05-18 14:20:19,444 [INFO]   10m_u_component_of_wind
2026-05-18 14:20:19,691 [INFO]     Loading files...
2026-05-18 14:24:10,565 [INFO]     Output directory: /glade/u/home/sressel/spencer-scratch/graphcast_input_data/199208_199211
2026-05-18 14:24:10,566 [INFO]     Saving data...
2026-05-18 14:24:10,832 [INFO]   10m_v_component_of_wind
2026-05-18 14:24:10,834 [INFO]     Loading files...
2026-05-18 14:28:06,525 [INFO]     Output directory: /glade/u/home/sressel/spencer-scratch/graphcast_input_data/199208_199211
2026-05-18 14:28:06,526 [INFO]     Saving data...
2026-05-18 14:28:06,773 [INFO] Finished
2026-05-18 14:28:06,773 [INFO] Pressure Level Data
2026-05-18 14:28:06,774 [INFO]   geopotential
2026-05-18 14:28:06,795 [INFO]     Loading files...
2026-05-18 14:44:36,767 [INFO]     Output directory: /glade/u/home/sressel/spencer-scratch/graphcast_input_data/199208_199211
2026-05-18 14:44:36,767 [INFO]     Saving data...
2026-05-18 14:44:38,538 [INFO]   temperature
2026-05-18 14:44:38,546 [INFO]     Loading files...
2026-05-18 15:01:18,917 [INFO]     Output directory: /glade/u/home/sressel/spencer-scratch/graphcast_input_data/199208_199211
2026-05-18 15:01:18,917 [INFO]     Saving data...
2026-05-18 15:01:20,593 [INFO]   u_component_of_wind
2026-05-18 15:01:20,598 [INFO]     Loading files...
2026-05-18 15:18:26,941 [INFO]     Output directory: /glade/u/home/sressel/spencer-scratch/graphcast_input_data/199208_199211
2026-05-18 15:18:26,942 [INFO]     Saving data...
2026-05-18 15:18:28,763 [INFO]   v_component_of_wind
2026-05-18 15:18:28,767 [INFO]     Loading files...
2026-05-18 15:36:01,981 [INFO]     Output directory: /glade/u/home/sressel/spencer-scratch/graphcast_input_data/199208_199211
2026-05-18 15:36:01,982 [INFO]     Saving data...
2026-05-18 15:36:03,561 [INFO]   specific_humidity
2026-05-18 15:36:03,566 [INFO]     Loading files...
2026-05-18 15:52:24,813 [INFO]     Output directory: /glade/u/home/sressel/spencer-scratch/graphcast_input_data/199208_199211
2026-05-18 15:52:24,814 [INFO]     Saving data...
2026-05-18 15:52:26,588 [INFO]   vertical_velocity
2026-05-18 15:52:26,593 [INFO]     Loading files...
2026-05-18 16:09:17,119 [INFO]     Output directory: /glade/u/home/sressel/spencer-scratch/graphcast_input_data/199208_199211
2026-05-18 16:09:17,153 [INFO]     Saving data...
2026-05-18 16:09:18,925 [INFO] Finished
2026-05-18 16:09:18,926 [INFO] Precipitation
2026-05-18 16:09:19,554 [INFO] [2026-05-14T00:00:00Z] Upcoming essential maintenance sessions on Data Stores underlying infrastructure on 19 May. Service disruption expected. For further details, please [visit our forum announcement](https://forum.ecmwf.int/t/upcoming-essential-maintenance-sessions-on-data-stores-underlying-infrastructure/14954).
2026-05-18 16:09:19,554 [INFO]     Downloading data...
2026-05-18 16:09:22,096 [INFO] [2025-12-11T00:00:00] Please note that a dedicated catalogue entry for this dataset, post-processed and stored in Analysis Ready Cloud Optimized (ARCO) format (Zarr), is available for optimised time-series retrievals (i.e. for retrieving data from selected variables for a single point over an extended period of time in an efficient way). You can discover it [here](https://cds.climate.copernicus.eu/datasets/reanalysis-era5-single-levels-timeseries?tab=overview)
2026-05-18 16:09:22,096 [INFO] Request ID is 7eb7bc6a-5e5c-4238-a43f-92d8e39a5ff1
2026-05-18 16:09:22,260 [INFO] status has been updated to accepted
2026-05-18 16:09:55,996 [INFO] status has been updated to successful
2026-05-18 16:09:56,329 [INFO] Downloading https://object-store.os-api.cci2.ecmwf.int:443/cci2-prod-cache-2/2026-05-18/98aecf03762ed574a7701a83a22a81e5.nc
2026-05-18 16:14:25,379 [INFO]     Regridding data...
2026-05-18 16:14:25,413 [ERROR] Uncaught exception
Traceback (most recent call last):
  File "/glade/u/home/sressel/thesis-work/python/graphcast/get_data_for_graphcast.py", line 300, in <module>
    precipitation_data = xr.open_mfdataset(raw_precipitation_files)['tp'].rename({'valid_time': 'time'}).load()
                         ^^^^^^^^^^^^^^^^^^^^^^^^^^^^^^^^^^^^^^^^^^
  File "/glade/work/sressel/conda-envs/modified-npl/lib/python3.12/site-packages/xarray/backends/api.py", line 1573, in open_mfdataset
    raise OSError("no files to open")
OSError: no files to open
2026-05-18 16:16:27,708 [INFO] Starting data download script
2026-05-18 16:16:27,711 [INFO] Dates: 1992-08-14T00 : 1992-11-12T00
2026-05-18 16:16:27,711 [INFO] Graphcast data directory: /glade/u/home/sressel/spencer-scratch/graphcast_input_data/199208_199211
2026-05-18 16:16:27,711 [INFO]     Regridding data...
2026-05-18 16:16:27,712 [ERROR] Uncaught exception
Traceback (most recent call last):
  File "/glade/u/home/sressel/thesis-work/python/graphcast/get_data_for_graphcast.py", line 300, in <module>
    precipitation_data = xr.open_mfdataset(raw_precipitation_files)['tp'].rename({'valid_time': 'time'}).load()
                         ^^^^^^^^^^^^^^^^^^^^^^^^^^^^^^^^^^^^^^^^^^
  File "/glade/work/sressel/conda-envs/modified-npl/lib/python3.12/site-packages/xarray/backends/api.py", line 1573, in open_mfdataset
    raise OSError("no files to open")
OSError: no files to open
2026-05-18 16:16:44,405 [INFO] Starting data download script
2026-05-18 16:16:44,408 [INFO] Dates: 1992-08-14T00 : 1992-11-12T00
2026-05-18 16:16:44,409 [INFO] Graphcast data directory: /glade/u/home/sressel/spencer-scratch/graphcast_input_data/199208_199211
2026-05-18 16:16:44,409 [INFO]     Regridding data...
2026-05-18 16:17:39,740 [INFO]     Output directory: /glade/u/home/sressel/spencer-scratch/graphcast_input_data/199208_199211
2026-05-18 16:17:39,740 [INFO]     Saving data...
2026-05-18 16:17:40,613 [INFO] Finished
2026-05-18 16:17:40,613 [INFO] TOA Solar Radiation
2026-05-18 16:17:41,063 [INFO] [2026-05-14T00:00:00Z] Upcoming essential maintenance sessions on Data Stores underlying infrastructure on 19 May. Service disruption expected. For further details, please [visit our forum announcement](https://forum.ecmwf.int/t/upcoming-essential-maintenance-sessions-on-data-stores-underlying-infrastructure/14954).
2026-05-18 16:17:41,064 [INFO]     Downloading data...
2026-05-18 16:17:41,630 [INFO] [2025-12-11T00:00:00] Please note that a dedicated catalogue entry for this dataset, post-processed and stored in Analysis Ready Cloud Optimized (ARCO) format (Zarr), is available for optimised time-series retrievals (i.e. for retrieving data from selected variables for a single point over an extended period of time in an efficient way). You can discover it [here](https://cds.climate.copernicus.eu/datasets/reanalysis-era5-single-levels-timeseries?tab=overview)
2026-05-18 16:17:41,631 [INFO] Request ID is 13ec74f9-5303-499d-b6cc-3b93a8c35faf
2026-05-18 16:17:41,797 [INFO] status has been updated to accepted
2026-05-18 16:18:16,984 [INFO] status has been updated to successful
2026-05-18 16:18:17,306 [INFO] Downloading https://object-store.os-api.cci2.ecmwf.int:443/cci2-prod-cache-3/2026-05-18/78da7090d0b244acacc5c25889679d7b.nc
2026-05-18 16:18:31,990 [INFO]     Regridding data...
2026-05-18 16:18:42,032 [INFO]     Output directory: /glade/u/home/sressel/spencer-scratch/graphcast_input_data/199208_199211
2026-05-18 16:18:42,033 [INFO]     Saving data...
2026-05-18 16:18:42,340 [INFO] Geopotential at Surface
2026-05-18 16:18:42,368 [INFO] Land Sea Mask
2026-05-18 16:18:42,398 [INFO] Load all data into a single dataset
2026-05-18 16:18:42,980 [INFO]     Saving data...
2026-05-18 16:18:59,375 [INFO] All Finished
2026-06-02 13:16:08,368 [INFO] Start date: 2022-03-01T00:00:00.000000000
2026-06-02 13:16:08,371 [INFO] End date: 2022-04-30T00:00:00.000000000
2026-06-02 13:16:08,372 [INFO] Starting data download script
2026-06-02 13:16:08,379 [INFO] Dates: 2022-03-01T00 : 2022-04-30T00
2026-06-02 13:16:08,379 [ERROR] Uncaught exception
Traceback (most recent call last):
  File "/glade/u/home/sressel/thesis-work/python/graphcast/get_data_for_graphcast.py", line 97, in <module>
    graphcast_data_directory = f"/glade/u/home/sressel/spencer-scratch/graphcast_input_data/{string_to_yyyymm(start_date)}_{string_to_yyyymm(end_date)}"
                                                                                             ^^^^^^^^^^^^^^^^^^^^^^^^^^^^
  File "/glade/u/home/sressel/thesis-work/python/auxiliary_functions/src/auxiliary_functions/time_utils.py", line 16, in string_to_yyyymm
    dt = datetime.fromisoformat(dt) # type: ignore
         ^^^^^^^^^^^^^^^^^^^^^^
AttributeError: module 'datetime' has no attribute 'fromisoformat'
2026-06-02 13:17:48,537 [INFO] Start date: 2022-03-01T00:00:00.000000000
2026-06-02 13:17:48,537 [INFO] End date: 2022-04-30T00:00:00.000000000
2026-06-02 13:17:48,537 [INFO] Starting data download script
2026-06-02 13:17:48,540 [INFO] Dates: 2022-03-01T00 : 2022-04-30T00
2026-06-02 13:17:48,540 [ERROR] Uncaught exception
Traceback (most recent call last):
  File "/glade/u/home/sressel/thesis-work/python/graphcast/get_data_for_graphcast.py", line 97, in <module>
    graphcast_data_directory = f"/glade/u/home/sressel/spencer-scratch/graphcast_input_data/{string_to_yyyymm(start_date)}_{string_to_yyyymm(end_date)}"
                                                                                             ^^^^^^^^^^^^^^^^^^^^^^^^^^^^
  File "/glade/u/home/sressel/thesis-work/python/auxiliary_functions/src/auxiliary_functions/time_utils.py", line 16, in string_to_yyyymm
    dt = datetime.time.fromisoformat(dt) # type: ignore
         ^^^^^^^^^^^^^^^^^^^^^^^^^^^^^^^
ValueError: Invalid isoformat string: '2022-03-01T00:00:00.000000000'
2026-06-02 13:18:38,637 [INFO] Start date: 2022-03-01
2026-06-02 13:18:38,637 [INFO] End date: 2022-04-30
2026-06-02 13:18:38,637 [INFO] Starting data download script
2026-06-02 13:18:38,641 [INFO] Dates: 2022-03-01T00 : 2022-04-30T00
2026-06-02 13:18:38,641 [ERROR] Uncaught exception
Traceback (most recent call last):
  File "/glade/u/home/sressel/thesis-work/python/graphcast/get_data_for_graphcast.py", line 97, in <module>
    graphcast_data_directory = f"/glade/u/home/sressel/spencer-scratch/graphcast_input_data/{string_to_yyyymm(start_date)}_{string_to_yyyymm(end_date)}"
                                                                                             ^^^^^^^^^^^^^^^^^^^^^^^^^^^^
  File "/glade/u/home/sressel/thesis-work/python/auxiliary_functions/src/auxiliary_functions/time_utils.py", line 16, in string_to_yyyymm
    dt = datetime.time.fromisoformat(dt) # type: ignore
         ^^^^^^^^^^^^^^^^^^^^^^^^^^^^^^^
ValueError: Invalid isoformat string: '2022-03-01'
2026-06-02 13:24:45,987 [INFO] Start date: 2022-03-01
2026-06-02 13:24:45,987 [INFO] End date: 2022-04-30
2026-06-02 13:24:45,988 [INFO] Starting data download script
2026-06-02 13:24:45,990 [INFO] Dates: 2022-03-01T00 : 2022-04-30T00
2026-06-02 13:24:45,991 [INFO] Creating output directory...
2026-06-02 13:24:45,994 [INFO] Graphcast data directory: /glade/u/home/sressel/spencer-scratch/graphcast_input_data/202203_202204
2026-06-02 13:24:45,994 [INFO] Surface level variables
2026-06-02 13:24:45,994 [INFO]   2m_temperature
2026-06-02 13:24:46,054 [INFO]     Loading files...
2026-06-02 15:32:20,068 [INFO] Start date: 2020-12-29T00:00:00.000000000
2026-06-02 15:32:20,070 [INFO] End date: 2021-02-27T00:00:00.000000000
2026-06-02 15:32:20,070 [INFO] Starting data download script
2026-06-02 15:32:20,076 [INFO] Dates: 2020-12-29T00 : 2021-02-27T00
2026-06-02 15:32:20,077 [INFO] Creating output directory...
2026-06-02 15:32:20,079 [INFO] Graphcast data directory: /glade/u/home/sressel/spencer-scratch/graphcast_input_data/202012_202102
2026-06-02 15:32:20,080 [INFO] Surface level variables
2026-06-02 15:32:20,080 [INFO]   2m_temperature
2026-06-02 15:32:20,101 [INFO]     Loading files...
2026-06-02 15:35:02,369 [INFO]     Output directory: /glade/u/home/sressel/spencer-scratch/graphcast_input_data/202012_202102
2026-06-02 15:35:02,383 [INFO]     Saving data...
2026-06-02 15:35:02,629 [INFO]   mean_sea_level_pressure
2026-06-02 15:35:02,630 [INFO]     Loading files...
2026-06-02 15:37:32,002 [INFO]     Output directory: /glade/u/home/sressel/spencer-scratch/graphcast_input_data/202012_202102
2026-06-02 15:37:32,003 [INFO]     Saving data...
2026-06-02 15:37:32,238 [INFO]   10m_u_component_of_wind
2026-06-02 15:37:32,240 [INFO]     Loading files...
2026-06-02 15:40:19,042 [INFO]     Output directory: /glade/u/home/sressel/spencer-scratch/graphcast_input_data/202012_202102
2026-06-02 15:40:19,043 [INFO]     Saving data...
2026-06-02 15:40:19,269 [INFO]   10m_v_component_of_wind
2026-06-02 15:40:19,271 [INFO]     Loading files...
2026-06-02 15:43:01,722 [INFO]     Output directory: /glade/u/home/sressel/spencer-scratch/graphcast_input_data/202012_202102
2026-06-02 15:43:01,722 [INFO]     Saving data...
2026-06-02 15:43:01,943 [INFO] Finished
2026-06-02 15:43:01,943 [INFO] Pressure Level Data
2026-06-02 15:43:01,944 [INFO]   geopotential
2026-06-02 15:43:01,955 [INFO]     Loading files...
2026-06-02 15:56:25,836 [INFO]     Output directory: /glade/u/home/sressel/spencer-scratch/graphcast_input_data/202012_202102
2026-06-02 15:56:25,837 [INFO]     Saving data...
2026-06-02 15:56:27,203 [INFO]   temperature
2026-06-02 15:56:27,207 [INFO]     Loading files...
2026-06-02 16:10:18,093 [INFO]     Output directory: /glade/u/home/sressel/spencer-scratch/graphcast_input_data/202012_202102
2026-06-02 16:10:18,099 [INFO]     Saving data...
2026-06-02 16:10:19,701 [INFO]   u_component_of_wind
2026-06-02 16:10:19,704 [INFO]     Loading files...
2026-06-02 16:23:27,659 [INFO]     Output directory: /glade/u/home/sressel/spencer-scratch/graphcast_input_data/202012_202102
2026-06-02 16:23:27,660 [INFO]     Saving data...
2026-06-02 16:23:29,017 [INFO]   v_component_of_wind
2026-06-02 16:23:29,021 [INFO]     Loading files...
2026-06-02 16:36:15,853 [INFO]     Output directory: /glade/u/home/sressel/spencer-scratch/graphcast_input_data/202012_202102
2026-06-02 16:36:15,854 [INFO]     Saving data...
2026-06-02 16:36:17,121 [INFO]   specific_humidity
2026-06-02 16:36:17,124 [INFO]     Loading files...
2026-06-02 16:48:28,474 [INFO]     Output directory: /glade/u/home/sressel/spencer-scratch/graphcast_input_data/202012_202102
2026-06-02 16:48:28,475 [INFO]     Saving data...
2026-06-02 16:48:29,743 [INFO]   vertical_velocity
2026-06-02 16:48:29,747 [INFO]     Loading files...
2026-06-02 17:03:04,235 [INFO]     Output directory: /glade/u/home/sressel/spencer-scratch/graphcast_input_data/202012_202102
2026-06-02 17:03:04,236 [INFO]     Saving data...
2026-06-02 17:03:05,828 [INFO] Finished
2026-06-02 17:03:05,828 [INFO] Precipitation
2026-06-02 17:03:07,277 [INFO]     Downloading data...
2026-06-02 17:03:07,865 [INFO] [2025-12-11T00:00:00] Please note that a dedicated catalogue entry for this dataset, post-processed and stored in Analysis Ready Cloud Optimized (ARCO) format (Zarr), is available for optimised time-series retrievals (i.e. for retrieving data from selected variables for a single point over an extended period of time in an efficient way). You can discover it [here](https://cds.climate.copernicus.eu/datasets/reanalysis-era5-single-levels-timeseries?tab=overview)
2026-06-02 17:03:07,866 [INFO] Request ID is ed9fbb95-15aa-4a4c-83c8-76ae53592f43
2026-06-02 17:03:08,029 [INFO] status has been updated to accepted
2026-06-02 17:03:26,124 [INFO] status has been updated to running
2026-06-02 17:15:37,431 [INFO] status has been updated to successful
2026-06-02 17:15:37,852 [INFO] Downloading https://object-store.os-api.cci2.ecmwf.int:443/cci2-prod-cache-1/2026-06-02/35b58501833132adaf526b927744d511.nc
2026-06-02 17:19:06,410 [INFO]     Regridding data...
2026-06-02 17:20:40,264 [INFO]     Output directory: /glade/u/home/sressel/spencer-scratch/graphcast_input_data/202012_202102
2026-06-02 17:20:40,265 [INFO]     Saving data...
2026-06-02 17:20:42,605 [INFO] Finished
2026-06-02 17:20:42,606 [INFO] TOA Solar Radiation
2026-06-02 17:20:43,219 [INFO]     Downloading data...
2026-06-02 17:20:44,434 [INFO] [2025-12-11T00:00:00] Please note that a dedicated catalogue entry for this dataset, post-processed and stored in Analysis Ready Cloud Optimized (ARCO) format (Zarr), is available for optimised time-series retrievals (i.e. for retrieving data from selected variables for a single point over an extended period of time in an efficient way). You can discover it [here](https://cds.climate.copernicus.eu/datasets/reanalysis-era5-single-levels-timeseries?tab=overview)
2026-06-02 17:20:44,436 [INFO] Request ID is d115ea5b-1e53-4a15-a4a8-459cb442c828
2026-06-02 17:20:44,707 [INFO] status has been updated to accepted
2026-06-02 17:21:06,499 [INFO] status has been updated to running
2026-06-02 17:23:38,324 [INFO] status has been updated to successful
2026-06-02 17:23:38,660 [INFO] Downloading https://object-store.os-api.cci2.ecmwf.int:443/cci2-prod-cache-3/2026-06-02/f1ea9720e65e872812e014f2c8907b0b.nc
2026-06-02 17:24:31,842 [INFO]     Regridding data...
2026-06-02 17:24:45,240 [INFO]     Output directory: /glade/u/home/sressel/spencer-scratch/graphcast_input_data/202012_202102
2026-06-02 17:24:45,241 [INFO]     Saving data...
2026-06-02 17:24:46,012 [INFO] Geopotential at Surface
2026-06-02 17:24:46,050 [INFO] Land Sea Mask
2026-06-02 17:24:46,087 [INFO] Load all data into a single dataset
2026-06-02 17:24:47,632 [ERROR] Uncaught exception
Traceback (most recent call last):
  File "/glade/u/home/sressel/thesis-work/python/graphcast/get_data_for_graphcast.py", line 340, in <module>
    all_data = xr.open_mfdataset(f"{graphcast_data_directory}/*.nc")
               ^^^^^^^^^^^^^^^^^^^^^^^^^^^^^^^^^^^^^^^^^^^^^^^^^^^^^
  File "/glade/work/sressel/conda-envs/modified-npl/lib/python3.12/site-packages/xarray/backends/api.py", line 1639, in open_mfdataset
    combined = combine_by_coords(
               ^^^^^^^^^^^^^^^^^^
  File "/glade/work/sressel/conda-envs/modified-npl/lib/python3.12/site-packages/xarray/core/combine.py", line 986, in combine_by_coords
    return merge(
           ^^^^^^
  File "/glade/work/sressel/conda-envs/modified-npl/lib/python3.12/site-packages/xarray/core/merge.py", line 976, in merge
    merge_result = merge_core(
                   ^^^^^^^^^^^
  File "/glade/work/sressel/conda-envs/modified-npl/lib/python3.12/site-packages/xarray/core/merge.py", line 701, in merge_core
    variables, out_indexes = merge_collected(
                             ^^^^^^^^^^^^^^^^
  File "/glade/work/sressel/conda-envs/modified-npl/lib/python3.12/site-packages/xarray/core/merge.py", line 290, in merge_collected
    merged_vars[name] = unique_variable(
                        ^^^^^^^^^^^^^^^^
  File "/glade/work/sressel/conda-envs/modified-npl/lib/python3.12/site-packages/xarray/core/merge.py", line 144, in unique_variable
    raise MergeError(
xarray.core.merge.MergeError: conflicting values for variable 'datetime' on objects to be combined. You can skip this check by specifying compat='override'.
2026-06-16 15:42:04,931 [INFO] Start date: 2020-09-01T00:00:00.000000000
2026-06-16 15:42:04,932 [INFO] End date: 2020-10-01T00:00:00.000000000
2026-06-16 15:42:04,932 [INFO] Starting data download script
2026-06-16 15:42:04,936 [INFO] Dates: 2020-09-01T00 : 2020-10-01T00
2026-06-16 15:42:04,936 [INFO] Creating output directory...
2026-06-16 15:42:04,938 [INFO] Graphcast data directory: /glade/u/home/sressel/spencer-scratch/graphcast_input_data/202009_202010
2026-06-16 15:42:04,938 [INFO] Surface level variables
2026-06-16 15:42:04,938 [INFO]   2m_temperature
2026-06-16 15:42:04,946 [INFO]     Loading files...
2026-06-16 15:44:16,598 [INFO]     Output directory: /glade/u/home/sressel/spencer-scratch/graphcast_input_data/202009_202010
2026-06-16 15:44:16,652 [INFO]     Saving data...
2026-06-16 15:44:17,084 [INFO]   mean_sea_level_pressure
2026-06-16 15:44:17,095 [INFO]     Loading files...
2026-06-16 15:45:58,603 [INFO]     Output directory: /glade/u/home/sressel/spencer-scratch/graphcast_input_data/202009_202010
2026-06-16 15:45:58,604 [INFO]     Saving data...
2026-06-16 15:45:58,817 [INFO]   10m_u_component_of_wind
2026-06-16 15:45:58,818 [INFO]     Loading files...
2026-06-16 15:47:52,412 [INFO]     Output directory: /glade/u/home/sressel/spencer-scratch/graphcast_input_data/202009_202010
2026-06-16 15:47:52,413 [INFO]     Saving data...
2026-06-16 15:47:52,623 [INFO]   10m_v_component_of_wind
2026-06-16 15:47:52,624 [INFO]     Loading files...
2026-06-16 15:49:46,070 [INFO]     Output directory: /glade/u/home/sressel/spencer-scratch/graphcast_input_data/202009_202010
2026-06-16 15:49:46,071 [INFO]     Saving data...
2026-06-16 15:49:46,274 [INFO] Finished
2026-06-16 15:49:46,275 [INFO] Pressure Level Data
2026-06-16 15:49:46,276 [INFO]   geopotential
2026-06-16 15:49:46,286 [INFO]     Loading files...
2026-06-16 15:58:28,648 [INFO]     Output directory: /glade/u/home/sressel/spencer-scratch/graphcast_input_data/202009_202010
2026-06-16 15:58:28,649 [INFO]     Saving data...
2026-06-16 15:58:29,588 [INFO]   temperature
2026-06-16 15:58:29,592 [INFO]     Loading files...
2026-06-16 16:07:19,599 [INFO]     Output directory: /glade/u/home/sressel/spencer-scratch/graphcast_input_data/202009_202010
2026-06-16 16:07:19,619 [INFO]     Saving data...
2026-06-16 16:07:20,835 [INFO]   u_component_of_wind
2026-06-16 16:07:20,841 [INFO]     Loading files...
2026-06-16 16:16:28,269 [INFO]     Output directory: /glade/u/home/sressel/spencer-scratch/graphcast_input_data/202009_202010
2026-06-16 16:16:28,270 [INFO]     Saving data...
2026-06-16 16:16:29,333 [INFO]   v_component_of_wind
2026-06-16 16:16:29,343 [INFO]     Loading files...
2026-06-16 16:25:30,737 [INFO]     Output directory: /glade/u/home/sressel/spencer-scratch/graphcast_input_data/202009_202010
2026-06-16 16:25:30,737 [INFO]     Saving data...
2026-06-16 16:25:31,731 [INFO]   specific_humidity
2026-06-16 16:25:31,733 [INFO]     Loading files...
2026-06-16 16:34:01,882 [INFO]     Output directory: /glade/u/home/sressel/spencer-scratch/graphcast_input_data/202009_202010
2026-06-16 16:34:01,882 [INFO]     Saving data...
2026-06-16 16:34:02,884 [INFO]   vertical_velocity
2026-06-16 16:34:02,888 [INFO]     Loading files...
2026-06-16 16:42:52,867 [INFO]     Output directory: /glade/u/home/sressel/spencer-scratch/graphcast_input_data/202009_202010
2026-06-16 16:42:52,868 [INFO]     Saving data...
2026-06-16 16:42:53,857 [INFO] Finished
2026-06-16 16:42:53,858 [INFO] Precipitation
2026-06-16 16:42:54,876 [INFO]     Downloading data...
2026-06-16 16:43:05,813 [INFO] [2025-12-11T00:00:00] Please note that a dedicated catalogue entry for this dataset, post-processed and stored in Analysis Ready Cloud Optimized (ARCO) format (Zarr), is available for optimised time-series retrievals (i.e. for retrieving data from selected variables for a single point over an extended period of time in an efficient way). You can discover it [here](https://cds.climate.copernicus.eu/datasets/reanalysis-era5-single-levels-timeseries?tab=overview)
2026-06-16 16:43:05,813 [INFO] Request ID is bd2a4942-8488-4f84-8267-88838791d62c
2026-06-16 16:43:05,993 [INFO] status has been updated to accepted
2026-06-16 16:43:20,002 [INFO] status has been updated to running
2026-06-16 16:49:28,858 [INFO] status has been updated to successful
2026-06-16 16:49:29,279 [INFO] Downloading https://object-store.os-api.cci2.ecmwf.int:443/cci2-prod-cache-2/2026-06-16/133ee947abec782f91d1c3495c95463c.nc
2026-06-16 16:50:39,389 [INFO]     Regridding data...
2026-06-16 16:51:08,035 [INFO]     Output directory: /glade/u/home/sressel/spencer-scratch/graphcast_input_data/202009_202010
2026-06-16 16:51:08,035 [INFO]     Saving data...
2026-06-16 16:51:08,644 [INFO] Finished
2026-06-16 16:51:08,645 [INFO] TOA Solar Radiation
2026-06-16 16:51:09,235 [INFO]     Downloading data...
2026-06-16 16:51:09,875 [INFO] [2025-12-11T00:00:00] Please note that a dedicated catalogue entry for this dataset, post-processed and stored in Analysis Ready Cloud Optimized (ARCO) format (Zarr), is available for optimised time-series retrievals (i.e. for retrieving data from selected variables for a single point over an extended period of time in an efficient way). You can discover it [here](https://cds.climate.copernicus.eu/datasets/reanalysis-era5-single-levels-timeseries?tab=overview)
2026-06-16 16:51:09,876 [INFO] Request ID is f5d8b072-6c4e-4bfc-a709-3c34d4c7d75a
2026-06-16 16:51:10,045 [INFO] status has been updated to accepted
2026-06-16 16:51:31,876 [INFO] status has been updated to running
2026-06-16 16:52:27,677 [INFO] status has been updated to successful
2026-06-16 16:52:28,034 [INFO] Downloading https://object-store.os-api.cci2.ecmwf.int:443/cci2-prod-cache-3/2026-06-16/5bc5a7953abd5a67c4227cf76774b82b.nc
2026-06-16 16:52:36,477 [INFO]     Regridding data...
2026-06-16 16:52:43,934 [INFO]     Output directory: /glade/u/home/sressel/spencer-scratch/graphcast_input_data/202009_202010
2026-06-16 16:52:43,934 [INFO]     Saving data...
2026-06-16 16:52:44,204 [INFO] Geopotential at Surface
2026-06-16 16:52:44,242 [INFO] Land Sea Mask
2026-06-16 16:52:44,278 [INFO] Load all data into a single dataset
2026-06-16 16:52:45,119 [INFO]     Saving data...
2026-06-16 16:52:57,049 [INFO] All Finished
2026-06-16 17:00:10,857 [INFO] Start date: 2017-11-01T00:00:00.000000000
2026-06-16 17:00:10,858 [INFO] End date: 2017-12-31T00:00:00.000000000
2026-06-16 17:00:10,859 [INFO] Starting data download script
2026-06-16 17:00:10,865 [INFO] Dates: 2017-11-01T00 : 2017-12-31T00
2026-06-16 17:00:10,866 [INFO] Creating output directory...
2026-06-16 17:00:10,868 [INFO] Graphcast data directory: /glade/u/home/sressel/spencer-scratch/graphcast_input_data/201711_201712
2026-06-16 17:00:10,868 [INFO] Surface level variables
2026-06-16 17:00:10,868 [INFO]   2m_temperature
2026-06-16 17:00:10,874 [INFO]     Loading files...
2026-06-16 17:02:13,112 [INFO]     Output directory: /glade/u/home/sressel/spencer-scratch/graphcast_input_data/201711_201712
2026-06-16 17:02:13,112 [INFO]     Saving data...
2026-06-16 17:02:13,378 [INFO]   mean_sea_level_pressure
2026-06-16 17:02:13,379 [INFO]     Loading files...
2026-06-16 17:03:56,801 [INFO]     Output directory: /glade/u/home/sressel/spencer-scratch/graphcast_input_data/201711_201712
2026-06-16 17:03:56,801 [INFO]     Saving data...
2026-06-16 17:03:57,013 [INFO]   10m_u_component_of_wind
2026-06-16 17:03:57,014 [INFO]     Loading files...
2026-06-16 17:05:50,646 [INFO]     Output directory: /glade/u/home/sressel/spencer-scratch/graphcast_input_data/201711_201712
2026-06-16 17:05:50,646 [INFO]     Saving data...
2026-06-16 17:05:50,973 [INFO]   10m_v_component_of_wind
2026-06-16 17:05:50,974 [INFO]     Loading files...
2026-06-16 17:07:53,200 [INFO]     Output directory: /glade/u/home/sressel/spencer-scratch/graphcast_input_data/201711_201712
2026-06-16 17:07:53,200 [INFO]     Saving data...
2026-06-16 17:07:53,448 [INFO] Finished
2026-06-16 17:07:53,448 [INFO] Pressure Level Data
2026-06-16 17:07:53,449 [INFO]   geopotential
2026-06-16 17:07:53,455 [INFO]     Loading files...
2026-06-16 17:16:05,271 [INFO]     Output directory: /glade/u/home/sressel/spencer-scratch/graphcast_input_data/201711_201712
2026-06-16 17:16:05,271 [INFO]     Saving data...
2026-06-16 17:16:06,109 [INFO]   temperature
2026-06-16 17:16:06,111 [INFO]     Loading files...
2026-06-16 17:24:27,453 [INFO]     Output directory: /glade/u/home/sressel/spencer-scratch/graphcast_input_data/201711_201712
2026-06-16 17:24:27,454 [INFO]     Saving data...
2026-06-16 17:24:28,408 [INFO]   u_component_of_wind
2026-06-16 17:24:28,410 [INFO]     Loading files...
2026-06-16 17:33:20,492 [INFO]     Output directory: /glade/u/home/sressel/spencer-scratch/graphcast_input_data/201711_201712
2026-06-16 17:33:20,493 [INFO]     Saving data...
2026-06-16 17:33:21,565 [INFO]   v_component_of_wind
2026-06-16 17:33:21,573 [INFO]     Loading files...
2026-06-16 17:42:22,568 [INFO]     Output directory: /glade/u/home/sressel/spencer-scratch/graphcast_input_data/201711_201712
2026-06-16 17:42:22,568 [INFO]     Saving data...
2026-06-16 17:42:23,467 [INFO]   specific_humidity
2026-06-16 17:42:23,469 [INFO]     Loading files...
2026-06-16 17:50:50,362 [INFO]     Output directory: /glade/u/home/sressel/spencer-scratch/graphcast_input_data/201711_201712
2026-06-16 17:50:50,362 [INFO]     Saving data...
2026-06-16 17:50:51,322 [INFO]   vertical_velocity
2026-06-16 17:50:51,325 [INFO]     Loading files...
2026-06-16 17:59:30,138 [INFO]     Output directory: /glade/u/home/sressel/spencer-scratch/graphcast_input_data/201711_201712
2026-06-16 17:59:30,140 [INFO]     Saving data...
2026-06-16 17:59:31,034 [INFO] Finished
2026-06-16 17:59:31,035 [INFO] Precipitation
2026-06-16 17:59:31,698 [INFO]     Downloading data...
2026-06-16 17:59:32,279 [INFO] [2025-12-11T00:00:00] Please note that a dedicated catalogue entry for this dataset, post-processed and stored in Analysis Ready Cloud Optimized (ARCO) format (Zarr), is available for optimised time-series retrievals (i.e. for retrieving data from selected variables for a single point over an extended period of time in an efficient way). You can discover it [here](https://cds.climate.copernicus.eu/datasets/reanalysis-era5-single-levels-timeseries?tab=overview)
2026-06-16 17:59:32,279 [INFO] Request ID is 546a2a1d-1613-4dd4-a309-c347d9fbbbf8
2026-06-16 17:59:32,444 [INFO] status has been updated to accepted
2026-06-16 17:59:46,597 [INFO] status has been updated to running
2026-06-16 18:03:52,939 [INFO] status has been updated to successful
2026-06-16 18:03:53,296 [INFO] Downloading https://object-store.os-api.cci2.ecmwf.int:443/cci2-prod-cache-1/2026-06-16/ff252c95c9875f71b2cd374a5c4c95b7.nc
2026-06-16 18:06:45,158 [INFO]     Regridding data...
2026-06-16 18:07:13,816 [INFO]     Output directory: /glade/u/home/sressel/spencer-scratch/graphcast_input_data/201711_201712
2026-06-16 18:07:13,817 [INFO]     Saving data...
2026-06-16 18:07:14,335 [INFO] Finished
2026-06-16 18:07:14,336 [INFO] TOA Solar Radiation
2026-06-16 18:07:14,917 [INFO]     Downloading data...
2026-06-16 18:07:16,115 [INFO] [2025-12-11T00:00:00] Please note that a dedicated catalogue entry for this dataset, post-processed and stored in Analysis Ready Cloud Optimized (ARCO) format (Zarr), is available for optimised time-series retrievals (i.e. for retrieving data from selected variables for a single point over an extended period of time in an efficient way). You can discover it [here](https://cds.climate.copernicus.eu/datasets/reanalysis-era5-single-levels-timeseries?tab=overview)
2026-06-16 18:07:16,115 [INFO] Request ID is 177cfaf9-bfcc-4b24-a1ee-15dddc995066
2026-06-16 18:07:16,280 [INFO] status has been updated to accepted
2026-06-16 18:07:38,060 [INFO] status has been updated to running
2026-06-16 18:08:32,661 [INFO] status has been updated to successful
2026-06-16 18:08:32,982 [INFO] Downloading https://object-store.os-api.cci2.ecmwf.int:443/cci2-prod-cache-1/2026-06-17/aaa1f5868e9ec2ad9de868cc6150bdd5.nc
2026-06-16 18:08:41,366 [INFO]     Regridding data...
2026-06-16 18:08:48,656 [INFO]     Output directory: /glade/u/home/sressel/spencer-scratch/graphcast_input_data/201711_201712
2026-06-16 18:08:48,657 [INFO]     Saving data...
2026-06-16 18:08:48,900 [INFO] Geopotential at Surface
2026-06-16 18:08:48,949 [INFO] Land Sea Mask
2026-06-16 18:08:48,979 [INFO] Load all data into a single dataset
2026-06-16 18:08:49,861 [INFO]     Saving data...
2026-06-16 18:09:00,304 [INFO] All Finished
2026-06-22 14:09:30,439 [INFO] Start date: 2016-10-01T00:00:00.000000000
2026-06-22 14:09:30,451 [INFO] End date: 2016-11-31T00:00:00.000000000
2026-06-22 14:09:30,451 [INFO] Starting data download script
2026-06-22 14:09:30,915 [ERROR] Uncaught exception
Traceback (most recent call last):
  File "parsing.pyx", line 684, in pandas._libs.tslibs.parsing.dateutil_parse
ValueError: day is out of range for month

The above exception was the direct cause of the following exception:

Traceback (most recent call last):
  File "/glade/u/home/sressel/thesis-work/python/graphcast/get_data_for_graphcast.py", line 91, in <module>
    pd.to_datetime(end_date).to_period("M").to_timestamp(),
    ^^^^^^^^^^^^^^^^^^^^^^^^
  File "/glade/work/sressel/conda-envs/modified-npl/lib/python3.12/site-packages/pandas/core/tools/datetimes.py", line 1101, in to_datetime
    result = convert_listlike(np.array([arg]), format)[0]
             ^^^^^^^^^^^^^^^^^^^^^^^^^^^^^^^^^^^^^^^^^
  File "/glade/work/sressel/conda-envs/modified-npl/lib/python3.12/site-packages/pandas/core/tools/datetimes.py", line 435, in _convert_listlike_datetimes
    result, tz_parsed = objects_to_datetime64(
                        ^^^^^^^^^^^^^^^^^^^^^^
  File "/glade/work/sressel/conda-envs/modified-npl/lib/python3.12/site-packages/pandas/core/arrays/datetimes.py", line 2398, in objects_to_datetime64
    result, tz_parsed = tslib.array_to_datetime(
                        ^^^^^^^^^^^^^^^^^^^^^^^^
  File "tslib.pyx", line 414, in pandas._libs.tslib.array_to_datetime
  File "tslib.pyx", line 596, in pandas._libs.tslib.array_to_datetime
  File "tslib.pyx", line 553, in pandas._libs.tslib.array_to_datetime
  File "conversion.pyx", line 641, in pandas._libs.tslibs.conversion.convert_str_to_tsobject
  File "parsing.pyx", line 336, in pandas._libs.tslibs.parsing.parse_datetime_string
  File "parsing.pyx", line 688, in pandas._libs.tslibs.parsing.dateutil_parse
pandas._libs.tslibs.parsing.DateParseError: day is out of range for month: 2016-11-31T00:00:00.000000000, at position 0
2026-06-22 14:10:48,265 [INFO] Start date: 2016-10-01T00:00:00.000000000
2026-06-22 14:10:48,265 [INFO] End date: 2016-11-30T00:00:00.000000000
2026-06-22 14:10:48,266 [INFO] Starting data download script
2026-06-22 14:10:48,269 [INFO] Dates: 2016-10-01T00 : 2016-11-30T00
2026-06-22 14:10:48,270 [INFO] Creating output directory...
2026-06-22 14:10:48,272 [INFO] Graphcast data directory: /glade/u/home/sressel/spencer-scratch/graphcast_input_data/201610_201611
2026-06-22 14:10:48,273 [INFO] Surface level variables
2026-06-22 14:10:48,273 [INFO]   2m_temperature
2026-06-22 14:10:48,284 [INFO]     Loading files...
2026-06-22 14:12:50,493 [INFO]     Output directory: /glade/u/home/sressel/spencer-scratch/graphcast_input_data/201610_201611
2026-06-22 14:12:50,513 [INFO]     Saving data...
2026-06-22 14:12:50,927 [INFO]   mean_sea_level_pressure
2026-06-22 14:12:50,928 [INFO]     Loading files...
2026-06-22 14:14:34,931 [INFO]     Output directory: /glade/u/home/sressel/spencer-scratch/graphcast_input_data/201610_201611
2026-06-22 14:14:34,931 [INFO]     Saving data...
2026-06-22 14:14:35,132 [INFO]   10m_u_component_of_wind
2026-06-22 14:14:35,133 [INFO]     Loading files...
2026-06-22 14:16:27,209 [INFO]     Output directory: /glade/u/home/sressel/spencer-scratch/graphcast_input_data/201610_201611
2026-06-22 14:16:27,210 [INFO]     Saving data...
2026-06-22 14:16:27,401 [INFO]   10m_v_component_of_wind
2026-06-22 14:16:27,403 [INFO]     Loading files...
2026-06-22 14:18:20,973 [INFO]     Output directory: /glade/u/home/sressel/spencer-scratch/graphcast_input_data/201610_201611
2026-06-22 14:18:20,974 [INFO]     Saving data...
2026-06-22 14:18:21,155 [INFO] Finished
2026-06-22 14:18:21,155 [INFO] Pressure Level Data
2026-06-22 14:18:21,156 [INFO]   geopotential
2026-06-22 14:18:21,163 [INFO]     Loading files...
2026-06-22 14:26:40,839 [INFO]     Output directory: /glade/u/home/sressel/spencer-scratch/graphcast_input_data/201610_201611
2026-06-22 14:26:40,839 [INFO]     Saving data...
2026-06-22 14:26:41,690 [INFO]   temperature
2026-06-22 14:26:41,692 [INFO]     Loading files...
2026-06-22 14:35:11,494 [INFO]     Output directory: /glade/u/home/sressel/spencer-scratch/graphcast_input_data/201610_201611
2026-06-22 14:35:11,495 [INFO]     Saving data...
2026-06-22 14:35:12,430 [INFO]   u_component_of_wind
2026-06-22 14:35:12,432 [INFO]     Loading files...
2026-06-22 14:44:05,944 [INFO]     Output directory: /glade/u/home/sressel/spencer-scratch/graphcast_input_data/201610_201611
2026-06-22 14:44:05,944 [INFO]     Saving data...
2026-06-22 14:44:06,799 [INFO]   v_component_of_wind
2026-06-22 14:44:06,802 [INFO]     Loading files...
2026-06-22 14:52:52,910 [INFO]     Output directory: /glade/u/home/sressel/spencer-scratch/graphcast_input_data/201610_201611
2026-06-22 14:52:52,911 [INFO]     Saving data...
2026-06-22 14:52:53,815 [INFO]   specific_humidity
2026-06-22 14:52:53,817 [INFO]     Loading files...
2026-06-22 15:01:58,533 [INFO]     Output directory: /glade/u/home/sressel/spencer-scratch/graphcast_input_data/201610_201611
2026-06-22 15:01:58,533 [INFO]     Saving data...
2026-06-22 15:01:59,424 [INFO]   vertical_velocity
2026-06-22 15:01:59,426 [INFO]     Loading files...
2026-06-22 15:13:25,859 [INFO]     Output directory: /glade/u/home/sressel/spencer-scratch/graphcast_input_data/201610_201611
2026-06-22 15:13:25,859 [INFO]     Saving data...
2026-06-22 15:13:26,803 [INFO] Finished
2026-06-22 15:13:26,804 [INFO] Precipitation
2026-06-22 15:13:27,899 [INFO]     Downloading data...
2026-06-22 15:13:28,551 [INFO] [2025-12-11T00:00:00] Please note that a dedicated catalogue entry for this dataset, post-processed and stored in Analysis Ready Cloud Optimized (ARCO) format (Zarr), is available for optimised time-series retrievals (i.e. for retrieving data from selected variables for a single point over an extended period of time in an efficient way). You can discover it [here](https://cds.climate.copernicus.eu/datasets/reanalysis-era5-single-levels-timeseries?tab=overview)
2026-06-22 15:13:28,551 [INFO] Request ID is 3d145508-23df-47eb-84aa-df00aebc1edb
2026-06-22 15:13:28,713 [INFO] status has been updated to accepted
2026-06-22 15:13:42,765 [INFO] status has been updated to running
2026-06-22 15:19:51,695 [INFO] status has been updated to successful
2026-06-22 15:19:52,033 [INFO] Downloading https://object-store.os-api.cci2.ecmwf.int:443/cci2-prod-cache-3/2026-06-22/3016edbaa17563c6bac47f316b0800c5.nc
2026-06-22 15:21:17,927 [INFO]     Regridding data...
2026-06-22 15:21:47,688 [INFO]     Output directory: /glade/u/home/sressel/spencer-scratch/graphcast_input_data/201610_201611
2026-06-22 15:21:47,689 [INFO]     Saving data...
2026-06-22 15:21:48,348 [INFO] Finished
2026-06-22 15:21:48,349 [INFO] TOA Solar Radiation
2026-06-22 15:21:48,967 [INFO]     Downloading data...
2026-06-22 15:21:52,103 [INFO] [2025-12-11T00:00:00] Please note that a dedicated catalogue entry for this dataset, post-processed and stored in Analysis Ready Cloud Optimized (ARCO) format (Zarr), is available for optimised time-series retrievals (i.e. for retrieving data from selected variables for a single point over an extended period of time in an efficient way). You can discover it [here](https://cds.climate.copernicus.eu/datasets/reanalysis-era5-single-levels-timeseries?tab=overview)
2026-06-22 15:21:52,104 [INFO] Request ID is 8cf4bb18-5e9f-4157-b6ea-7e13116ed2d1
2026-06-22 15:21:52,268 [INFO] status has been updated to accepted
2026-06-22 15:22:25,728 [INFO] status has been updated to running
2026-06-22 15:23:09,123 [INFO] status has been updated to successful
2026-06-22 15:23:12,258 [INFO] Downloading https://object-store.os-api.cci2.ecmwf.int:443/cci2-prod-cache-1/2026-06-22/878526918d723c494269b70727547d21.nc
2026-06-22 15:23:20,840 [INFO]     Regridding data...
2026-06-22 15:23:28,232 [INFO]     Output directory: /glade/u/home/sressel/spencer-scratch/graphcast_input_data/201610_201611
2026-06-22 15:23:28,233 [INFO]     Saving data...
2026-06-22 15:23:28,536 [INFO] Geopotential at Surface
2026-06-22 15:23:28,562 [INFO] Land Sea Mask
2026-06-22 15:23:28,617 [INFO] Load all data into a single dataset
2026-06-22 15:23:29,128 [INFO]     Saving data...
2026-06-22 15:23:35,495 [INFO] All Finished
2026-06-30 15:33:11,470 [INFO] Start date: 2021-05-01T00:00:00.000000000
2026-06-30 15:33:11,474 [INFO] End date: 2021-06-30T00:00:00.000000000
2026-06-30 15:33:11,474 [INFO] Starting data download script
2026-06-30 15:33:11,481 [INFO] Dates: 2021-05-01T00 : 2021-06-30T00
2026-06-30 15:33:11,482 [INFO] Creating output directory...
2026-06-30 15:33:11,484 [INFO] Graphcast data directory: /glade/u/home/sressel/spencer-scratch/graphcast_input_data/202105_202106
2026-06-30 15:33:11,485 [INFO] Surface level variables
2026-06-30 15:33:11,485 [INFO]   2m_temperature
2026-06-30 15:33:11,493 [INFO]     Loading files...
2026-06-30 15:35:07,853 [INFO]     Output directory: /glade/u/home/sressel/spencer-scratch/graphcast_input_data/202105_202106
2026-06-30 15:35:07,862 [INFO]     Saving data...
2026-06-30 15:35:08,292 [INFO]   mean_sea_level_pressure
2026-06-30 15:35:08,293 [INFO]     Loading files...
2026-06-30 15:36:50,221 [INFO]     Output directory: /glade/u/home/sressel/spencer-scratch/graphcast_input_data/202105_202106
2026-06-30 15:36:50,222 [INFO]     Saving data...
2026-06-30 15:36:50,436 [INFO]   10m_u_component_of_wind
2026-06-30 15:36:50,437 [INFO]     Loading files...
2026-06-30 15:38:40,218 [INFO]     Output directory: /glade/u/home/sressel/spencer-scratch/graphcast_input_data/202105_202106
2026-06-30 15:38:40,218 [INFO]     Saving data...
2026-06-30 15:38:40,442 [INFO]   10m_v_component_of_wind
2026-06-30 15:38:40,443 [INFO]     Loading files...
2026-06-30 15:40:29,857 [INFO]     Output directory: /glade/u/home/sressel/spencer-scratch/graphcast_input_data/202105_202106
2026-06-30 15:40:29,858 [INFO]     Saving data...
2026-06-30 15:40:30,075 [INFO] Finished
2026-06-30 15:40:30,076 [INFO] Pressure Level Data
2026-06-30 15:40:30,076 [INFO]   geopotential
2026-06-30 15:40:30,085 [INFO]     Loading files...
2026-06-30 15:49:09,940 [INFO]     Output directory: /glade/u/home/sressel/spencer-scratch/graphcast_input_data/202105_202106
2026-06-30 15:49:09,941 [INFO]     Saving data...
2026-06-30 15:49:10,893 [INFO]   temperature
2026-06-30 15:49:10,895 [INFO]     Loading files...
2026-06-30 15:57:58,537 [INFO]     Output directory: /glade/u/home/sressel/spencer-scratch/graphcast_input_data/202105_202106
2026-06-30 15:57:58,537 [INFO]     Saving data...
2026-06-30 15:57:59,466 [INFO]   u_component_of_wind
2026-06-30 15:57:59,468 [INFO]     Loading files...
2026-06-30 16:07:25,088 [INFO]     Output directory: /glade/u/home/sressel/spencer-scratch/graphcast_input_data/202105_202106
2026-06-30 16:07:25,124 [INFO]     Saving data...
2026-06-30 16:07:26,148 [INFO]   v_component_of_wind
2026-06-30 16:07:26,152 [INFO]     Loading files...
2026-06-30 16:17:47,087 [INFO]     Output directory: /glade/u/home/sressel/spencer-scratch/graphcast_input_data/202105_202106
2026-06-30 16:17:47,087 [INFO]     Saving data...
2026-06-30 16:17:48,584 [INFO]   specific_humidity
2026-06-30 16:17:48,586 [INFO]     Loading files...
2026-06-30 16:28:34,089 [INFO]     Output directory: /glade/u/home/sressel/spencer-scratch/graphcast_input_data/202105_202106
2026-06-30 16:28:34,094 [INFO]     Saving data...
2026-06-30 16:28:36,032 [INFO]   vertical_velocity
2026-06-30 16:28:36,040 [INFO]     Loading files...
2026-06-30 16:41:18,092 [INFO]     Output directory: /glade/u/home/sressel/spencer-scratch/graphcast_input_data/202105_202106
2026-06-30 16:41:18,093 [INFO]     Saving data...
2026-06-30 16:41:19,068 [INFO] Finished
2026-06-30 16:41:19,069 [INFO] Precipitation
2026-06-30 16:41:19,835 [INFO]     Downloading data...
2026-06-30 16:41:20,616 [INFO] Request ID is adb9b74b-4e19-405b-9baf-8467b076c71c
2026-06-30 16:41:23,482 [INFO] status has been updated to accepted
2026-06-30 16:41:32,272 [INFO] status has been updated to running
2026-06-30 16:45:45,732 [INFO] status has been updated to successful
2026-06-30 16:45:46,067 [INFO] Downloading https://object-store.os-api.cci2.ecmwf.int:443/cci2-prod-cache-2/2026-06-30/84f387aa272a1e5c1fe9cef9835cd1cc.nc
2026-06-30 16:47:05,051 [INFO]     Regridding data...
2026-06-30 16:47:37,051 [INFO]     Output directory: /glade/u/home/sressel/spencer-scratch/graphcast_input_data/202105_202106
2026-06-30 16:47:37,051 [INFO]     Saving data...
2026-06-30 16:47:37,545 [INFO] Finished
2026-06-30 16:47:37,546 [INFO] TOA Solar Radiation
2026-06-30 16:47:38,380 [INFO]     Downloading data...
2026-06-30 16:47:39,314 [INFO] Request ID is e209ede2-baad-413b-a07a-eb97d42f142f
2026-06-30 16:47:39,480 [INFO] status has been updated to accepted
2026-06-30 16:47:53,494 [INFO] status has been updated to running
2026-06-30 16:49:34,434 [INFO] status has been updated to successful
2026-06-30 16:49:34,753 [INFO] Downloading https://object-store.os-api.cci2.ecmwf.int:443/cci2-prod-cache-2/2026-06-30/f4b9e8d951b8a00edd6b2dde602b399.nc
2026-06-30 16:49:42,828 [INFO]     Regridding data...
2026-06-30 16:49:50,488 [INFO]     Output directory: /glade/u/home/sressel/spencer-scratch/graphcast_input_data/202105_202106
2026-06-30 16:49:50,489 [INFO]     Saving data...
2026-06-30 16:49:50,803 [INFO] Geopotential at Surface
2026-06-30 16:49:50,826 [INFO] Land Sea Mask
2026-06-30 16:49:50,888 [INFO] Load all data into a single dataset
2026-06-30 16:49:51,393 [INFO]     Saving data...
2026-06-30 16:49:57,747 [INFO] All Finished
2026-07-01 16:50:52,343 [INFO] Start date: 1986-10-01T00:00:00.000000000
2026-07-01 16:50:52,347 [INFO] End date: 1986-11-30T00:00:00.000000000
2026-07-01 16:50:52,348 [INFO] Starting data download script
2026-07-01 16:50:52,354 [INFO] Dates: 1986-10-01T00 : 1986-11-30T00
2026-07-01 16:50:52,354 [INFO] Creating output directory...
2026-07-01 16:50:52,357 [INFO] Graphcast data directory: /glade/u/home/sressel/spencer-scratch/graphcast_input_data/198610_198611
2026-07-01 16:50:52,357 [INFO] Surface level variables
2026-07-01 16:50:52,357 [INFO]   2m_temperature
2026-07-01 16:50:52,364 [INFO]     Loading files...
2026-07-01 16:52:55,987 [INFO]     Output directory: /glade/u/home/sressel/spencer-scratch/graphcast_input_data/198610_198611
2026-07-01 16:52:56,016 [INFO]     Saving data...
2026-07-01 16:52:56,491 [INFO]   mean_sea_level_pressure
2026-07-01 16:52:56,492 [INFO]     Loading files...
2026-07-01 16:54:46,279 [INFO]     Output directory: /glade/u/home/sressel/spencer-scratch/graphcast_input_data/198610_198611
2026-07-01 16:54:46,279 [INFO]     Saving data...
2026-07-01 16:54:46,832 [INFO]   10m_u_component_of_wind
2026-07-01 16:54:46,833 [INFO]     Loading files...
2026-07-01 16:56:51,208 [INFO]     Output directory: /glade/u/home/sressel/spencer-scratch/graphcast_input_data/198610_198611
2026-07-01 16:56:51,208 [INFO]     Saving data...
2026-07-01 16:56:51,424 [INFO]   10m_v_component_of_wind
2026-07-01 16:56:51,425 [INFO]     Loading files...
2026-07-01 16:59:03,127 [INFO]     Output directory: /glade/u/home/sressel/spencer-scratch/graphcast_input_data/198610_198611
2026-07-01 16:59:03,132 [INFO]     Saving data...
2026-07-01 16:59:03,437 [INFO] Finished
2026-07-01 16:59:03,437 [INFO] Pressure Level Data
2026-07-01 16:59:03,438 [INFO]   geopotential
2026-07-01 16:59:03,451 [INFO]     Loading files...
2026-07-01 17:11:27,238 [INFO]     Output directory: /glade/u/home/sressel/spencer-scratch/graphcast_input_data/198610_198611
2026-07-01 17:11:27,239 [INFO]     Saving data...
2026-07-01 17:11:28,143 [INFO]   temperature
2026-07-01 17:11:28,145 [INFO]     Loading files...
2026-07-01 17:24:21,987 [INFO]     Output directory: /glade/u/home/sressel/spencer-scratch/graphcast_input_data/198610_198611
2026-07-01 17:24:21,988 [INFO]     Saving data...
2026-07-01 17:24:23,008 [INFO]   u_component_of_wind
2026-07-01 17:24:23,012 [INFO]     Loading files...
2026-07-01 17:36:39,695 [INFO]     Output directory: /glade/u/home/sressel/spencer-scratch/graphcast_input_data/198610_198611
2026-07-01 17:36:39,696 [INFO]     Saving data...
2026-07-01 17:36:40,646 [INFO]   v_component_of_wind
2026-07-01 17:36:40,649 [INFO]     Loading files...
2026-07-01 17:49:30,857 [INFO]     Output directory: /glade/u/home/sressel/spencer-scratch/graphcast_input_data/198610_198611
2026-07-01 17:49:30,858 [INFO]     Saving data...
2026-07-01 17:49:31,745 [INFO]   specific_humidity
2026-07-01 17:49:31,748 [INFO]     Loading files...
2026-07-01 17:58:03,251 [INFO]     Output directory: /glade/u/home/sressel/spencer-scratch/graphcast_input_data/198610_198611
2026-07-01 17:58:03,252 [INFO]     Saving data...
2026-07-01 17:58:04,131 [INFO]   vertical_velocity
2026-07-01 17:58:04,134 [INFO]     Loading files...
2026-07-01 18:06:48,326 [INFO]     Output directory: /glade/u/home/sressel/spencer-scratch/graphcast_input_data/198610_198611
2026-07-01 18:06:48,347 [INFO]     Saving data...
2026-07-01 18:06:49,251 [INFO] Finished
2026-07-01 18:06:49,252 [INFO] Precipitation
2026-07-01 18:06:50,184 [INFO]     Downloading data...
2026-07-01 18:06:50,815 [INFO] Request ID is 98f11d1e-45c6-4e3d-bd81-7b8edb92953c
2026-07-01 18:06:51,010 [INFO] status has been updated to accepted
2026-07-01 18:07:13,408 [INFO] status has been updated to running
2026-07-01 18:11:12,181 [INFO] status has been updated to successful
2026-07-01 18:11:12,551 [INFO] Downloading https://object-store.os-api.cci2.ecmwf.int:443/cci2-prod-cache-3/2026-07-02/883bb38c591f9030f21243816cc698fc.nc
2026-07-01 18:12:44,565 [INFO]     Regridding data...
2026-07-01 18:13:13,631 [INFO]     Output directory: /glade/u/home/sressel/spencer-scratch/graphcast_input_data/198610_198611
2026-07-01 18:13:13,631 [INFO]     Saving data...
2026-07-01 18:13:14,179 [INFO] Finished
2026-07-01 18:13:14,180 [INFO] TOA Solar Radiation
2026-07-01 18:13:14,831 [INFO]     Downloading data...
2026-07-01 18:13:15,545 [INFO] Request ID is 85cc970f-9744-4b93-a677-46a5268311cc
2026-07-01 18:13:15,734 [INFO] status has been updated to accepted
2026-07-01 18:13:49,151 [INFO] status has been updated to running
2026-07-01 18:15:11,062 [INFO] status has been updated to successful
2026-07-01 18:15:13,824 [INFO] Downloading https://object-store.os-api.cci2.ecmwf.int:443/cci2-prod-cache-3/2026-07-02/94802841ce2a97919b5ddf179090a3a4.nc
2026-07-01 18:15:23,729 [INFO]     Regridding data...
2026-07-01 18:15:31,308 [INFO]     Output directory: /glade/u/home/sressel/spencer-scratch/graphcast_input_data/198610_198611
2026-07-01 18:15:31,309 [INFO]     Saving data...
2026-07-01 18:15:31,638 [INFO] Geopotential at Surface
2026-07-01 18:15:31,703 [INFO] Land Sea Mask
2026-07-01 18:15:31,783 [INFO] Load all data into a single dataset
2026-07-01 18:15:32,322 [INFO]     Saving data...
2026-07-01 18:15:38,598 [INFO] All Finished
2026-07-03 10:52:18,205 [INFO] Start date: 1979-01-01
2026-07-03 10:52:18,213 [INFO] End date: 2021-12-31
2026-07-03 10:52:18,214 [INFO] Starting data download script
2026-07-03 10:52:18,224 [INFO] Dates: 1979-01-01T00 : 2021-12-31T00
2026-07-03 10:52:18,225 [INFO] Graphcast data directory: /glade/u/home/sressel/spencer-scratch/graphcast_input_data/climatology/
2026-07-03 10:52:18,228 [INFO] Pressure Level Data
2026-07-03 10:52:18,230 [INFO]   u_component_of_wind
2026-07-03 10:52:20,076 [INFO]     Loading files...
2026-07-03 10:52:46,174 [INFO]     Output directory: /glade/u/home/sressel/spencer-scratch/graphcast_input_data/climatology/
2026-07-03 10:52:46,176 [INFO]     Saving data...
2026-07-03 10:52:46,357 [INFO]   v_component_of_wind
2026-07-03 10:52:46,659 [INFO]     Loading files...
2026-07-03 10:53:08,631 [INFO]     Output directory: /glade/u/home/sressel/spencer-scratch/graphcast_input_data/climatology/
2026-07-03 10:53:08,632 [INFO]     Saving data...
2026-07-03 10:53:08,806 [INFO] Finished
2026-07-03 10:56:21,303 [INFO] Start date: 1979-01-01
2026-07-03 10:56:21,304 [INFO] End date: 2021-12-31
2026-07-03 10:56:21,305 [INFO] Starting data download script
2026-07-03 10:56:21,310 [INFO] Dates: 1979-01-01T00 : 2021-12-31T00
2026-07-03 10:56:21,314 [INFO] Graphcast data directory: /glade/u/home/sressel/spencer-scratch/graphcast_input_data/climatology/
2026-07-03 10:56:21,319 [INFO] Pressure Level Data
2026-07-03 10:56:21,321 [INFO]   u_component_of_wind
2026-07-03 10:56:21,661 [INFO]     Loading files...
2026-07-03 10:56:41,625 [INFO]     Output directory: /glade/u/home/sressel/spencer-scratch/graphcast_input_data/climatology/
2026-07-03 10:56:41,626 [INFO]     Saving data...
2026-07-06 10:54:45,885 [INFO] Start date: 2000-01-01
2026-07-06 10:54:45,888 [INFO] End date: 2001-01-01
2026-07-06 10:54:45,889 [INFO] Starting data download script
2026-07-06 10:54:45,898 [INFO] Dates: 2000-01-01T00 : 2001-01-01T00
2026-07-06 10:54:45,901 [INFO] Creating output directory...
2026-07-06 10:54:45,917 [INFO] Graphcast data directory: /glade/u/home/sressel/spencer-scratch/graphcast_input_data/200001_200101
2026-07-06 10:54:45,918 [INFO] Pressure Level Data
2026-07-06 10:54:48,109 [INFO]   u_component_of_wind
2026-07-06 10:54:48,183 [INFO]     Loading files...
2026-07-06 10:56:14,118 [INFO] Start date: 2000-01-01
2026-07-06 10:56:14,120 [INFO] End date: 2001-01-01
2026-07-06 10:56:14,121 [INFO] Starting data download script
2026-07-06 10:56:14,126 [INFO] Dates: 2000-01-01T00 : 2001-01-01T00
2026-07-06 10:56:14,129 [INFO] Graphcast data directory: /glade/u/home/sressel/spencer-scratch/graphcast_input_data/200001_200101
2026-07-06 10:56:14,130 [INFO] Pressure Level Data
2026-07-06 10:56:14,132 [INFO]   u_component_of_wind
2026-07-06 10:56:14,143 [INFO]     Loading files...
2026-07-06 10:58:05,009 [INFO] Start date: 2020-01-01
2026-07-06 10:58:05,010 [INFO] End date: 2022-01-01
2026-07-06 10:58:05,011 [INFO] Starting data download script
2026-07-06 10:58:05,014 [INFO] Dates: 2020-01-01T00 : 2022-01-01T00
2026-07-06 10:58:05,015 [INFO] Creating output directory...
2026-07-06 10:58:05,017 [INFO] Graphcast data directory: /glade/u/home/sressel/spencer-scratch/graphcast_input_data/climatology/202001_202201
2026-07-06 10:58:05,017 [INFO] Pressure Level Data
2026-07-06 10:58:05,019 [INFO]   u_component_of_wind
2026-07-06 10:58:05,720 [INFO]     Loading files...
2026-07-06 13:33:56,004 [INFO]     Output directory: /glade/u/home/sressel/spencer-scratch/graphcast_input_data/climatology/202001_202201
2026-07-06 13:33:56,009 [INFO]     Saving data...
2026-07-06 13:33:57,452 [INFO]   v_component_of_wind
2026-07-06 13:33:57,478 [INFO]     Loading files...
2026-07-06 16:06:48,576 [INFO]     Output directory: /glade/u/home/sressel/spencer-scratch/graphcast_input_data/climatology/202001_202201
2026-07-06 16:06:48,597 [INFO]     Saving data...
2026-07-06 16:06:49,937 [INFO] Finished
2026-07-08 12:40:43,165 [INFO] Start date: 2020-01-01
2026-07-08 12:40:43,169 [INFO] End date: 2022-01-01
2026-07-08 12:40:43,170 [INFO] Starting data download script
2026-07-08 12:40:43,173 [INFO] Dates: 2020-01-01T00 : 2022-01-01T00
2026-07-08 12:40:43,174 [INFO] Graphcast data directory: /glade/u/home/sressel/spencer-scratch/graphcast_input_data/climatology/202001_202201
2026-07-08 12:40:43,175 [INFO] Finished
2026-07-08 12:46:32,057 [INFO]   u_component_of_wind
2026-07-08 12:46:52,190 [INFO]   u_component_of_wind
2026-07-08 12:52:42,536 [INFO] Start date: 2001-01-01
2026-07-08 12:52:42,537 [INFO] End date: 2010-01-01
2026-07-08 12:52:42,537 [INFO] Starting data download script
2026-07-08 12:52:42,540 [INFO] Dates: 2001-01-01T00 : 2010-01-01T00
2026-07-08 12:52:42,540 [INFO] Graphcast data directory: /glade/u/home/sressel/spencer-scratch/graphcast_input_data/climatology/
2026-07-08 12:52:42,541 [INFO] Pressure Level Data
2026-07-08 12:52:42,542 [INFO]   u_component_of_wind
2026-07-08 12:52:42,543 [INFO] {year}
2026-07-08 12:52:42,595 [INFO]     Loading files...
2026-07-08 12:53:38,972 [INFO] Start date: 2001-01-01
2026-07-08 12:53:38,972 [INFO] End date: 2010-01-01
2026-07-08 12:53:38,973 [INFO] Starting data download script
2026-07-08 12:53:38,975 [INFO] Dates: 2001-01-01T00 : 2010-01-01T00
2026-07-08 12:53:38,976 [INFO] Graphcast data directory: /glade/u/home/sressel/spencer-scratch/graphcast_input_data/climatology/
2026-07-08 12:53:38,977 [INFO] Pressure Level Data
2026-07-08 12:53:38,978 [INFO]   u_component_of_wind
2026-07-08 12:53:38,978 [INFO] 2001
2026-07-08 12:53:38,994 [INFO]       Loading files...
2026-07-08 12:54:14,209 [INFO] Start date: 2001-01-01
2026-07-08 12:54:14,211 [INFO] End date: 2010-01-01
2026-07-08 12:54:14,211 [INFO] Starting data download script
2026-07-08 12:54:14,214 [INFO] Dates: 2001-01-01T00 : 2010-01-01T00
2026-07-08 12:54:14,216 [INFO] Graphcast data directory: /glade/u/home/sressel/spencer-scratch/graphcast_input_data/climatology/
2026-07-08 12:54:14,217 [INFO] Pressure Level Data
2026-07-08 12:54:14,218 [INFO]   u_component_of_wind
2026-07-08 12:54:14,219 [INFO]     2001
2026-07-08 12:54:14,233 [INFO]       Loading files...
2026-07-08 12:55:40,133 [INFO] Start date: 2001-01-01
2026-07-08 12:55:40,135 [INFO] End date:   2010-01-01
2026-07-08 12:55:40,141 [INFO] Dates: 2001-01-01T00 : 2010-01-01T00
2026-07-08 12:55:40,142 [INFO] Graphcast data directory: /glade/u/home/sressel/spencer-scratch/graphcast_input_data/climatology/
2026-07-08 12:55:40,143 [INFO] u_component_of_wind
2026-07-08 12:55:40,148 [INFO] --2001
2026-07-08 12:55:40,157 [INFO] ----Loading files...
2026-07-08 12:56:04,182 [INFO] Start date: 2001-01-01
2026-07-08 12:56:04,186 [INFO] End date:   2010-01-01
2026-07-08 12:56:04,190 [INFO] Dates: 2001-01-01T00 : 2010-01-01T00
2026-07-08 12:56:04,191 [INFO] Graphcast data directory: /glade/u/home/sressel/spencer-scratch/graphcast_input_data/climatology/
2026-07-08 12:56:04,203 [INFO] u_component_of_wind
2026-07-08 12:56:04,204 [INFO] -- 2001
2026-07-08 12:56:04,213 [INFO] ---- Loading files...
2026-07-08 13:46:16,903 [INFO] ---- Output directory: /glade/u/home/sressel/spencer-scratch/graphcast_input_data/climatology//2001
2026-07-08 13:46:16,906 [INFO] ---- Saving data...
2026-07-08 13:46:17,965 [INFO] -- 2002
2026-07-08 13:46:18,008 [INFO] ---- Loading files...
2026-07-08 14:36:00,085 [INFO] ---- Output directory: /glade/u/home/sressel/spencer-scratch/graphcast_input_data/climatology//2002
2026-07-08 14:36:00,786 [INFO] ---- Saving data...
2026-07-08 14:36:01,879 [INFO] -- 2003
2026-07-08 14:36:01,923 [INFO] ---- Loading files...
2026-07-16 12:47:33,098 [INFO] Start date: 2020-09-01T00:00:00.000000000
2026-07-16 12:47:33,100 [INFO] End date: 2020-11-30T00:00:00.000000000
2026-07-16 12:47:33,100 [INFO] Starting data download script
2026-07-16 12:47:33,104 [INFO] Dates: 2020-09-01T00 : 2020-11-30T00
2026-07-16 12:47:33,104 [INFO] Creating output directory...
2026-07-16 12:47:33,107 [INFO] Graphcast data directory: /glade/u/home/sressel/spencer-scratch/graphcast_input_data/202009_202011
2026-07-16 12:47:33,107 [INFO] Surface level variables
2026-07-16 12:47:33,107 [INFO]   2m_temperature
2026-07-16 12:47:33,133 [INFO]     Loading files...
2026-07-16 12:50:39,309 [INFO]     Output directory: /glade/u/home/sressel/spencer-scratch/graphcast_input_data/202009_202011
2026-07-16 12:50:39,310 [INFO]     Saving data...
2026-07-16 12:50:39,518 [INFO]   mean_sea_level_pressure
2026-07-16 12:50:39,519 [INFO]     Loading files...
2026-07-16 12:53:23,826 [INFO]     Output directory: /glade/u/home/sressel/spencer-scratch/graphcast_input_data/202009_202011
2026-07-16 12:53:23,827 [INFO]     Saving data...
2026-07-16 12:53:24,044 [INFO]   10m_u_component_of_wind
2026-07-16 12:53:24,045 [INFO]     Loading files...
2026-07-16 12:56:26,485 [INFO]     Output directory: /glade/u/home/sressel/spencer-scratch/graphcast_input_data/202009_202011
2026-07-16 12:56:26,486 [INFO]     Saving data...
2026-07-16 12:56:26,695 [INFO]   10m_v_component_of_wind
2026-07-16 12:56:26,696 [INFO]     Loading files...
2026-07-16 12:59:29,873 [INFO]     Output directory: /glade/u/home/sressel/spencer-scratch/graphcast_input_data/202009_202011
2026-07-16 12:59:29,874 [INFO]     Saving data...
2026-07-16 12:59:30,066 [INFO] Finished
2026-07-16 12:59:30,066 [INFO] Pressure Level Data
2026-07-16 12:59:30,067 [INFO]   geopotential
2026-07-16 12:59:30,077 [INFO]     Loading files...
2026-07-16 13:17:44,843 [INFO]     Output directory: /glade/u/home/sressel/spencer-scratch/graphcast_input_data/202009_202011
2026-07-16 13:17:44,844 [INFO]     Saving data...
2026-07-16 13:17:45,817 [INFO]   temperature
2026-07-16 13:17:45,821 [INFO]     Loading files...
2026-07-16 13:36:13,853 [INFO]     Output directory: /glade/u/home/sressel/spencer-scratch/graphcast_input_data/202009_202011
2026-07-16 13:36:13,854 [INFO]     Saving data...
2026-07-16 13:36:14,905 [INFO]   u_component_of_wind
2026-07-16 13:36:14,916 [INFO]     Loading files...
2026-07-16 13:55:11,546 [INFO]     Output directory: /glade/u/home/sressel/spencer-scratch/graphcast_input_data/202009_202011
2026-07-16 13:55:11,547 [INFO]     Saving data...
2026-07-16 13:55:12,516 [INFO]   v_component_of_wind
2026-07-16 13:55:12,520 [INFO]     Loading files...
2026-07-16 14:14:39,039 [INFO]     Output directory: /glade/u/home/sressel/spencer-scratch/graphcast_input_data/202009_202011
2026-07-16 14:14:40,009 [INFO]     Saving data...
2026-07-16 14:14:41,007 [INFO]   specific_humidity
2026-07-16 14:14:41,013 [INFO]     Loading files...
2026-07-16 14:32:50,912 [INFO]     Output directory: /glade/u/home/sressel/spencer-scratch/graphcast_input_data/202009_202011
2026-07-16 14:32:50,913 [INFO]     Saving data...
2026-07-16 14:32:51,886 [INFO]   vertical_velocity
2026-07-16 14:32:51,890 [INFO]     Loading files...
2026-07-16 14:51:40,997 [INFO]     Output directory: /glade/u/home/sressel/spencer-scratch/graphcast_input_data/202009_202011
2026-07-16 14:51:40,998 [INFO]     Saving data...
2026-07-16 14:51:42,113 [INFO] Finished
2026-07-16 14:51:42,113 [INFO] Precipitation
2026-07-16 14:51:43,130 [INFO]     Downloading data...
2026-07-16 14:51:45,141 [INFO] Request ID is c66f1b6c-156d-46cf-b7be-9ee4e2291886
2026-07-16 14:51:47,036 [INFO] status has been updated to accepted
2026-07-16 14:52:08,872 [INFO] status has been updated to running
2026-07-16 14:58:10,126 [INFO] status has been updated to successful
2026-07-16 14:58:10,523 [INFO] Downloading https://object-store.os-api.cci2.ecmwf.int:443/cci2-prod-cache-3/2026-07-16/b400f882778e409dc4993d2d0e8e2836.nc
2026-07-16 14:59:49,719 [INFO]     Regridding data...
2026-07-16 15:00:50,885 [INFO]     Output directory: /glade/u/home/sressel/spencer-scratch/graphcast_input_data/202009_202011
2026-07-16 15:00:50,886 [INFO]     Saving data...
2026-07-16 15:00:51,425 [INFO] Finished
2026-07-16 15:00:51,425 [INFO] TOA Solar Radiation
2026-07-16 15:00:52,316 [INFO]     Downloading data...
2026-07-16 15:00:53,012 [INFO] Request ID is 9a56624e-17bd-4981-81fd-aed45aba51fa
2026-07-16 15:00:55,785 [INFO] status has been updated to accepted
2026-07-16 15:01:19,172 [INFO] status has been updated to running
2026-07-16 15:02:53,255 [INFO] status has been updated to successful
2026-07-16 15:02:53,594 [INFO] Downloading https://object-store.os-api.cci2.ecmwf.int:443/cci2-prod-cache-2/2026-07-16/139286932e1dfd7e0657308bbe03126d.nc
2026-07-16 15:03:05,672 [INFO]     Regridding data...
2026-07-16 15:03:18,511 [INFO]     Output directory: /glade/u/home/sressel/spencer-scratch/graphcast_input_data/202009_202011
2026-07-16 15:03:18,512 [INFO]     Saving data...
2026-07-16 15:03:18,758 [INFO] Geopotential at Surface
2026-07-16 15:03:18,795 [INFO] Land Sea Mask
2026-07-16 15:03:18,818 [INFO] Load all data into a single dataset
2026-07-16 15:03:19,499 [INFO]     Saving data...
2026-07-16 15:03:29,719 [INFO] All Finished
2026-07-17 12:56:16,344 [INFO] Start date: 2020-05-01T00:00:00.000000000
2026-07-17 12:56:16,345 [INFO] End date: 2020-08-31T00:00:00.000000000
2026-07-17 12:56:16,346 [INFO] Starting data download script
2026-07-17 12:56:16,355 [INFO] Dates: 2020-05-01T00 : 2020-08-31T00
2026-07-17 12:56:16,357 [INFO] Creating output directory...
2026-07-17 12:56:16,359 [INFO] Graphcast data directory: /glade/u/home/sressel/spencer-scratch/graphcast_input_data/2020-05_2020-08
2026-07-17 12:56:16,359 [INFO] Surface level variables
2026-07-17 12:56:16,359 [INFO]   2m_temperature
2026-07-17 12:56:16,375 [INFO]     Output directory: /glade/u/home/sressel/spencer-scratch/graphcast_input_data/2020-05_2020-08
2026-07-17 12:56:16,376 [INFO]     Saving data...
2026-07-17 12:56:16,376 [ERROR] Uncaught exception
Traceback (most recent call last):
  File "/glade/u/home/sressel/thesis-work/python/graphcast/get_data_for_graphcast.py", line 141, in <module>
    surface_data.to_netcdf(f"{graphcast_data_directory}/{variable}.nc")
    ^^^^^^^^^^^^
NameError: name 'surface_data' is not defined. Did you mean: 'surface_base'?
2026-07-17 13:38:26,935 [INFO] Start date: 2020-05-01T00:00:00.000000000
2026-07-17 13:38:26,936 [INFO] End date: 2020-08-31T00:00:00.000000000
2026-07-17 13:38:26,937 [INFO] Starting data download script
2026-07-17 13:38:26,942 [INFO] Dates: 2020-05-01T00 : 2020-08-31T00
2026-07-17 13:38:26,942 [INFO] Graphcast data directory: /glade/u/home/sressel/spencer-scratch/graphcast_input_data/2020-05_2020-08
2026-07-17 13:38:26,942 [INFO] Surface level variables
2026-07-17 13:38:26,942 [INFO]   2m_temperature
2026-07-17 13:38:26,951 [INFO]     Loading files...
2026-07-17 13:42:24,809 [INFO]     Output directory: /glade/u/home/sressel/spencer-scratch/graphcast_input_data/2020-05_2020-08
2026-07-17 13:42:24,885 [INFO]     Saving data...
2026-07-17 13:42:25,352 [INFO]   mean_sea_level_pressure
2026-07-17 13:42:25,355 [INFO]     Loading files...
2026-07-17 13:45:49,993 [INFO]     Output directory: /glade/u/home/sressel/spencer-scratch/graphcast_input_data/2020-05_2020-08
2026-07-17 13:45:49,994 [INFO]     Saving data...
2026-07-17 13:45:50,264 [INFO]   10m_u_component_of_wind
2026-07-17 13:45:50,265 [INFO]     Loading files...
2026-07-17 13:49:39,993 [INFO]     Output directory: /glade/u/home/sressel/spencer-scratch/graphcast_input_data/2020-05_2020-08
2026-07-17 13:49:39,994 [INFO]     Saving data...
2026-07-17 13:49:40,235 [INFO]   10m_v_component_of_wind
2026-07-17 13:49:40,236 [INFO]     Loading files...
2026-07-17 13:53:20,810 [INFO]     Output directory: /glade/u/home/sressel/spencer-scratch/graphcast_input_data/2020-05_2020-08
2026-07-17 13:53:20,810 [INFO]     Saving data...
2026-07-17 13:53:21,084 [INFO] Finished
2026-07-17 13:53:21,084 [INFO] Pressure Level Data
2026-07-17 13:53:21,084 [INFO]   geopotential
2026-07-17 13:53:21,102 [INFO]     Loading files...
2026-07-17 14:10:06,063 [INFO]     Output directory: /glade/u/home/sressel/spencer-scratch/graphcast_input_data/2020-05_2020-08
2026-07-17 14:10:06,090 [INFO]     Saving data...
2026-07-17 14:10:07,838 [INFO]   temperature
2026-07-17 14:10:07,842 [INFO]     Loading files...
2026-07-17 14:27:10,493 [INFO]     Output directory: /glade/u/home/sressel/spencer-scratch/graphcast_input_data/2020-05_2020-08
2026-07-17 14:27:10,493 [INFO]     Saving data...
2026-07-17 14:27:12,251 [INFO]   u_component_of_wind
2026-07-17 14:27:12,255 [INFO]     Loading files...
2026-07-17 14:45:01,285 [INFO]     Output directory: /glade/u/home/sressel/spencer-scratch/graphcast_input_data/2020-05_2020-08
2026-07-17 14:45:01,285 [INFO]     Saving data...
2026-07-17 14:45:03,046 [INFO]   v_component_of_wind
2026-07-17 14:45:03,050 [INFO]     Loading files...
2026-07-17 15:02:43,680 [INFO]     Output directory: /glade/u/home/sressel/spencer-scratch/graphcast_input_data/2020-05_2020-08
2026-07-17 15:02:43,680 [INFO]     Saving data...
2026-07-17 15:02:45,424 [INFO]   specific_humidity
2026-07-17 15:02:45,430 [INFO]     Loading files...
2026-07-17 15:19:32,748 [INFO]     Output directory: /glade/u/home/sressel/spencer-scratch/graphcast_input_data/2020-05_2020-08
2026-07-17 15:19:32,748 [INFO]     Saving data...
2026-07-17 15:19:34,538 [INFO]   vertical_velocity
2026-07-17 15:19:34,542 [INFO]     Loading files...
2026-07-17 15:37:00,663 [INFO]     Output directory: /glade/u/home/sressel/spencer-scratch/graphcast_input_data/2020-05_2020-08
2026-07-17 15:37:00,664 [INFO]     Saving data...
2026-07-17 15:37:02,395 [INFO] Finished
2026-07-17 15:37:02,396 [INFO] Precipitation
2026-07-17 15:37:03,224 [INFO]     Downloading data...
2026-07-17 15:37:04,467 [INFO] Request ID is 1758c00d-645b-479c-8cc4-150b3649d85c
2026-07-17 15:37:04,634 [INFO] status has been updated to accepted
2026-07-17 15:37:18,649 [INFO] status has been updated to running
2026-07-17 15:45:28,697 [INFO] status has been updated to successful
2026-07-17 15:45:29,028 [INFO] Downloading https://object-store.os-api.cci2.ecmwf.int:443/cci2-prod-cache-2/2026-07-17/8cfd3567044779cc643bbeb47b071de2.nc
2026-07-17 15:49:52,767 [INFO]     Regridding data...
2026-07-17 15:50:43,680 [INFO]     Output directory: /glade/u/home/sressel/spencer-scratch/graphcast_input_data/2020-05_2020-08
2026-07-17 15:50:43,681 [INFO]     Saving data...
2026-07-17 15:50:44,630 [INFO] Finished
2026-07-17 15:50:44,630 [INFO] TOA Solar Radiation
2026-07-17 15:50:45,228 [INFO]     Downloading data...
2026-07-17 15:50:49,134 [INFO] Request ID is 3d3121cf-8323-4130-9cc6-d854740d3d4c
2026-07-17 15:50:49,301 [INFO] status has been updated to accepted
2026-07-17 15:51:11,244 [INFO] status has been updated to running
2026-07-17 15:52:44,656 [INFO] status has been updated to successful
2026-07-17 15:52:44,990 [INFO] Downloading https://object-store.os-api.cci2.ecmwf.int:443/cci2-prod-cache-2/2026-07-17/423e990abc471a858a65a728f63482cb.nc
2026-07-17 15:52:59,081 [INFO]     Regridding data...
2026-07-17 15:53:08,797 [INFO]     Output directory: /glade/u/home/sressel/spencer-scratch/graphcast_input_data/2020-05_2020-08
2026-07-17 15:53:08,798 [INFO]     Saving data...
2026-07-17 15:53:09,195 [INFO] Geopotential at Surface
2026-07-17 15:53:09,240 [INFO] Land Sea Mask
2026-07-17 15:53:09,293 [INFO] Load all data into a single dataset
2026-07-17 15:53:10,131 [INFO]     Saving data...
2026-07-17 15:53:35,947 [INFO] All Finished
