2026-08-19 16:08:21,353 [INFO] Start date: 1987-07-01T00:00:00.000000000
2026-08-19 16:08:21,357 [INFO] End date: 1987-12-31T00:00:00.000000000
2026-08-19 16:08:21,367 [INFO] Starting data download script
2026-08-19 16:08:21,373 [INFO] Dates: 1987-07-01T00 : 1987-12-31T00
2026-08-19 16:08:21,378 [INFO] Graphcast data directory: /glade/u/home/sressel/spencer-scratch/graphcast_input_data/1987-07_1987-12
2026-08-19 16:08:21,381 [INFO] Surface level variables
2026-08-19 16:08:21,385 [INFO] 2m_temperature exists, skipping...
2026-08-19 16:08:21,393 [INFO] mean_sea_level_pressure exists, skipping...
2026-08-19 16:08:21,397 [INFO] 10m_u_component_of_wind exists, skipping...
2026-08-19 16:08:21,401 [INFO] 10m_v_component_of_wind exists, skipping...
2026-08-19 16:08:21,404 [INFO] Finished
2026-08-19 16:08:21,407 [INFO] Pressure Level Data
2026-08-19 16:08:21,417 [INFO] geopotential exists, skipping...
2026-08-19 16:08:21,422 [INFO] temperature exists, skipping...
2026-08-19 16:08:21,445 [INFO] u_component_of_wind exists, skipping...
2026-08-19 16:08:21,451 [INFO] v_component_of_wind exists, skipping...
2026-08-19 16:08:21,456 [INFO] specific_humidity exists, skipping...
2026-08-19 16:08:21,459 [INFO]   vertical_velocity
2026-08-19 16:08:21,478 [INFO]     Loading files...
2026-08-19 16:34:00,574 [INFO]     Output directory: /glade/u/home/sressel/spencer-scratch/graphcast_input_data/1987-07_1987-12
2026-08-19 16:34:00,582 [INFO]     Saving data...
2026-08-19 16:34:03,321 [INFO] Finished
2026-08-19 16:34:03,322 [INFO] Precipitation
2026-08-19 16:34:04,148 [INFO]     Downloading data...
2026-08-19 16:34:04,917 [INFO] Request ID is 3e189e22-114a-46c5-b419-eec15cb7e991
2026-08-19 16:34:05,069 [INFO] status has been updated to accepted
2026-08-19 17:30:46,067 [INFO] status has been updated to running
2026-08-19 17:42:49,078 [INFO] status has been updated to successful
2026-08-19 17:42:49,624 [INFO] Downloading https://object-store.os-api.cci2.ecmwf.int:443/cci2-prod-cache-3/2026-08-19/c960e5087a2d036742fae3c10fd14441.nc
2026-08-19 17:56:53,318 [INFO]     Regridding data...
2026-08-19 17:58:06,761 [INFO]     Output directory: /glade/u/home/sressel/spencer-scratch/graphcast_input_data/1987-07_1987-12
2026-08-19 17:58:06,761 [INFO]     Saving data...
2026-08-19 17:58:07,933 [INFO] Finished
2026-08-19 17:58:07,933 [INFO] TOA Solar Radiation
2026-08-19 17:58:08,376 [INFO]     Downloading data...
2026-08-19 17:58:09,004 [INFO] Request ID is d06a57df-d379-49e7-9662-d094a832db34
2026-08-19 17:58:09,159 [INFO] status has been updated to accepted
2026-08-19 17:58:19,976 [INFO] status has been updated to rejected
2026-08-19 17:58:19,976 [ERROR] Uncaught exception
Traceback (most recent call last):
  File "/glade/u/home/sressel/thesis-work/python/graphcast/get_data_for_graphcast.py", line 416, in <module>
    client.retrieve(dataset, request, target)
  File "/glade/work/sressel/conda-envs/modified-npl/lib/python3.12/site-packages/datapi/legacy_api_client.py", line 169, in retrieve
    submitted = self.client.submit_and_wait_on_results(
                ^^^^^^^^^^^^^^^^^^^^^^^^^^^^^^^^^^^^^^^
  File "/glade/work/sressel/conda-envs/modified-npl/lib/python3.12/site-packages/datapi/api_client.py", line 458, in submit_and_wait_on_results
    return self._retrieve_api.submit(collection_id, **request).make_results()
           ^^^^^^^^^^^^^^^^^^^^^^^^^^^^^^^^^^^^^^^^^^^^^^^^^^^^^^^^^^^^^^^^^^
  File "/glade/work/sressel/conda-envs/modified-npl/lib/python3.12/site-packages/datapi/processing.py", line 489, in make_results
    self._wait_on_results()
  File "/glade/work/sressel/conda-envs/modified-npl/lib/python3.12/site-packages/datapi/processing.py", line 467, in _wait_on_results
    while not self.results_ready:
              ^^^^^^^^^^^^^^^^^^
  File "/glade/work/sressel/conda-envs/modified-npl/lib/python3.12/site-packages/datapi/processing.py", line 485, in results_ready
    raise ProcessingFailedError(f"Unknown API state {status!r}")
datapi.processing.ProcessingFailedError: Unknown API state 'rejected'
