2026-08-20 12:15:31,282 [INFO] Start date: 2016-06-01T00:00:00.000000000
2026-08-20 12:15:31,286 [INFO] End date: 2016-11-30T00:00:00.000000000
2026-08-20 12:15:31,316 [INFO] Starting data download script
2026-08-20 12:15:31,516 [INFO] Dates: 2016-06-01T00 : 2016-11-30T00
2026-08-20 12:15:31,524 [INFO] Graphcast data directory: /glade/u/home/sressel/spencer-scratch/graphcast_input_data/2016-06_2016-11
2026-08-20 12:15:31,528 [INFO] Surface level variables
2026-08-20 12:15:31,532 [INFO] 2m_temperature exists, skipping...
2026-08-20 12:15:31,535 [INFO] mean_sea_level_pressure exists, skipping...
2026-08-20 12:15:31,539 [INFO] 10m_u_component_of_wind exists, skipping...
2026-08-20 12:15:31,543 [INFO] 10m_v_component_of_wind exists, skipping...
2026-08-20 12:15:31,546 [INFO] Finished
2026-08-20 12:15:31,548 [INFO] Pressure Level Data
2026-08-20 12:15:31,552 [INFO] geopotential exists, skipping...
2026-08-20 12:15:31,556 [INFO] temperature exists, skipping...
2026-08-20 12:15:31,560 [INFO] u_component_of_wind exists, skipping...
2026-08-20 12:15:31,563 [INFO] v_component_of_wind exists, skipping...
2026-08-20 12:15:31,567 [INFO] specific_humidity exists, skipping...
2026-08-20 12:15:31,570 [INFO] vertical_velocity exists, skipping...
2026-08-20 12:15:31,574 [INFO] Finished
2026-08-20 12:15:31,576 [INFO] Precipitation
2026-08-20 12:15:32,390 [INFO]     Downloading data...
2026-08-20 12:15:34,429 [INFO] Request ID is 0b5d66de-f54f-48b1-86af-2270465bc694
2026-08-20 12:15:34,593 [INFO] status has been updated to accepted
2026-08-20 12:16:25,529 [INFO] status has been updated to successful
2026-08-20 12:16:25,862 [INFO] Downloading https://object-store.os-api.cci2.ecmwf.int:443/cci2-prod-cache-2/2026-08-20/9acf5498d60cd5406e4ad182c3910b66.nc
2026-08-20 12:35:53,199 [INFO]     Regridding data...
2026-08-20 12:37:25,226 [INFO]     Output directory: /glade/u/home/sressel/spencer-scratch/graphcast_input_data/2016-06_2016-11
2026-08-20 12:37:25,232 [INFO]     Saving data...
2026-08-20 12:37:26,629 [INFO] Finished
2026-08-20 12:37:26,638 [INFO] TOA Solar Radiation
2026-08-20 12:37:26,645 [INFO]     toa_incident_solar_radiation file exists, skipping...
2026-08-20 12:37:26,649 [INFO] Geopotential at Surface
2026-08-20 12:37:26,695 [INFO] Land Sea Mask
2026-08-20 12:37:26,725 [INFO] Load all data into a single dataset
2026-08-20 12:37:27,703 [INFO]     Saving data...
2026-08-20 12:39:08,724 [INFO] All Finished
