2026-08-20 11:53:41,749 [INFO] Start date: 1986-06-01T00:00:00.000000000
2026-08-20 11:53:41,749 [INFO] End date: 1986-11-30T00:00:00.000000000
2026-08-20 11:53:41,752 [INFO] Starting data download script
2026-08-20 11:53:41,754 [INFO] Dates: 1986-06-01T00 : 1986-11-30T00
2026-08-20 11:53:41,755 [INFO] Graphcast data directory: /glade/u/home/sressel/spencer-scratch/graphcast_input_data/1986-06_1986-11
2026-08-20 11:53:41,756 [INFO] Surface level variables
2026-08-20 11:53:41,760 [INFO] 2m_temperature exists, skipping...
2026-08-20 11:53:41,762 [INFO] mean_sea_level_pressure exists, skipping...
2026-08-20 11:53:41,771 [INFO] 10m_u_component_of_wind exists, skipping...
2026-08-20 11:53:41,781 [INFO] 10m_v_component_of_wind exists, skipping...
2026-08-20 11:53:41,781 [INFO] Finished
2026-08-20 11:53:41,781 [INFO] Pressure Level Data
2026-08-20 11:53:41,786 [INFO] geopotential exists, skipping...
2026-08-20 11:53:41,800 [INFO] temperature exists, skipping...
2026-08-20 11:53:41,815 [INFO] u_component_of_wind exists, skipping...
2026-08-20 11:53:41,824 [INFO] v_component_of_wind exists, skipping...
2026-08-20 11:53:41,848 [INFO] specific_humidity exists, skipping...
2026-08-20 11:53:41,849 [INFO] vertical_velocity exists, skipping...
2026-08-20 11:53:41,849 [INFO] Finished
2026-08-20 11:53:41,849 [INFO] Precipitation
2026-08-20 11:53:41,849 [INFO]     precipitation file exists, skipping...
2026-08-20 11:53:41,850 [INFO] TOA Solar Radiation
2026-08-20 11:53:42,307 [INFO]     Downloading data...
2026-08-20 11:53:42,930 [INFO] Request ID is 36dac7c3-8e57-4062-a496-9f72c9270dfc
2026-08-20 11:53:43,102 [INFO] status has been updated to accepted
2026-08-20 12:06:08,727 [INFO] status has been updated to successful
2026-08-20 12:06:09,057 [INFO] Downloading https://object-store.os-api.cci2.ecmwf.int:443/cci2-prod-cache-2/2026-08-20/c8f64601d004ff12bf6bd2ff3a72be3c.nc
2026-08-20 12:07:45,785 [INFO]     Regridding data...
2026-08-20 12:08:14,378 [INFO]     Output directory: /glade/u/home/sressel/spencer-scratch/graphcast_input_data/1986-06_1986-11
2026-08-20 12:08:14,379 [INFO]     Saving data...
2026-08-20 12:08:14,800 [INFO] Geopotential at Surface
2026-08-20 12:08:14,845 [INFO] Land Sea Mask
2026-08-20 12:08:14,882 [INFO] Load all data into a single dataset
2026-08-20 12:08:15,700 [INFO]     Saving data...
2026-08-20 12:08:45,566 [INFO] All Finished
