2026-08-20 11:53:01,582 [INFO] Start date: 2016-06-01T00:00:00.000000000
2026-08-20 11:53:01,583 [INFO] End date: 2016-11-30T00:00:00.000000000
2026-08-20 11:53:01,588 [INFO] Starting data download script
2026-08-20 11:53:01,592 [INFO] Dates: 2016-06-01T00 : 2016-11-30T00
2026-08-20 11:53:01,594 [INFO] Graphcast data directory: /glade/u/home/sressel/spencer-scratch/graphcast_input_data/2016-06_2016-11
2026-08-20 11:53:01,594 [INFO] Surface level variables
2026-08-20 11:53:01,595 [INFO] 2m_temperature exists, skipping...
2026-08-20 11:53:01,596 [INFO] mean_sea_level_pressure exists, skipping...
2026-08-20 11:53:01,597 [INFO] 10m_u_component_of_wind exists, skipping...
2026-08-20 11:53:01,597 [INFO] 10m_v_component_of_wind exists, skipping...
2026-08-20 11:53:01,597 [INFO] Finished
2026-08-20 11:53:01,597 [INFO] Pressure Level Data
2026-08-20 11:53:01,598 [INFO] geopotential exists, skipping...
2026-08-20 11:53:01,599 [INFO] temperature exists, skipping...
2026-08-20 11:53:01,599 [INFO] u_component_of_wind exists, skipping...
2026-08-20 11:53:01,600 [INFO] v_component_of_wind exists, skipping...
2026-08-20 11:53:01,600 [INFO] specific_humidity exists, skipping...
2026-08-20 11:53:01,601 [INFO] vertical_velocity exists, skipping...
2026-08-20 11:53:01,601 [INFO] Finished
2026-08-20 11:53:01,601 [INFO] Precipitation
2026-08-20 11:53:02,326 [INFO]     Downloading data...
2026-08-20 11:53:02,952 [INFO] Request ID is 1e71fdea-2bb6-47f8-9d4b-030143e8d12c
2026-08-20 11:53:03,131 [INFO] status has been updated to accepted
2026-08-20 11:53:25,091 [INFO] status has been updated to running
2026-08-20 12:05:26,408 [INFO] status has been updated to successful
2026-08-20 12:05:26,749 [INFO] Downloading https://object-store.os-api.cci2.ecmwf.int:443/cci2-prod-cache-2/2026-08-20/9acf5498d60cd5406e4ad182c3910b66.nc
2026-08-20 12:23:44,943 [ERROR] Uncaught exception
Traceback (most recent call last):
  File "/glade/u/home/sressel/thesis-work/python/graphcast/get_data_for_graphcast.py", line 339, in <module>
    client.retrieve(dataset, request, target)
  File "/glade/work/sressel/conda-envs/modified-npl/lib/python3.12/site-packages/datapi/legacy_api_client.py", line 179, in retrieve
    return submitted if target is None else submitted.download(target)
                                            ^^^^^^^^^^^^^^^^^^^^^^^^^^
  File "/glade/work/sressel/conda-envs/modified-npl/lib/python3.12/site-packages/datapi/processing.py", line 659, in download
    robust_download(url, target)
  File "/glade/work/sressel/conda-envs/modified-npl/lib/python3.12/site-packages/multiurl/http.py", line 479, in wrapped
    r = call(main_url, *args, **kwargs)
        ^^^^^^^^^^^^^^^^^^^^^^^^^^^^^^^
  File "/glade/work/sressel/conda-envs/modified-npl/lib/python3.12/site-packages/datapi/processing.py", line 625, in _download
    multiurl.download(
  File "/glade/work/sressel/conda-envs/modified-npl/lib/python3.12/site-packages/multiurl/downloader.py", line 111, in download
    return Downloader(url, **kwargs).download(target)
           ^^^^^^^^^^^^^^^^^^^^^^^^^^^^^^^^^^^^^^^^^^
  File "/glade/work/sressel/conda-envs/modified-npl/lib/python3.12/site-packages/multiurl/base.py", line 135, in download
    os.path.getsize(download) == size
AssertionError: File size mismatch 574619648 bytes instead of 3958042263
