2026-08-20 12:36:06,703 [INFO] Start date: 1985-10-01T00:00:00.000000000
2026-08-20 12:36:06,706 [INFO] End date: 1986-04-30T00:00:00.000000000
2026-08-20 12:36:06,712 [INFO] Starting data download script
2026-08-20 12:36:06,720 [INFO] Dates: 1985-10-01T00 : 1986-04-30T00
2026-08-20 12:36:06,725 [INFO] Graphcast data directory: /glade/u/home/sressel/spencer-scratch/graphcast_input_data/1985-10_1986-04
2026-08-20 12:36:06,728 [INFO] Surface level variables
2026-08-20 12:36:06,732 [INFO] 2m_temperature exists, skipping...
2026-08-20 12:36:06,761 [INFO] mean_sea_level_pressure exists, skipping...
2026-08-20 12:36:06,766 [INFO] 10m_u_component_of_wind exists, skipping...
2026-08-20 12:36:06,770 [INFO] 10m_v_component_of_wind exists, skipping...
2026-08-20 12:36:06,773 [INFO] Finished
2026-08-20 12:36:06,776 [INFO] Pressure Level Data
2026-08-20 12:36:06,781 [INFO] geopotential exists, skipping...
2026-08-20 12:36:06,784 [INFO] temperature exists, skipping...
2026-08-20 12:36:06,789 [INFO] u_component_of_wind exists, skipping...
2026-08-20 12:36:06,792 [INFO] v_component_of_wind exists, skipping...
2026-08-20 12:36:06,796 [INFO] specific_humidity exists, skipping...
2026-08-20 12:36:06,800 [INFO] vertical_velocity exists, skipping...
2026-08-20 12:36:06,803 [INFO] Finished
2026-08-20 12:36:06,806 [INFO] Precipitation
2026-08-20 12:36:07,539 [INFO]     Downloading data...
2026-08-20 12:36:08,312 [INFO] Request ID is 9f0f8c58-e0d9-458b-9f9d-5e0f63f6095f
2026-08-20 12:36:08,514 [INFO] status has been updated to accepted
2026-08-20 12:36:30,267 [INFO] status has been updated to running
2026-08-20 12:36:42,031 [INFO] status has been updated to successful
2026-08-20 12:36:42,354 [INFO] Downloading https://object-store.os-api.cci2.ecmwf.int:443/cci2-prod-cache-1/2026-08-20/cd02e1320c18ccc1d2d403c8fc8e29a8.nc
2026-08-20 13:03:44,871 [INFO]     Regridding data...
2026-08-20 13:06:59,793 [INFO]     Output directory: /glade/u/home/sressel/spencer-scratch/graphcast_input_data/1985-10_1986-04
2026-08-20 13:06:59,793 [INFO]     Saving data...
2026-08-20 13:07:02,401 [INFO] Finished
2026-08-20 13:07:02,401 [INFO] TOA Solar Radiation
2026-08-20 13:07:02,402 [INFO]     toa_incident_solar_radiation file exists, skipping...
2026-08-20 13:07:02,402 [INFO] Geopotential at Surface
2026-08-20 13:07:02,407 [INFO] Land Sea Mask
2026-08-20 13:07:02,412 [INFO] Load all data into a single dataset
2026-08-20 13:07:03,204 [INFO]     Saving data...
2026-08-20 13:08:38,404 [INFO] All Finished
