2026-08-25 15:10:52,931 [INFO] Start date: 1992-06-01T00:00:00.000000000
2026-08-25 15:10:52,932 [INFO] End date: 1992-07-31T00:00:00.000000000
2026-08-25 15:10:52,937 [INFO] Starting data download script
2026-08-25 15:10:52,941 [INFO] Dates: 1992-06-01T00 : 1992-07-31T00
2026-08-25 15:10:52,942 [INFO] Creating output directory...
2026-08-25 15:10:52,945 [INFO] Graphcast data directory: /glade/u/home/sressel/spencer-scratch/graphcast_input_data/1992-06_1992-07
2026-08-25 15:10:52,946 [INFO] Surface level variables
2026-08-25 15:10:52,957 [INFO]   2m_temperature
2026-08-25 15:10:52,963 [INFO]     Loading files...
2026-08-25 15:13:17,521 [INFO]     Output directory: /glade/u/home/sressel/spencer-scratch/graphcast_input_data/1992-06_1992-07
2026-08-25 15:13:17,539 [INFO]     Saving data...
2026-08-25 15:13:18,063 [INFO]   mean_sea_level_pressure
2026-08-25 15:13:18,064 [INFO]     Loading files...
2026-08-25 15:15:15,821 [INFO]     Output directory: /glade/u/home/sressel/spencer-scratch/graphcast_input_data/1992-06_1992-07
2026-08-25 15:15:15,823 [INFO]     Saving data...
2026-08-25 15:15:16,004 [INFO]   10m_u_component_of_wind
2026-08-25 15:15:16,005 [INFO]     Loading files...
2026-08-25 15:17:27,800 [INFO]     Output directory: /glade/u/home/sressel/spencer-scratch/graphcast_input_data/1992-06_1992-07
2026-08-25 15:17:27,801 [INFO]     Saving data...
2026-08-25 15:17:27,990 [INFO]   10m_v_component_of_wind
2026-08-25 15:17:27,991 [INFO]     Loading files...
2026-08-25 15:19:43,701 [INFO]     Output directory: /glade/u/home/sressel/spencer-scratch/graphcast_input_data/1992-06_1992-07
2026-08-25 15:19:43,703 [INFO]     Saving data...
2026-08-25 15:19:43,912 [INFO] Finished
2026-08-25 15:19:43,913 [INFO] Pressure Level Data
2026-08-25 15:19:43,914 [INFO]   geopotential
2026-08-25 15:19:43,922 [INFO]     Loading files...
2026-08-25 15:27:53,862 [INFO]     Output directory: /glade/u/home/sressel/spencer-scratch/graphcast_input_data/1992-06_1992-07
2026-08-25 15:27:53,862 [INFO]     Saving data...
2026-08-25 15:27:54,749 [INFO]   temperature
2026-08-25 15:27:54,751 [INFO]     Loading files...
2026-08-25 15:36:07,174 [INFO]     Output directory: /glade/u/home/sressel/spencer-scratch/graphcast_input_data/1992-06_1992-07
2026-08-25 15:36:07,176 [INFO]     Saving data...
2026-08-25 15:36:07,995 [INFO]   u_component_of_wind
2026-08-25 15:36:07,997 [INFO]     Loading files...
2026-08-25 15:44:26,459 [INFO]     Output directory: /glade/u/home/sressel/spencer-scratch/graphcast_input_data/1992-06_1992-07
2026-08-25 15:44:26,460 [INFO]     Saving data...
2026-08-25 15:44:27,300 [INFO]   v_component_of_wind
2026-08-25 15:44:27,302 [INFO]     Loading files...
2026-08-25 15:53:01,372 [INFO]     Output directory: /glade/u/home/sressel/spencer-scratch/graphcast_input_data/1992-06_1992-07
2026-08-25 15:53:01,373 [INFO]     Saving data...
2026-08-25 15:53:02,452 [INFO]   specific_humidity
2026-08-25 15:53:02,454 [INFO]     Loading files...
2026-08-25 16:01:08,495 [INFO]     Output directory: /glade/u/home/sressel/spencer-scratch/graphcast_input_data/1992-06_1992-07
2026-08-25 16:01:08,593 [INFO]     Saving data...
2026-08-25 16:01:09,484 [INFO]   vertical_velocity
2026-08-25 16:01:09,486 [INFO]     Loading files...
2026-08-25 16:09:30,910 [INFO]     Output directory: /glade/u/home/sressel/spencer-scratch/graphcast_input_data/1992-06_1992-07
2026-08-25 16:09:30,911 [INFO]     Saving data...
2026-08-25 16:09:31,778 [INFO] Finished
2026-08-25 16:09:31,778 [INFO] Precipitation
2026-08-25 16:09:33,162 [INFO]     Downloading data...
2026-08-25 16:09:33,824 [INFO] Request ID is f166cc86-572c-4427-8edb-95480b34913d
2026-08-25 16:09:33,996 [INFO] status has been updated to accepted
2026-08-25 16:10:28,003 [INFO] status has been updated to running
2026-08-25 16:15:59,337 [INFO] status has been updated to successful
2026-08-25 16:16:00,057 [INFO] Downloading https://object-store.os-api.cci2.ecmwf.int:443/cci2-prod-cache-3/2026-08-25/94c8502092e87bbf3ebcf1c0b0fd2465.nc
2026-08-25 16:17:29,949 [INFO]     Regridding data...
2026-08-25 16:17:56,682 [INFO]     Output directory: /glade/u/home/sressel/spencer-scratch/graphcast_input_data/1992-06_1992-07
2026-08-25 16:17:56,682 [INFO]     Saving data...
2026-08-25 16:17:57,204 [INFO] Finished
2026-08-25 16:17:57,205 [INFO] TOA Solar Radiation
2026-08-25 16:17:57,803 [INFO]     Downloading data...
2026-08-25 16:17:59,967 [INFO] Request ID is 7905403b-d913-4dc2-88bb-5517b059d503
2026-08-25 16:18:00,440 [INFO] status has been updated to accepted
2026-08-25 16:18:24,159 [INFO] status has been updated to running
2026-08-25 16:19:18,764 [INFO] status has been updated to successful
2026-08-25 16:19:19,322 [INFO] Downloading https://object-store.os-api.cci2.ecmwf.int:443/cci2-prod-cache-2/2026-08-25/fc2d2e1b418d9131d5b5a3b2edac83c.nc
2026-08-25 16:19:27,095 [INFO]     Regridding data...
2026-08-25 16:19:34,011 [INFO]     Output directory: /glade/u/home/sressel/spencer-scratch/graphcast_input_data/1992-06_1992-07
2026-08-25 16:19:34,011 [INFO]     Saving data...
2026-08-25 16:19:34,245 [INFO] Geopotential at Surface
2026-08-25 16:19:34,272 [INFO] Land Sea Mask
2026-08-25 16:19:34,328 [INFO] Load all data into a single dataset
2026-08-25 16:19:34,824 [INFO]     Saving data...
2026-08-25 16:19:41,287 [INFO] All Finished
