2026-08-19 13:09:09,958 [INFO] Start date: 1993-07-01T00:00:00.000000000
2026-08-19 13:09:09,958 [INFO] End date: 1994-01-31T00:00:00.000000000
2026-08-19 13:09:09,964 [INFO] Starting data download script
2026-08-19 13:09:09,969 [INFO] Dates: 1993-07-01T00 : 1994-01-31T00
2026-08-19 13:09:09,970 [INFO] Creating output directory...
2026-08-19 13:09:09,972 [INFO] Graphcast data directory: /glade/u/home/sressel/spencer-scratch/graphcast_input_data/1993-07_1994-01
2026-08-19 13:09:09,972 [INFO] Surface level variables
2026-08-19 13:09:09,985 [INFO]   2m_temperature
2026-08-19 13:09:10,000 [INFO]     Loading files...
2026-08-19 13:14:38,631 [INFO]     Output directory: /glade/u/home/sressel/spencer-scratch/graphcast_input_data/1993-07_1994-01
2026-08-19 13:14:38,634 [INFO]     Saving data...
2026-08-19 13:14:39,037 [INFO]   mean_sea_level_pressure
2026-08-19 13:14:39,039 [INFO]     Loading files...
2026-08-19 13:19:53,566 [INFO]     Output directory: /glade/u/home/sressel/spencer-scratch/graphcast_input_data/1993-07_1994-01
2026-08-19 13:19:53,566 [INFO]     Saving data...
2026-08-19 13:19:53,923 [INFO]   10m_u_component_of_wind
2026-08-19 13:19:53,925 [INFO]     Loading files...
2026-08-19 13:25:43,785 [INFO]     Output directory: /glade/u/home/sressel/spencer-scratch/graphcast_input_data/1993-07_1994-01
2026-08-19 13:25:43,785 [INFO]     Saving data...
2026-08-19 13:25:44,187 [INFO]   10m_v_component_of_wind
2026-08-19 13:25:44,189 [INFO]     Loading files...
2026-08-19 13:31:40,120 [INFO]     Output directory: /glade/u/home/sressel/spencer-scratch/graphcast_input_data/1993-07_1994-01
2026-08-19 13:31:40,124 [INFO]     Saving data...
2026-08-19 13:31:40,480 [INFO] Finished
2026-08-19 13:31:40,480 [INFO] Pressure Level Data
2026-08-19 13:31:40,481 [INFO]   geopotential
2026-08-19 13:31:40,507 [INFO]     Loading files...
2026-08-19 13:58:52,488 [INFO]     Output directory: /glade/u/home/sressel/spencer-scratch/graphcast_input_data/1993-07_1994-01
2026-08-19 13:58:52,488 [INFO]     Saving data...
2026-08-19 13:58:55,090 [INFO]   temperature
2026-08-19 13:58:55,103 [INFO]     Loading files...
2026-08-19 14:26:18,768 [INFO]     Output directory: /glade/u/home/sressel/spencer-scratch/graphcast_input_data/1993-07_1994-01
2026-08-19 14:26:18,770 [INFO]     Saving data...
2026-08-19 14:26:21,383 [INFO]   u_component_of_wind
2026-08-19 14:26:21,391 [INFO]     Loading files...
2026-08-19 14:54:37,779 [INFO]     Output directory: /glade/u/home/sressel/spencer-scratch/graphcast_input_data/1993-07_1994-01
2026-08-19 14:54:37,779 [INFO]     Saving data...
2026-08-19 14:54:40,424 [INFO]   v_component_of_wind
2026-08-19 14:54:40,430 [INFO]     Loading files...
2026-08-19 15:23:28,121 [INFO]     Output directory: /glade/u/home/sressel/spencer-scratch/graphcast_input_data/1993-07_1994-01
2026-08-19 15:23:28,122 [INFO]     Saving data...
2026-08-19 15:23:30,835 [INFO]   specific_humidity
2026-08-19 15:23:30,841 [INFO]     Loading files...
