2026-08-20 11:54:55,427 [INFO] Start date: 1988-07-01T00:00:00.000000000
2026-08-20 11:54:55,427 [INFO] End date: 1988-12-31T00:00:00.000000000
2026-08-20 11:54:55,452 [INFO] Starting data download script
2026-08-20 11:54:55,635 [INFO] Dates: 1988-07-01T00 : 1988-12-31T00
2026-08-20 11:54:55,638 [INFO] Graphcast data directory: /glade/u/home/sressel/spencer-scratch/graphcast_input_data/1988-07_1988-12
2026-08-20 11:54:55,638 [INFO] Surface level variables
2026-08-20 11:54:55,639 [INFO] 2m_temperature exists, skipping...
2026-08-20 11:54:55,640 [INFO] mean_sea_level_pressure exists, skipping...
2026-08-20 11:54:55,640 [INFO] 10m_u_component_of_wind exists, skipping...
2026-08-20 11:54:55,641 [INFO] 10m_v_component_of_wind exists, skipping...
2026-08-20 11:54:55,641 [INFO] Finished
2026-08-20 11:54:55,641 [INFO] Pressure Level Data
2026-08-20 11:54:55,642 [INFO] geopotential exists, skipping...
2026-08-20 11:54:55,642 [INFO] temperature exists, skipping...
2026-08-20 11:54:55,643 [INFO] u_component_of_wind exists, skipping...
2026-08-20 11:54:55,643 [INFO] v_component_of_wind exists, skipping...
2026-08-20 11:54:55,644 [INFO] specific_humidity exists, skipping...
2026-08-20 11:54:55,644 [INFO] vertical_velocity exists, skipping...
2026-08-20 11:54:55,644 [INFO] Finished
2026-08-20 11:54:55,644 [INFO] Precipitation
2026-08-20 11:54:55,645 [INFO]     precipitation file exists, skipping...
2026-08-20 11:54:55,645 [INFO] TOA Solar Radiation
2026-08-20 11:54:56,300 [INFO]     Downloading data...
2026-08-20 11:54:57,232 [INFO] Request ID is 2a612374-8e04-45d1-b071-e5c24ecf9526
2026-08-20 11:54:57,379 [INFO] status has been updated to accepted
2026-08-20 12:05:22,398 [INFO] status has been updated to successful
2026-08-20 12:05:22,785 [INFO] Downloading https://object-store.os-api.cci2.ecmwf.int:443/cci2-prod-cache-1/2026-08-20/265b171660ffc607fe2274322005b365.nc
2026-08-20 12:08:10,149 [INFO]     Regridding data...
2026-08-20 12:08:34,325 [INFO]     Output directory: /glade/u/home/sressel/spencer-scratch/graphcast_input_data/1988-07_1988-12
2026-08-20 12:08:34,329 [INFO]     Saving data...
2026-08-20 12:08:34,691 [INFO] Geopotential at Surface
2026-08-20 12:08:34,747 [INFO] Land Sea Mask
2026-08-20 12:08:34,783 [INFO] Load all data into a single dataset
2026-08-20 12:08:35,644 [INFO]     Saving data...
2026-08-20 12:09:05,586 [INFO] All Finished
