2026-08-19 13:15:50,424 [INFO] Start date: 1986-06-01T00:00:00.000000000
2026-08-19 13:15:50,448 [INFO] End date: 1986-11-30T00:00:00.000000000
2026-08-19 13:15:50,454 [INFO] Starting data download script
2026-08-19 13:15:50,459 [INFO] Dates: 1986-06-01T00 : 1986-11-30T00
2026-08-19 13:15:50,461 [INFO] Creating output directory...
2026-08-19 13:15:50,464 [INFO] Graphcast data directory: /glade/u/home/sressel/spencer-scratch/graphcast_input_data/1986-06_1986-11
2026-08-19 13:15:50,464 [INFO] Surface level variables
2026-08-19 13:15:50,470 [INFO]   2m_temperature
2026-08-19 13:15:50,484 [INFO]     Loading files...
2026-08-19 13:20:30,162 [INFO]     Output directory: /glade/u/home/sressel/spencer-scratch/graphcast_input_data/1986-06_1986-11
2026-08-19 13:20:30,188 [INFO]     Saving data...
2026-08-19 13:20:30,675 [INFO]   mean_sea_level_pressure
2026-08-19 13:20:30,677 [INFO]     Loading files...
2026-08-19 13:24:51,368 [INFO]     Output directory: /glade/u/home/sressel/spencer-scratch/graphcast_input_data/1986-06_1986-11
2026-08-19 13:24:51,371 [INFO]     Saving data...
2026-08-19 13:24:51,674 [INFO]   10m_u_component_of_wind
2026-08-19 13:24:51,675 [INFO]     Loading files...
2026-08-19 13:29:50,227 [INFO]     Output directory: /glade/u/home/sressel/spencer-scratch/graphcast_input_data/1986-06_1986-11
2026-08-19 13:29:50,230 [INFO]     Saving data...
2026-08-19 13:29:50,539 [INFO]   10m_v_component_of_wind
2026-08-19 13:29:50,541 [INFO]     Loading files...
2026-08-19 13:34:50,765 [INFO]     Output directory: /glade/u/home/sressel/spencer-scratch/graphcast_input_data/1986-06_1986-11
2026-08-19 13:34:50,769 [INFO]     Saving data...
2026-08-19 13:34:51,108 [INFO] Finished
2026-08-19 13:34:51,109 [INFO] Pressure Level Data
2026-08-19 13:34:51,109 [INFO]   geopotential
2026-08-19 13:34:51,133 [INFO]     Loading files...
2026-08-19 13:58:03,610 [INFO]     Output directory: /glade/u/home/sressel/spencer-scratch/graphcast_input_data/1986-06_1986-11
2026-08-19 13:58:03,613 [INFO]     Saving data...
2026-08-19 13:58:05,903 [INFO]   temperature
2026-08-19 13:58:05,908 [INFO]     Loading files...
2026-08-19 14:21:40,403 [INFO]     Output directory: /glade/u/home/sressel/spencer-scratch/graphcast_input_data/1986-06_1986-11
2026-08-19 14:21:40,410 [INFO]     Saving data...
2026-08-19 14:21:42,690 [INFO]   u_component_of_wind
2026-08-19 14:21:42,696 [INFO]     Loading files...
2026-08-19 14:45:50,037 [INFO]     Output directory: /glade/u/home/sressel/spencer-scratch/graphcast_input_data/1986-06_1986-11
2026-08-19 14:45:50,045 [INFO]     Saving data...
2026-08-19 14:45:52,300 [INFO]   v_component_of_wind
2026-08-19 14:45:52,306 [INFO]     Loading files...
2026-08-19 15:10:21,642 [INFO]     Output directory: /glade/u/home/sressel/spencer-scratch/graphcast_input_data/1986-06_1986-11
2026-08-19 15:10:21,642 [INFO]     Saving data...
2026-08-19 15:10:23,898 [INFO]   specific_humidity
2026-08-19 15:10:23,904 [INFO]     Loading files...
2026-08-19 15:33:59,837 [INFO]     Output directory: /glade/u/home/sressel/spencer-scratch/graphcast_input_data/1986-06_1986-11
2026-08-19 15:33:59,842 [INFO]     Saving data...
2026-08-19 15:34:02,242 [INFO]   vertical_velocity
2026-08-19 15:34:02,249 [INFO]     Loading files...
