2026-08-25 11:11:07,718 [INFO] Start date: 2004-01-01T00:00:00.000000000
2026-08-25 11:11:07,718 [INFO] End date: 2004-02-29T00:00:00.000000000
2026-08-25 11:11:07,723 [INFO] Starting data download script
2026-08-25 11:11:07,727 [INFO] Dates: 2004-01-01T00 : 2004-02-29T00
2026-08-25 11:11:07,728 [INFO] Creating output directory...
2026-08-25 11:11:07,731 [INFO] Graphcast data directory: /glade/u/home/sressel/spencer-scratch/graphcast_input_data/2004-01_2004-02
2026-08-25 11:11:07,731 [INFO] Surface level variables
2026-08-25 11:11:07,734 [INFO]   2m_temperature
2026-08-25 11:11:07,745 [INFO]     Loading files...
2026-08-25 11:13:00,316 [INFO]     Output directory: /glade/u/home/sressel/spencer-scratch/graphcast_input_data/2004-01_2004-02
2026-08-25 11:13:00,334 [INFO]     Saving data...
2026-08-25 11:13:00,764 [INFO]   mean_sea_level_pressure
2026-08-25 11:13:00,765 [INFO]     Loading files...
2026-08-25 11:14:35,629 [INFO]     Output directory: /glade/u/home/sressel/spencer-scratch/graphcast_input_data/2004-01_2004-02
2026-08-25 11:14:35,635 [INFO]     Saving data...
2026-08-25 11:14:35,840 [INFO]   10m_u_component_of_wind
2026-08-25 11:14:35,841 [INFO]     Loading files...
2026-08-25 11:16:24,404 [INFO]     Output directory: /glade/u/home/sressel/spencer-scratch/graphcast_input_data/2004-01_2004-02
2026-08-25 11:16:24,408 [INFO]     Saving data...
2026-08-25 11:16:24,611 [INFO]   10m_v_component_of_wind
2026-08-25 11:16:24,612 [INFO]     Loading files...
2026-08-25 11:18:23,197 [INFO]     Output directory: /glade/u/home/sressel/spencer-scratch/graphcast_input_data/2004-01_2004-02
2026-08-25 11:18:23,215 [INFO]     Saving data...
2026-08-25 11:18:23,414 [INFO] Finished
2026-08-25 11:18:23,414 [INFO] Pressure Level Data
2026-08-25 11:18:23,415 [INFO]   geopotential
2026-08-25 11:18:23,443 [INFO]     Loading files...
2026-08-25 11:26:21,281 [INFO]     Output directory: /glade/u/home/sressel/spencer-scratch/graphcast_input_data/2004-01_2004-02
2026-08-25 11:26:21,284 [INFO]     Saving data...
2026-08-25 11:26:22,184 [INFO]   temperature
2026-08-25 11:26:22,186 [INFO]     Loading files...
2026-08-25 11:34:25,726 [INFO]     Output directory: /glade/u/home/sressel/spencer-scratch/graphcast_input_data/2004-01_2004-02
2026-08-25 11:34:25,751 [INFO]     Saving data...
2026-08-25 11:34:26,619 [INFO]   u_component_of_wind
2026-08-25 11:34:26,620 [INFO]     Loading files...
2026-08-25 11:42:52,404 [INFO]     Output directory: /glade/u/home/sressel/spencer-scratch/graphcast_input_data/2004-01_2004-02
2026-08-25 11:42:52,407 [INFO]     Saving data...
2026-08-25 11:42:53,255 [INFO]   v_component_of_wind
2026-08-25 11:42:53,256 [INFO]     Loading files...
2026-08-25 11:51:23,740 [INFO]     Output directory: /glade/u/home/sressel/spencer-scratch/graphcast_input_data/2004-01_2004-02
2026-08-25 11:51:23,751 [INFO]     Saving data...
2026-08-25 11:51:24,637 [INFO]   specific_humidity
2026-08-25 11:51:24,639 [INFO]     Loading files...
2026-08-25 11:59:31,248 [INFO]     Output directory: /glade/u/home/sressel/spencer-scratch/graphcast_input_data/2004-01_2004-02
2026-08-25 11:59:32,172 [INFO]     Saving data...
2026-08-25 11:59:33,127 [INFO]   vertical_velocity
2026-08-25 11:59:33,129 [INFO]     Loading files...
2026-08-25 12:07:52,027 [INFO]     Output directory: /glade/u/home/sressel/spencer-scratch/graphcast_input_data/2004-01_2004-02
2026-08-25 12:07:52,032 [INFO]     Saving data...
2026-08-25 12:07:52,948 [INFO] Finished
2026-08-25 12:07:52,949 [INFO] Precipitation
2026-08-25 12:07:54,062 [INFO]     Downloading data...
2026-08-25 12:07:54,746 [INFO] Request ID is 2d713ec5-ce23-4b7c-9d66-6e06599a84b6
2026-08-25 12:07:54,941 [INFO] status has been updated to accepted
2026-08-25 12:08:16,691 [INFO] status has been updated to running
2026-08-25 12:12:15,283 [INFO] status has been updated to successful
2026-08-25 12:12:15,942 [INFO] Downloading https://object-store.os-api.cci2.ecmwf.int:443/cci2-prod-cache-3/2026-08-25/5a067b31061ad62957d33835d3cb1ab1.nc
2026-08-25 12:16:55,815 [INFO]     Regridding data...
2026-08-25 12:17:22,386 [INFO]     Output directory: /glade/u/home/sressel/spencer-scratch/graphcast_input_data/2004-01_2004-02
2026-08-25 12:17:22,386 [INFO]     Saving data...
2026-08-25 12:17:22,911 [INFO] Finished
2026-08-25 12:17:22,911 [INFO] TOA Solar Radiation
2026-08-25 12:17:23,540 [INFO]     Downloading data...
2026-08-25 12:17:24,123 [INFO] Request ID is 2647c74e-0ff8-4de6-8401-86d58c362ced
2026-08-25 12:17:25,016 [INFO] status has been updated to accepted
2026-08-25 12:17:42,622 [INFO] status has been updated to running
2026-08-25 12:18:46,379 [INFO] status has been updated to successful
2026-08-25 12:18:49,012 [INFO] Downloading https://object-store.os-api.cci2.ecmwf.int:443/cci2-prod-cache-1/2026-08-25/3a8e6a224e83321c72ce407f0d4afb3f.nc
2026-08-25 12:18:59,668 [INFO]     Regridding data...
2026-08-25 12:19:06,745 [INFO]     Output directory: /glade/u/home/sressel/spencer-scratch/graphcast_input_data/2004-01_2004-02
2026-08-25 12:19:07,738 [INFO]     Saving data...
2026-08-25 12:19:08,001 [INFO] Geopotential at Surface
2026-08-25 12:19:08,145 [INFO] Land Sea Mask
2026-08-25 12:19:08,180 [INFO] Load all data into a single dataset
2026-08-25 12:19:08,769 [INFO]     Saving data...
2026-08-25 12:19:19,749 [INFO] All Finished
