2026-07-23 17:53:47,843 [INFO] Start date: 2001-06-01T00:00:00.000000000
2026-07-23 17:53:47,843 [INFO] End date: 2001-12-31T00:00:00.000000000
2026-07-23 17:53:47,846 [INFO] Starting data download script
2026-07-23 17:53:47,848 [INFO] Dates: 2001-06-01T00 : 2001-12-31T00
2026-07-23 17:53:47,850 [INFO] Graphcast data directory: /glade/u/home/sressel/spencer-scratch/graphcast_input_data/2001-06_2001-12
2026-07-23 17:53:47,850 [INFO] Surface level variables
2026-07-23 17:53:47,851 [INFO] 2m_temperature exists, skipping...
2026-07-23 17:53:47,851 [INFO] mean_sea_level_pressure exists, skipping...
2026-07-23 17:53:47,852 [INFO] 10m_u_component_of_wind exists, skipping...
2026-07-23 17:53:47,853 [INFO] 10m_v_component_of_wind exists, skipping...
2026-07-23 17:53:47,853 [INFO] Finished
2026-07-23 17:53:47,853 [INFO] Pressure Level Data
2026-07-23 17:53:47,854 [INFO] geopotential exists, skipping...
2026-07-23 17:53:47,855 [INFO] temperature exists, skipping...
2026-07-23 17:53:47,855 [INFO] u_component_of_wind exists, skipping...
2026-07-23 17:53:47,856 [INFO] v_component_of_wind exists, skipping...
2026-07-23 17:53:47,856 [INFO] specific_humidity exists, skipping...
2026-07-23 17:53:47,857 [INFO] vertical_velocity exists, skipping...
2026-07-23 17:53:47,857 [INFO] Finished
2026-07-23 17:53:47,857 [INFO] Precipitation
2026-07-23 17:53:48,357 [INFO]     Downloading data...
2026-07-23 17:53:51,610 [INFO] Request ID is c942ef46-bf90-4a87-86db-b8dc6469a439
2026-07-23 17:53:55,604 [INFO] status has been updated to accepted
2026-07-23 17:54:09,684 [INFO] status has been updated to running
2026-07-23 17:54:17,449 [INFO] status has been updated to successful
2026-07-23 17:54:17,766 [INFO] Downloading https://object-store.os-api.cci2.ecmwf.int:443/cci2-prod-cache-1/2026-07-22/85d1b4073983f5fec1668b95a0b3ddac.nc
2026-07-23 18:10:16,374 [INFO]     Regridding data...
2026-07-23 18:11:46,295 [INFO]     Output directory: /glade/u/home/sressel/spencer-scratch/graphcast_input_data/2001-06_2001-12
2026-07-23 18:11:46,295 [INFO]     Saving data...
2026-07-23 18:11:47,910 [INFO] Finished
2026-07-23 18:11:47,911 [INFO] TOA Solar Radiation
2026-07-23 18:11:47,912 [INFO]     toa_incident_solar_radiation file exists, skipping...
2026-07-23 18:11:47,912 [INFO] Geopotential at Surface
2026-07-23 18:11:47,918 [INFO] Land Sea Mask
2026-07-23 18:11:47,931 [INFO] Load all data into a single dataset
2026-07-23 18:11:47,932 [INFO]     era5_data.nc exists, skipping merge...
2026-07-23 18:11:47,933 [INFO] All Finished
