2026-08-20 12:39:39,298 [INFO] Start date: 2021-11-01T00:00:00.000000000
2026-08-20 12:39:39,312 [INFO] End date: 2022-04-30T00:00:00.000000000
2026-08-20 12:39:39,336 [INFO] Starting data download script
2026-08-20 12:39:39,365 [INFO] Dates: 2021-11-01T00 : 2022-04-30T00
2026-08-20 12:39:39,386 [INFO] Graphcast data directory: /glade/u/home/sressel/spencer-scratch/graphcast_input_data/2021-11_2022-04
2026-08-20 12:39:39,418 [INFO] Surface level variables
2026-08-20 12:39:39,447 [INFO] 2m_temperature exists, skipping...
2026-08-20 12:39:39,476 [INFO] mean_sea_level_pressure exists, skipping...
2026-08-20 12:39:39,504 [INFO] 10m_u_component_of_wind exists, skipping...
2026-08-20 12:39:39,525 [INFO] 10m_v_component_of_wind exists, skipping...
2026-08-20 12:39:39,543 [INFO] Finished
2026-08-20 12:39:39,553 [INFO] Pressure Level Data
2026-08-20 12:39:39,558 [INFO] geopotential exists, skipping...
2026-08-20 12:39:39,563 [INFO] temperature exists, skipping...
2026-08-20 12:39:39,567 [INFO] u_component_of_wind exists, skipping...
2026-08-20 12:39:39,571 [INFO] v_component_of_wind exists, skipping...
2026-08-20 12:39:39,575 [INFO] specific_humidity exists, skipping...
2026-08-20 12:39:39,580 [INFO] vertical_velocity exists, skipping...
2026-08-20 12:39:39,583 [INFO] Finished
2026-08-20 12:39:39,586 [INFO] Precipitation
2026-08-20 12:39:39,593 [INFO]     precipitation file exists, skipping...
2026-08-20 12:39:39,597 [INFO] TOA Solar Radiation
2026-08-20 12:39:40,125 [INFO]     Downloading data...
2026-08-20 12:39:40,724 [INFO] Request ID is e2b0e582-3971-4acd-9669-55dee867686f
2026-08-20 12:39:40,928 [INFO] status has been updated to accepted
2026-08-20 12:41:36,673 [INFO] status has been updated to successful
2026-08-20 12:41:37,214 [INFO] Downloading https://object-store.os-api.cci2.ecmwf.int:443/cci2-prod-cache-3/2026-08-20/a8ebe31c8d68a73edf33829ca7ccf25d.nc
2026-08-20 12:42:38,259 [INFO]     Regridding data...
2026-08-20 12:43:01,777 [INFO]     Output directory: /glade/u/home/sressel/spencer-scratch/graphcast_input_data/2021-11_2022-04
2026-08-20 12:43:01,782 [INFO]     Saving data...
2026-08-20 12:43:02,299 [INFO] Geopotential at Surface
2026-08-20 12:43:02,334 [INFO] Land Sea Mask
2026-08-20 12:43:02,620 [INFO] Load all data into a single dataset
2026-08-20 12:43:03,551 [INFO]     Saving data...
2026-08-20 12:43:44,278 [INFO] All Finished
