2026-07-23 17:49:02,872 [INFO] Start date: 2016-06-01T00:00:00.000000000
2026-07-23 17:49:02,872 [INFO] End date: 2016-11-30T00:00:00.000000000
2026-07-23 17:49:02,978 [INFO] Starting data download script
2026-07-23 17:49:03,333 [INFO] Dates: 2016-06-01T00 : 2016-11-30T00
2026-07-23 17:49:03,336 [INFO] Graphcast data directory: /glade/u/home/sressel/spencer-scratch/graphcast_input_data/2016-06_2016-11
2026-07-23 17:49:03,337 [INFO] Surface level variables
2026-07-23 17:49:03,338 [INFO] 2m_temperature exists, skipping...
2026-07-23 17:49:03,339 [INFO] mean_sea_level_pressure exists, skipping...
2026-07-23 17:49:03,340 [INFO] 10m_u_component_of_wind exists, skipping...
2026-07-23 17:49:03,341 [INFO] 10m_v_component_of_wind exists, skipping...
2026-07-23 17:49:03,341 [INFO] Finished
2026-07-23 17:49:03,341 [INFO] Pressure Level Data
2026-07-23 17:49:03,342 [INFO] geopotential exists, skipping...
2026-07-23 17:49:03,343 [INFO] temperature exists, skipping...
2026-07-23 17:49:03,343 [INFO] u_component_of_wind exists, skipping...
2026-07-23 17:49:03,344 [INFO] v_component_of_wind exists, skipping...
2026-07-23 17:49:03,344 [INFO] specific_humidity exists, skipping...
2026-07-23 17:49:03,345 [INFO] vertical_velocity exists, skipping...
2026-07-23 17:49:03,345 [INFO] Finished
2026-07-23 17:49:03,345 [INFO] Precipitation
2026-07-23 17:49:03,346 [INFO]     precipitation file exists, skipping...
2026-07-23 17:49:03,346 [INFO] TOA Solar Radiation
2026-07-23 17:49:04,238 [INFO]     Downloading data...
2026-07-23 17:49:04,885 [INFO] Request ID is 0cd8b61e-0fbb-4d71-9b83-b29d2d8d27e8
2026-07-23 17:49:05,053 [INFO] status has been updated to accepted
2026-07-23 17:49:19,100 [INFO] status has been updated to running
2026-07-23 17:49:38,416 [INFO] status has been updated to accepted
2026-07-23 17:49:55,674 [INFO] status has been updated to running
2026-07-23 17:51:58,288 [INFO] status has been updated to successful
2026-07-23 17:51:58,716 [INFO] Downloading https://object-store.os-api.cci2.ecmwf.int:443/cci2-prod-cache-1/2026-07-23/85d0da963279f35e0c7e1a101a482a38.nc
2026-07-23 17:52:41,489 [INFO]     Regridding data...
2026-07-23 17:53:13,671 [INFO]     Output directory: /glade/u/home/sressel/spencer-scratch/graphcast_input_data/2016-06_2016-11
2026-07-23 17:53:13,673 [INFO]     Saving data...
2026-07-23 17:53:14,262 [INFO] Geopotential at Surface
2026-07-23 17:53:14,322 [INFO] Land Sea Mask
2026-07-23 17:53:14,363 [INFO] Load all data into a single dataset
2026-07-23 17:53:15,126 [ERROR] Uncaught exception
Traceback (most recent call last):
  File "/glade/work/sressel/conda-envs/modified-npl/lib/python3.12/site-packages/xarray/backends/file_manager.py", line 211, in _acquire_with_cache_info
    file = self._cache[self._key]
           ~~~~~~~~~~~^^^^^^^^^^^
  File "/glade/work/sressel/conda-envs/modified-npl/lib/python3.12/site-packages/xarray/backends/lru_cache.py", line 56, in __getitem__
    value = self._cache[key]
            ~~~~~~~~~~~^^^^^
KeyError: [<class 'netCDF4._netCDF4.Dataset'>, ('/glade/u/home/sressel/spencer-scratch/graphcast_input_data/2016-06_2016-11/total_precipitation_6hr.nc',), 'r', (('clobber', True), ('diskless', False), ('format', 'NETCDF4'), ('persist', False)), 'c32b9c20-eb2c-4a85-ad7b-2276f5735694']

During handling of the above exception, another exception occurred:

Traceback (most recent call last):
  File "/glade/u/home/sressel/thesis-work/python/graphcast/get_data_for_graphcast.py", line 470, in <module>
    all_data = xr.open_mfdataset(f"{graphcast_data_directory}/*.nc")
               ^^^^^^^^^^^^^^^^^^^^^^^^^^^^^^^^^^^^^^^^^^^^^^^^^^^^^
  File "/glade/work/sressel/conda-envs/modified-npl/lib/python3.12/site-packages/xarray/backends/api.py", line 1611, in open_mfdataset
    datasets = [open_(p, **open_kwargs) for p in paths1d]
                ^^^^^^^^^^^^^^^^^^^^^^^
  File "/glade/work/sressel/conda-envs/modified-npl/lib/python3.12/site-packages/xarray/backends/api.py", line 679, in open_dataset
    backend_ds = backend.open_dataset(
                 ^^^^^^^^^^^^^^^^^^^^^
  File "/glade/work/sressel/conda-envs/modified-npl/lib/python3.12/site-packages/xarray/backends/netCDF4_.py", line 666, in open_dataset
    store = NetCDF4DataStore.open(
            ^^^^^^^^^^^^^^^^^^^^^^
  File "/glade/work/sressel/conda-envs/modified-npl/lib/python3.12/site-packages/xarray/backends/netCDF4_.py", line 452, in open
    return cls(manager, group=group, mode=mode, lock=lock, autoclose=autoclose)
           ^^^^^^^^^^^^^^^^^^^^^^^^^^^^^^^^^^^^^^^^^^^^^^^^^^^^^^^^^^^^^^^^^^^^
  File "/glade/work/sressel/conda-envs/modified-npl/lib/python3.12/site-packages/xarray/backends/netCDF4_.py", line 393, in __init__
    self.format = self.ds.data_model
                  ^^^^^^^
  File "/glade/work/sressel/conda-envs/modified-npl/lib/python3.12/site-packages/xarray/backends/netCDF4_.py", line 461, in ds
    return self._acquire()
           ^^^^^^^^^^^^^^^
  File "/glade/work/sressel/conda-envs/modified-npl/lib/python3.12/site-packages/xarray/backends/netCDF4_.py", line 455, in _acquire
    with self._manager.acquire_context(needs_lock) as root:
         ^^^^^^^^^^^^^^^^^^^^^^^^^^^^^^^^^^^^^^^^^
  File "/glade/work/sressel/conda-envs/modified-npl/lib/python3.12/contextlib.py", line 137, in __enter__
    return next(self.gen)
           ^^^^^^^^^^^^^^
  File "/glade/work/sressel/conda-envs/modified-npl/lib/python3.12/site-packages/xarray/backends/file_manager.py", line 199, in acquire_context
    file, cached = self._acquire_with_cache_info(needs_lock)
                   ^^^^^^^^^^^^^^^^^^^^^^^^^^^^^^^^^^^^^^^^^
  File "/glade/work/sressel/conda-envs/modified-npl/lib/python3.12/site-packages/xarray/backends/file_manager.py", line 217, in _acquire_with_cache_info
    file = self._opener(*self._args, **kwargs)
           ^^^^^^^^^^^^^^^^^^^^^^^^^^^^^^^^^^^
  File "src/netCDF4/_netCDF4.pyx", line 2521, in netCDF4._netCDF4.Dataset.__init__
  File "src/netCDF4/_netCDF4.pyx", line 2158, in netCDF4._netCDF4._ensure_nc_success
OSError: [Errno -101] NetCDF: HDF error: '/glade/u/home/sressel/spencer-scratch/graphcast_input_data/2016-06_2016-11/total_precipitation_6hr.nc'
