2026-08-21 16:50:57,692 [INFO] Start date: 1996-06-01T00:00:00.000000000
2026-08-21 16:50:57,692 [INFO] End date: 1996-12-31T00:00:00.000000000
2026-08-21 16:50:57,695 [INFO] Starting data download script
2026-08-21 16:50:57,698 [INFO] Dates: 1996-06-01T00 : 1996-12-31T00
2026-08-21 16:50:57,699 [INFO] Creating output directory...
2026-08-21 16:50:57,703 [INFO] Graphcast data directory: /glade/u/home/sressel/spencer-scratch/graphcast_input_data/1996-06_1996-12
2026-08-21 16:50:57,704 [INFO] Surface level variables
2026-08-21 16:50:57,723 [INFO]   2m_temperature
2026-08-21 16:50:57,755 [INFO]     Loading files...
2026-08-21 16:56:48,419 [INFO]     Output directory: /glade/u/home/sressel/spencer-scratch/graphcast_input_data/1996-06_1996-12
2026-08-21 16:56:48,430 [INFO]     Saving data...
2026-08-21 16:56:48,865 [INFO]   mean_sea_level_pressure
2026-08-21 16:56:48,866 [INFO]     Loading files...
2026-08-21 17:02:13,588 [INFO]     Output directory: /glade/u/home/sressel/spencer-scratch/graphcast_input_data/1996-06_1996-12
2026-08-21 17:02:14,509 [INFO]     Saving data...
2026-08-21 17:02:14,841 [INFO]   10m_u_component_of_wind
2026-08-21 17:02:14,842 [INFO]     Loading files...
2026-08-21 17:08:35,766 [INFO]     Output directory: /glade/u/home/sressel/spencer-scratch/graphcast_input_data/1996-06_1996-12
2026-08-21 17:08:35,783 [INFO]     Saving data...
2026-08-21 17:08:36,119 [INFO]   10m_v_component_of_wind
2026-08-21 17:08:36,120 [INFO]     Loading files...
2026-08-21 17:15:05,295 [INFO]     Output directory: /glade/u/home/sressel/spencer-scratch/graphcast_input_data/1996-06_1996-12
2026-08-21 17:15:05,298 [INFO]     Saving data...
2026-08-21 17:15:05,740 [INFO] Finished
2026-08-21 17:15:05,740 [INFO] Pressure Level Data
2026-08-21 17:15:05,742 [INFO]   geopotential
2026-08-21 17:15:05,767 [INFO]     Loading files...
