2026-07-22 18:30:40,092 [INFO] Start date: 2017-07-01T00:00:00.000000000
2026-07-22 18:30:40,098 [INFO] End date: 2017-12-31T00:00:00.000000000
2026-07-22 18:30:40,098 [INFO] Starting data download script
2026-07-22 18:30:40,107 [INFO] Dates: 2017-07-01T00 : 2017-12-31T00
2026-07-22 18:30:40,116 [INFO] Graphcast data directory: /glade/u/home/sressel/spencer-scratch/graphcast_input_data/2017-07_2017-12
2026-07-22 18:30:40,116 [INFO] Surface level variables
2026-07-22 18:30:40,116 [INFO]   2m_temperature
2026-07-22 18:30:40,137 [INFO]     Loading files...
2026-07-22 18:35:24,905 [INFO]     Output directory: /glade/u/home/sressel/spencer-scratch/graphcast_input_data/2017-07_2017-12
2026-07-22 18:35:24,939 [INFO]     Saving data...
2026-07-22 18:35:25,437 [INFO]   mean_sea_level_pressure
2026-07-22 18:35:25,445 [INFO]     Loading files...
2026-07-22 18:40:05,515 [INFO]     Output directory: /glade/u/home/sressel/spencer-scratch/graphcast_input_data/2017-07_2017-12
2026-07-22 18:40:05,517 [INFO]     Saving data...
2026-07-22 18:40:05,814 [INFO]   10m_u_component_of_wind
2026-07-22 18:40:05,815 [INFO]     Loading files...
2026-07-22 18:45:09,107 [INFO]     Output directory: /glade/u/home/sressel/spencer-scratch/graphcast_input_data/2017-07_2017-12
2026-07-22 18:45:09,107 [INFO]     Saving data...
2026-07-22 18:45:09,482 [INFO]   10m_v_component_of_wind
2026-07-22 18:45:09,484 [INFO]     Loading files...
2026-07-22 18:50:24,903 [INFO]     Output directory: /glade/u/home/sressel/spencer-scratch/graphcast_input_data/2017-07_2017-12
2026-07-22 18:50:24,903 [INFO]     Saving data...
2026-07-22 18:50:25,207 [INFO] Finished
2026-07-22 18:50:25,207 [INFO] Pressure Level Data
2026-07-22 18:50:25,208 [INFO]   geopotential
2026-07-22 18:50:25,226 [INFO]     Loading files...
2026-07-22 19:13:39,349 [INFO]     Output directory: /glade/u/home/sressel/spencer-scratch/graphcast_input_data/2017-07_2017-12
2026-07-22 19:13:39,350 [INFO]     Saving data...
2026-07-22 19:13:41,716 [INFO]   temperature
2026-07-22 19:13:41,721 [INFO]     Loading files...
2026-07-22 19:37:15,975 [INFO]     Output directory: /glade/u/home/sressel/spencer-scratch/graphcast_input_data/2017-07_2017-12
2026-07-22 19:37:15,976 [INFO]     Saving data...
2026-07-22 19:37:18,337 [INFO]   u_component_of_wind
2026-07-22 19:37:18,342 [INFO]     Loading files...
2026-07-22 20:01:44,611 [INFO]     Output directory: /glade/u/home/sressel/spencer-scratch/graphcast_input_data/2017-07_2017-12
2026-07-22 20:01:44,652 [INFO]     Saving data...
2026-07-22 20:01:47,079 [INFO]   v_component_of_wind
2026-07-22 20:01:47,084 [INFO]     Loading files...
2026-07-22 20:26:42,267 [INFO]     Output directory: /glade/u/home/sressel/spencer-scratch/graphcast_input_data/2017-07_2017-12
2026-07-22 20:26:42,267 [INFO]     Saving data...
2026-07-22 20:26:44,613 [INFO]   specific_humidity
2026-07-22 20:26:44,620 [INFO]     Loading files...
2026-07-22 20:50:30,547 [INFO]     Output directory: /glade/u/home/sressel/spencer-scratch/graphcast_input_data/2017-07_2017-12
2026-07-22 20:50:30,547 [INFO]     Saving data...
2026-07-22 20:50:32,852 [INFO]   vertical_velocity
2026-07-22 20:50:32,859 [INFO]     Loading files...
2026-07-22 21:14:59,711 [INFO]     Output directory: /glade/u/home/sressel/spencer-scratch/graphcast_input_data/2017-07_2017-12
2026-07-22 21:14:59,711 [INFO]     Saving data...
2026-07-22 21:15:02,092 [INFO] Finished
2026-07-22 21:15:02,092 [INFO] Precipitation
2026-07-22 21:15:02,934 [INFO]     Downloading data...
2026-07-22 21:15:03,548 [INFO] Request ID is 9668d123-f36f-48a2-979e-5e64c89d38da
2026-07-22 21:15:04,785 [INFO] status has been updated to accepted
2026-07-22 21:15:38,553 [INFO] status has been updated to running
2026-07-22 21:29:27,920 [INFO] status has been updated to successful
2026-07-22 21:29:28,458 [INFO] Downloading https://object-store.os-api.cci2.ecmwf.int:443/cci2-prod-cache-2/2026-07-23/93b0e233fcbf4c8cfa83279d3ec5fe8d.nc
2026-07-22 21:32:40,473 [INFO]     Regridding data...
2026-07-22 21:33:55,695 [INFO]     Output directory: /glade/u/home/sressel/spencer-scratch/graphcast_input_data/2017-07_2017-12
2026-07-22 21:33:55,697 [INFO]     Saving data...
2026-07-22 21:33:57,063 [INFO] Finished
2026-07-22 21:33:57,063 [INFO] TOA Solar Radiation
2026-07-22 21:33:57,660 [INFO]     Downloading data...
2026-07-22 21:33:58,360 [INFO] Request ID is 2133c5a0-0621-4300-bbf9-d55be9f580ea
2026-07-22 21:33:58,534 [INFO] status has been updated to accepted
2026-07-22 21:34:14,118 [INFO] status has been updated to running
2026-07-22 21:36:57,408 [INFO] status has been updated to successful
2026-07-22 21:36:57,742 [INFO] Downloading https://object-store.os-api.cci2.ecmwf.int:443/cci2-prod-cache-3/2026-07-23/3af104aafa09464240deefc7e2eb41f4.nc
2026-07-22 21:37:24,071 [INFO]     Regridding data...
2026-07-22 21:37:38,021 [INFO]     Output directory: /glade/u/home/sressel/spencer-scratch/graphcast_input_data/2017-07_2017-12
2026-07-22 21:37:38,021 [INFO]     Saving data...
2026-07-22 21:37:41,247 [INFO] Geopotential at Surface
2026-07-22 21:37:41,322 [INFO] Land Sea Mask
2026-07-22 21:37:41,357 [INFO] Load all data into a single dataset
2026-07-22 21:37:42,226 [INFO]     Saving data...
2026-07-22 21:38:09,295 [INFO] All Finished
