2026-08-20 11:55:15,590 [INFO] Start date: 1981-07-01T00:00:00.000000000
2026-08-20 11:55:15,590 [INFO] End date: 1981-12-31T00:00:00.000000000
2026-08-20 11:55:15,594 [INFO] Starting data download script
2026-08-20 11:55:15,598 [INFO] Dates: 1981-07-01T00 : 1981-12-31T00
2026-08-20 11:55:15,602 [INFO] Graphcast data directory: /glade/u/home/sressel/spencer-scratch/graphcast_input_data/1981-07_1981-12
2026-08-20 11:55:15,602 [INFO] Surface level variables
2026-08-20 11:55:15,603 [INFO] 2m_temperature exists, skipping...
2026-08-20 11:55:15,603 [INFO] mean_sea_level_pressure exists, skipping...
2026-08-20 11:55:15,604 [INFO] 10m_u_component_of_wind exists, skipping...
2026-08-20 11:55:15,604 [INFO] 10m_v_component_of_wind exists, skipping...
2026-08-20 11:55:15,605 [INFO] Finished
2026-08-20 11:55:15,605 [INFO] Pressure Level Data
2026-08-20 11:55:15,606 [INFO] geopotential exists, skipping...
2026-08-20 11:55:15,606 [INFO] temperature exists, skipping...
2026-08-20 11:55:15,607 [INFO] u_component_of_wind exists, skipping...
2026-08-20 11:55:15,607 [INFO] v_component_of_wind exists, skipping...
2026-08-20 11:55:15,608 [INFO] specific_humidity exists, skipping...
2026-08-20 11:55:15,609 [INFO] vertical_velocity exists, skipping...
2026-08-20 11:55:15,609 [INFO] Finished
2026-08-20 11:55:15,609 [INFO] Precipitation
2026-08-20 11:55:15,609 [INFO]     precipitation file exists, skipping...
2026-08-20 11:55:15,609 [INFO] TOA Solar Radiation
2026-08-20 11:55:16,262 [INFO]     Downloading data...
2026-08-20 11:55:18,657 [INFO] Request ID is 6a264466-29af-401a-b60f-8761862f5c55
2026-08-20 11:55:19,379 [INFO] status has been updated to accepted
2026-08-20 12:05:44,911 [INFO] status has been updated to running
2026-08-20 12:07:45,832 [INFO] status has been updated to successful
2026-08-20 12:07:46,892 [INFO] Downloading https://object-store.os-api.cci2.ecmwf.int:443/cci2-prod-cache-2/2026-08-20/8b03e6449cf01ee944fe5f81cee03458.nc
2026-08-20 12:09:34,843 [INFO]     Regridding data...
2026-08-20 12:10:03,652 [INFO]     Output directory: /glade/u/home/sressel/spencer-scratch/graphcast_input_data/1981-07_1981-12
2026-08-20 12:10:03,658 [INFO]     Saving data...
2026-08-20 12:10:04,008 [INFO] Geopotential at Surface
2026-08-20 12:10:04,037 [INFO] Land Sea Mask
2026-08-20 12:10:04,106 [INFO] Load all data into a single dataset
2026-08-20 12:10:04,932 [INFO]     Saving data...
2026-08-20 12:10:39,914 [INFO] All Finished
