2026-08-21 16:51:05,089 [INFO] Start date: 2002-06-01T00:00:00.000000000
2026-08-21 16:51:05,089 [INFO] End date: 2002-12-31T00:00:00.000000000
2026-08-21 16:51:05,095 [INFO] Starting data download script
2026-08-21 16:51:05,101 [INFO] Dates: 2002-06-01T00 : 2002-12-31T00
2026-08-21 16:51:05,104 [INFO] Creating output directory...
2026-08-21 16:51:05,108 [INFO] Graphcast data directory: /glade/u/home/sressel/spencer-scratch/graphcast_input_data/2002-06_2002-12
2026-08-21 16:51:05,108 [INFO] Surface level variables
2026-08-21 16:51:05,113 [INFO]   2m_temperature
2026-08-21 16:51:05,141 [INFO]     Loading files...
2026-08-21 16:56:44,697 [INFO]     Output directory: /glade/u/home/sressel/spencer-scratch/graphcast_input_data/2002-06_2002-12
2026-08-21 16:56:44,700 [INFO]     Saving data...
2026-08-21 16:56:45,011 [INFO]   mean_sea_level_pressure
2026-08-21 16:56:45,013 [INFO]     Loading files...
2026-08-21 17:02:12,005 [INFO]     Output directory: /glade/u/home/sressel/spencer-scratch/graphcast_input_data/2002-06_2002-12
2026-08-21 17:02:12,007 [INFO]     Saving data...
2026-08-21 17:02:12,355 [INFO]   10m_u_component_of_wind
2026-08-21 17:02:12,356 [INFO]     Loading files...
2026-08-21 17:08:08,588 [INFO]     Output directory: /glade/u/home/sressel/spencer-scratch/graphcast_input_data/2002-06_2002-12
2026-08-21 17:08:08,588 [INFO]     Saving data...
2026-08-21 17:08:08,933 [INFO]   10m_v_component_of_wind
2026-08-21 17:08:08,935 [INFO]     Loading files...
2026-08-21 17:14:11,820 [INFO]     Output directory: /glade/u/home/sressel/spencer-scratch/graphcast_input_data/2002-06_2002-12
2026-08-21 17:14:11,820 [INFO]     Saving data...
2026-08-21 17:14:12,168 [INFO] Finished
2026-08-21 17:14:12,169 [INFO] Pressure Level Data
2026-08-21 17:14:12,170 [INFO]   geopotential
2026-08-21 17:14:12,195 [INFO]     Loading files...
2026-08-21 17:41:15,333 [INFO]     Output directory: /glade/u/home/sressel/spencer-scratch/graphcast_input_data/2002-06_2002-12
2026-08-21 17:41:15,342 [INFO]     Saving data...
2026-08-21 17:41:18,034 [INFO]   temperature
2026-08-21 17:41:18,040 [INFO]     Loading files...
2026-08-21 18:08:19,811 [INFO]     Output directory: /glade/u/home/sressel/spencer-scratch/graphcast_input_data/2002-06_2002-12
2026-08-21 18:08:19,856 [INFO]     Saving data...
2026-08-21 18:08:22,605 [INFO]   u_component_of_wind
2026-08-21 18:08:22,611 [INFO]     Loading files...
2026-08-21 18:36:27,589 [INFO]     Output directory: /glade/u/home/sressel/spencer-scratch/graphcast_input_data/2002-06_2002-12
2026-08-21 18:36:27,593 [INFO]     Saving data...
2026-08-21 18:36:30,395 [INFO]   v_component_of_wind
2026-08-21 18:36:30,400 [INFO]     Loading files...
2026-08-21 19:05:09,855 [INFO]     Output directory: /glade/u/home/sressel/spencer-scratch/graphcast_input_data/2002-06_2002-12
2026-08-21 19:05:09,858 [INFO]     Saving data...
2026-08-21 19:05:12,604 [INFO]   specific_humidity
2026-08-21 19:05:12,609 [INFO]     Loading files...
2026-08-21 19:33:31,996 [INFO]     Output directory: /glade/u/home/sressel/spencer-scratch/graphcast_input_data/2002-06_2002-12
2026-08-21 19:33:31,996 [INFO]     Saving data...
2026-08-21 19:33:34,928 [INFO]   vertical_velocity
2026-08-21 19:33:34,936 [INFO]     Loading files...
2026-08-21 20:02:44,417 [INFO]     Output directory: /glade/u/home/sressel/spencer-scratch/graphcast_input_data/2002-06_2002-12
2026-08-21 20:02:44,444 [INFO]     Saving data...
2026-08-21 20:02:47,160 [INFO] Finished
2026-08-21 20:02:47,161 [INFO] Precipitation
2026-08-21 20:02:47,624 [INFO]     Downloading data...
2026-08-21 20:02:48,304 [INFO] Request ID is 9bf09f96-18ef-4d44-9eb4-79373c07d3c6
2026-08-21 20:02:48,457 [INFO] status has been updated to accepted
2026-08-21 20:17:11,193 [INFO] status has been updated to running
2026-08-21 20:29:19,311 [INFO] status has been updated to successful
2026-08-21 20:29:19,644 [INFO] Downloading https://object-store.os-api.cci2.ecmwf.int:443/cci2-prod-cache-2/2026-08-22/7cf2a34c7bdbcbb1d3e828c3f5fae3e3.nc
2026-08-21 20:34:23,229 [INFO]     Regridding data...
2026-08-21 20:35:47,785 [INFO]     Output directory: /glade/u/home/sressel/spencer-scratch/graphcast_input_data/2002-06_2002-12
2026-08-21 20:35:47,785 [INFO]     Saving data...
2026-08-21 20:35:50,249 [INFO] Finished
2026-08-21 20:35:50,249 [INFO] TOA Solar Radiation
2026-08-21 20:35:50,730 [INFO]     Downloading data...
2026-08-21 20:35:51,360 [INFO] Request ID is 255cf608-982a-40af-8d35-0a6b80b4eb2d
2026-08-21 20:35:51,529 [INFO] status has been updated to accepted
2026-08-21 20:46:18,404 [INFO] status has been updated to running
2026-08-21 20:48:19,275 [INFO] status has been updated to successful
2026-08-21 20:48:19,811 [INFO] Downloading https://object-store.os-api.cci2.ecmwf.int:443/cci2-prod-cache-3/2026-08-22/81b02302d0f7c847e02f001e881be33.nc
2026-08-21 20:48:46,785 [INFO]     Regridding data...
2026-08-21 20:48:59,469 [INFO]     Output directory: /glade/u/home/sressel/spencer-scratch/graphcast_input_data/2002-06_2002-12
2026-08-21 20:48:59,479 [INFO]     Saving data...
2026-08-21 20:49:00,009 [INFO] Geopotential at Surface
2026-08-21 20:49:00,022 [INFO] Land Sea Mask
2026-08-21 20:49:00,027 [INFO] Load all data into a single dataset
2026-08-21 20:49:00,887 [INFO]     Saving data...
2026-08-21 20:49:49,692 [INFO] All Finished
