2026-07-22 18:27:06,615 [INFO] Start date: 2008-07-01T00:00:00.000000000
2026-07-22 18:27:06,616 [INFO] End date: 2008-12-31T00:00:00.000000000
2026-07-22 18:27:06,616 [INFO] Starting data download script
2026-07-22 18:27:06,619 [INFO] Dates: 2008-07-01T00 : 2008-12-31T00
2026-07-22 18:27:06,620 [INFO] Graphcast data directory: /glade/u/home/sressel/spencer-scratch/graphcast_input_data/2008-07_2008-12
2026-07-22 18:27:06,621 [INFO] Surface level variables
2026-07-22 18:27:06,621 [INFO] 2m_temperature exists, skipping...
2026-07-22 18:27:06,622 [INFO] mean_sea_level_pressure exists, skipping...
2026-07-22 18:27:06,622 [INFO] 10m_u_component_of_wind exists, skipping...
2026-07-22 18:27:06,623 [INFO] 10m_v_component_of_wind exists, skipping...
2026-07-22 18:27:06,623 [INFO] Finished
2026-07-22 18:27:06,623 [INFO] Pressure Level Data
2026-07-22 18:27:06,624 [INFO] geopotential exists, skipping...
2026-07-22 18:27:06,625 [INFO] temperature exists, skipping...
2026-07-22 18:27:06,625 [INFO] u_component_of_wind exists, skipping...
2026-07-22 18:27:06,626 [INFO] v_component_of_wind exists, skipping...
2026-07-22 18:27:06,626 [INFO] specific_humidity exists, skipping...
2026-07-22 18:27:06,627 [INFO] vertical_velocity exists, skipping...
2026-07-22 18:27:06,627 [INFO] Finished
2026-07-22 18:27:06,627 [INFO] Precipitation
2026-07-22 18:27:06,627 [INFO]     precipitation file exists, skipping...
2026-07-22 18:27:06,627 [INFO] TOA Solar Radiation
2026-07-22 18:27:07,339 [INFO]     Downloading data...
2026-07-22 18:27:07,930 [INFO] Request ID is 11cda0fb-8b5f-4426-a0a9-7f20502587a4
2026-07-22 18:27:08,093 [INFO] status has been updated to accepted
2026-07-22 18:27:41,378 [INFO] status has been updated to running
2026-07-22 18:30:01,249 [INFO] status has been updated to successful
2026-07-22 18:30:03,436 [INFO] Downloading https://object-store.os-api.cci2.ecmwf.int:443/cci2-prod-cache-3/2026-07-23/9f0145438c2bd01928b2795925e4deca.nc
2026-07-22 18:30:36,654 [INFO]     Regridding data...
2026-07-22 18:30:55,191 [ERROR] Uncaught exception
Traceback (most recent call last):
  File "/glade/u/home/sressel/thesis-work/python/graphcast/get_data_for_graphcast.py", line 347, in <module>
    regridded_toa_incident_solar_radiation = convert_time_to_ns(regridded_toa_incident_solar_radiation.sel(time=datetimes.sel(batch=0).values))
                                                                                                                ^^^^^^^^^
NameError: name 'datetimes' is not defined. Did you mean: 'datetime'?
