2026-08-19 13:13:30,003 [INFO] Start date: 1988-07-01T00:00:00.000000000
2026-08-19 13:13:30,004 [INFO] End date: 1988-12-31T00:00:00.000000000
2026-08-19 13:13:30,007 [INFO] Starting data download script
2026-08-19 13:13:30,009 [INFO] Dates: 1988-07-01T00 : 1988-12-31T00
2026-08-19 13:13:30,010 [INFO] Creating output directory...
2026-08-19 13:13:30,012 [INFO] Graphcast data directory: /glade/u/home/sressel/spencer-scratch/graphcast_input_data/1988-07_1988-12
2026-08-19 13:13:30,012 [INFO] Surface level variables
2026-08-19 13:13:30,015 [INFO]   2m_temperature
2026-08-19 13:13:30,027 [INFO]     Loading files...
2026-08-19 13:18:19,292 [INFO]     Output directory: /glade/u/home/sressel/spencer-scratch/graphcast_input_data/1988-07_1988-12
2026-08-19 13:18:19,299 [INFO]     Saving data...
2026-08-19 13:18:19,618 [INFO]   mean_sea_level_pressure
2026-08-19 13:18:19,619 [INFO]     Loading files...
2026-08-19 13:23:04,708 [INFO]     Output directory: /glade/u/home/sressel/spencer-scratch/graphcast_input_data/1988-07_1988-12
2026-08-19 13:23:04,713 [INFO]     Saving data...
2026-08-19 13:23:05,022 [INFO]   10m_u_component_of_wind
2026-08-19 13:23:05,023 [INFO]     Loading files...
2026-08-19 13:28:24,294 [INFO]     Output directory: /glade/u/home/sressel/spencer-scratch/graphcast_input_data/1988-07_1988-12
2026-08-19 13:28:24,294 [INFO]     Saving data...
2026-08-19 13:28:24,669 [INFO]   10m_v_component_of_wind
2026-08-19 13:28:24,670 [INFO]     Loading files...
2026-08-19 13:33:45,552 [INFO]     Output directory: /glade/u/home/sressel/spencer-scratch/graphcast_input_data/1988-07_1988-12
2026-08-19 13:33:45,552 [INFO]     Saving data...
2026-08-19 13:33:45,911 [INFO] Finished
2026-08-19 13:33:45,912 [INFO] Pressure Level Data
2026-08-19 13:33:45,917 [INFO]   geopotential
2026-08-19 13:33:45,938 [INFO]     Loading files...
2026-08-19 13:57:35,215 [INFO]     Output directory: /glade/u/home/sressel/spencer-scratch/graphcast_input_data/1988-07_1988-12
2026-08-19 13:57:35,215 [INFO]     Saving data...
2026-08-19 13:57:37,620 [INFO]   temperature
2026-08-19 13:57:37,625 [INFO]     Loading files...
2026-08-19 14:21:37,577 [INFO]     Output directory: /glade/u/home/sressel/spencer-scratch/graphcast_input_data/1988-07_1988-12
2026-08-19 14:21:37,577 [INFO]     Saving data...
2026-08-19 14:21:40,137 [INFO]   u_component_of_wind
2026-08-19 14:21:40,142 [INFO]     Loading files...
2026-08-19 14:46:29,982 [INFO]     Output directory: /glade/u/home/sressel/spencer-scratch/graphcast_input_data/1988-07_1988-12
2026-08-19 14:46:29,989 [INFO]     Saving data...
2026-08-19 14:46:32,324 [INFO]   v_component_of_wind
2026-08-19 14:46:32,331 [INFO]     Loading files...
2026-08-19 15:11:40,365 [INFO]     Output directory: /glade/u/home/sressel/spencer-scratch/graphcast_input_data/1988-07_1988-12
2026-08-19 15:11:40,370 [INFO]     Saving data...
2026-08-19 15:11:42,700 [INFO]   specific_humidity
2026-08-19 15:11:42,706 [INFO]     Loading files...
2026-08-19 15:35:50,869 [INFO]     Output directory: /glade/u/home/sressel/spencer-scratch/graphcast_input_data/1988-07_1988-12
2026-08-19 15:35:50,870 [INFO]     Saving data...
2026-08-19 15:35:53,206 [INFO]   vertical_velocity
2026-08-19 15:35:53,210 [INFO]     Loading files...
