2026-08-21 16:51:07,887 [INFO] Start date: 1994-06-01T00:00:00.000000000
2026-08-21 16:51:07,887 [INFO] End date: 1994-12-31T00:00:00.000000000
2026-08-21 16:51:07,890 [INFO] Starting data download script
2026-08-21 16:51:07,892 [INFO] Dates: 1994-06-01T00 : 1994-12-31T00
2026-08-21 16:51:07,892 [INFO] Creating output directory...
2026-08-21 16:51:07,894 [INFO] Graphcast data directory: /glade/u/home/sressel/spencer-scratch/graphcast_input_data/1994-06_1994-12
2026-08-21 16:51:07,894 [INFO] Surface level variables
2026-08-21 16:51:07,906 [INFO]   2m_temperature
2026-08-21 16:51:07,929 [INFO]     Loading files...
2026-08-21 16:56:43,677 [INFO]     Output directory: /glade/u/home/sressel/spencer-scratch/graphcast_input_data/1994-06_1994-12
2026-08-21 16:56:43,703 [INFO]     Saving data...
2026-08-21 16:56:44,219 [INFO]   mean_sea_level_pressure
2026-08-21 16:56:44,221 [INFO]     Loading files...
2026-08-21 17:02:02,114 [INFO]     Output directory: /glade/u/home/sressel/spencer-scratch/graphcast_input_data/1994-06_1994-12
2026-08-21 17:02:02,117 [INFO]     Saving data...
2026-08-21 17:02:02,452 [INFO]   10m_u_component_of_wind
2026-08-21 17:02:02,453 [INFO]     Loading files...
2026-08-21 17:07:57,209 [INFO]     Output directory: /glade/u/home/sressel/spencer-scratch/graphcast_input_data/1994-06_1994-12
2026-08-21 17:07:57,212 [INFO]     Saving data...
2026-08-21 17:07:57,578 [INFO]   10m_v_component_of_wind
2026-08-21 17:07:57,580 [INFO]     Loading files...
2026-08-21 17:14:05,058 [INFO]     Output directory: /glade/u/home/sressel/spencer-scratch/graphcast_input_data/1994-06_1994-12
2026-08-21 17:14:05,061 [INFO]     Saving data...
2026-08-21 17:14:05,397 [INFO] Finished
2026-08-21 17:14:05,397 [INFO] Pressure Level Data
2026-08-21 17:14:05,400 [INFO]   geopotential
2026-08-21 17:14:05,422 [INFO]     Loading files...
2026-08-21 17:41:24,706 [INFO]     Output directory: /glade/u/home/sressel/spencer-scratch/graphcast_input_data/1994-06_1994-12
2026-08-21 17:41:24,710 [INFO]     Saving data...
2026-08-21 17:41:27,382 [INFO]   temperature
2026-08-21 17:41:27,388 [INFO]     Loading files...
2026-08-21 18:08:33,737 [INFO]     Output directory: /glade/u/home/sressel/spencer-scratch/graphcast_input_data/1994-06_1994-12
2026-08-21 18:08:33,761 [INFO]     Saving data...
2026-08-21 18:08:36,458 [INFO]   u_component_of_wind
2026-08-21 18:08:36,464 [INFO]     Loading files...
2026-08-21 18:36:42,120 [INFO]     Output directory: /glade/u/home/sressel/spencer-scratch/graphcast_input_data/1994-06_1994-12
2026-08-21 18:36:42,120 [INFO]     Saving data...
2026-08-21 18:36:44,810 [INFO]   v_component_of_wind
2026-08-21 18:36:44,817 [INFO]     Loading files...
2026-08-21 19:05:20,774 [INFO]     Output directory: /glade/u/home/sressel/spencer-scratch/graphcast_input_data/1994-06_1994-12
2026-08-21 19:05:20,774 [INFO]     Saving data...
2026-08-21 19:05:23,454 [INFO]   specific_humidity
2026-08-21 19:05:23,461 [INFO]     Loading files...
2026-08-21 19:33:13,926 [INFO]     Output directory: /glade/u/home/sressel/spencer-scratch/graphcast_input_data/1994-06_1994-12
2026-08-21 19:33:13,929 [INFO]     Saving data...
2026-08-21 19:33:16,673 [INFO]   vertical_velocity
2026-08-21 19:33:16,680 [INFO]     Loading files...
2026-08-21 20:01:38,166 [INFO]     Output directory: /glade/u/home/sressel/spencer-scratch/graphcast_input_data/1994-06_1994-12
2026-08-21 20:01:38,285 [INFO]     Saving data...
2026-08-21 20:01:41,058 [INFO] Finished
2026-08-21 20:01:41,059 [INFO] Precipitation
2026-08-21 20:01:42,684 [INFO]     Downloading data...
2026-08-21 20:01:43,625 [INFO] Request ID is 2b078e84-9689-47c9-ba24-4e474629a3a4
2026-08-21 20:01:43,793 [INFO] status has been updated to accepted
2026-08-21 20:01:59,034 [INFO] status has been updated to running
2026-08-21 20:16:10,785 [INFO] status has been updated to successful
2026-08-21 20:16:11,141 [INFO] Downloading https://object-store.os-api.cci2.ecmwf.int:443/cci2-prod-cache-2/2026-08-22/e15341f2e39be9ff642707b84191787.nc
2026-08-21 20:20:17,536 [INFO]     Regridding data...
2026-08-21 20:21:40,271 [INFO]     Output directory: /glade/u/home/sressel/spencer-scratch/graphcast_input_data/1994-06_1994-12
2026-08-21 20:21:40,271 [INFO]     Saving data...
2026-08-21 20:21:41,740 [INFO] Finished
2026-08-21 20:21:41,740 [INFO] TOA Solar Radiation
2026-08-21 20:21:42,177 [INFO]     Downloading data...
2026-08-21 20:21:42,808 [INFO] Request ID is 2b862f2a-7e5c-48e6-b05f-f465fdb69d09
2026-08-21 20:21:42,972 [INFO] status has been updated to accepted
2026-08-21 20:44:15,875 [INFO] status has been updated to running
2026-08-21 20:46:16,342 [INFO] status has been updated to successful
2026-08-21 20:46:17,118 [INFO] Downloading https://object-store.os-api.cci2.ecmwf.int:443/cci2-prod-cache-3/2026-08-22/a0766f266e564553f2aa6980eff4b07d.nc
2026-08-21 20:47:13,950 [INFO]     Regridding data...
2026-08-21 20:47:26,432 [INFO]     Output directory: /glade/u/home/sressel/spencer-scratch/graphcast_input_data/1994-06_1994-12
2026-08-21 20:47:26,445 [INFO]     Saving data...
2026-08-21 20:47:26,942 [INFO] Geopotential at Surface
2026-08-21 20:47:26,996 [INFO] Land Sea Mask
2026-08-21 20:47:27,038 [INFO] Load all data into a single dataset
2026-08-21 20:47:27,816 [INFO]     Saving data...
2026-08-21 20:48:20,984 [INFO] All Finished
