2026-08-19 16:08:21,357 [INFO] Start date: 1988-07-01T00:00:00.000000000
2026-08-19 16:08:21,362 [INFO] End date: 1988-12-31T00:00:00.000000000
2026-08-19 16:08:21,370 [INFO] Starting data download script
2026-08-19 16:08:21,377 [INFO] Dates: 1988-07-01T00 : 1988-12-31T00
2026-08-19 16:08:21,383 [INFO] Graphcast data directory: /glade/u/home/sressel/spencer-scratch/graphcast_input_data/1988-07_1988-12
2026-08-19 16:08:21,386 [INFO] Surface level variables
2026-08-19 16:08:21,390 [INFO] 2m_temperature exists, skipping...
2026-08-19 16:08:21,393 [INFO] mean_sea_level_pressure exists, skipping...
2026-08-19 16:08:21,397 [INFO] 10m_u_component_of_wind exists, skipping...
2026-08-19 16:08:21,402 [INFO] 10m_v_component_of_wind exists, skipping...
2026-08-19 16:08:21,405 [INFO] Finished
2026-08-19 16:08:21,408 [INFO] Pressure Level Data
2026-08-19 16:08:21,418 [INFO] geopotential exists, skipping...
2026-08-19 16:08:21,423 [INFO] temperature exists, skipping...
2026-08-19 16:08:21,444 [INFO] u_component_of_wind exists, skipping...
2026-08-19 16:08:21,450 [INFO] v_component_of_wind exists, skipping...
2026-08-19 16:08:21,454 [INFO] specific_humidity exists, skipping...
2026-08-19 16:08:21,458 [INFO]   vertical_velocity
2026-08-19 16:08:21,482 [INFO]     Loading files...
2026-08-19 16:33:29,198 [INFO]     Output directory: /glade/u/home/sressel/spencer-scratch/graphcast_input_data/1988-07_1988-12
2026-08-19 16:33:29,205 [INFO]     Saving data...
2026-08-19 16:33:31,774 [INFO] Finished
2026-08-19 16:33:31,774 [INFO] Precipitation
2026-08-19 16:33:32,576 [INFO]     Downloading data...
2026-08-19 16:33:33,283 [INFO] Request ID is 79d3400a-08fa-46b6-b5f6-d93574fad197
2026-08-19 16:33:33,435 [INFO] status has been updated to accepted
2026-08-19 17:02:06,463 [INFO] status has been updated to running
2026-08-19 17:16:13,449 [INFO] status has been updated to successful
2026-08-19 17:16:13,939 [INFO] Downloading https://object-store.os-api.cci2.ecmwf.int:443/cci2-prod-cache-1/2026-08-19/727e4bfc9d7c47d9d133c81e4eda18d9.nc
2026-08-19 17:22:24,447 [INFO]     Regridding data...
2026-08-19 17:23:36,897 [INFO]     Output directory: /glade/u/home/sressel/spencer-scratch/graphcast_input_data/1988-07_1988-12
2026-08-19 17:23:36,897 [INFO]     Saving data...
2026-08-19 17:23:38,166 [INFO] Finished
2026-08-19 17:23:38,166 [INFO] TOA Solar Radiation
2026-08-19 17:23:38,606 [INFO]     Downloading data...
2026-08-19 17:23:39,326 [INFO] Request ID is 642661ca-1134-4100-9b01-e3e7f382e558
2026-08-19 17:23:39,491 [INFO] status has been updated to accepted
