2026-08-19 16:09:38,532 [INFO] Start date: 1992-08-01T00:00:00.000000000
2026-08-19 16:09:38,532 [INFO] End date: 1992-11-30T00:00:00.000000000
2026-08-19 16:09:38,538 [INFO] Starting data download script
2026-08-19 16:09:38,543 [INFO] Dates: 1992-08-01T00 : 1992-11-30T00
2026-08-19 16:09:38,546 [INFO] Graphcast data directory: /glade/u/home/sressel/spencer-scratch/graphcast_input_data/1992-08_1992-11
2026-08-19 16:09:38,546 [INFO] Surface level variables
2026-08-19 16:09:38,547 [INFO] 2m_temperature exists, skipping...
2026-08-19 16:09:38,547 [INFO] mean_sea_level_pressure exists, skipping...
2026-08-19 16:09:38,548 [INFO] 10m_u_component_of_wind exists, skipping...
2026-08-19 16:09:38,549 [INFO] 10m_v_component_of_wind exists, skipping...
2026-08-19 16:09:38,549 [INFO] Finished
2026-08-19 16:09:38,549 [INFO] Pressure Level Data
2026-08-19 16:09:38,550 [INFO] geopotential exists, skipping...
2026-08-19 16:09:38,551 [INFO] temperature exists, skipping...
2026-08-19 16:09:38,552 [INFO] u_component_of_wind exists, skipping...
2026-08-19 16:09:38,552 [INFO] v_component_of_wind exists, skipping...
2026-08-19 16:09:38,553 [INFO] specific_humidity exists, skipping...
2026-08-19 16:09:38,554 [INFO] vertical_velocity exists, skipping...
2026-08-19 16:09:38,554 [INFO] Finished
2026-08-19 16:09:38,554 [INFO] Precipitation
2026-08-19 16:09:38,555 [INFO]     precipitation file exists, skipping...
2026-08-19 16:09:38,555 [INFO] TOA Solar Radiation
2026-08-19 16:09:38,555 [INFO]     toa_incident_solar_radiation file exists, skipping...
2026-08-19 16:09:38,556 [INFO] Geopotential at Surface
2026-08-19 16:09:38,617 [INFO] Land Sea Mask
2026-08-19 16:09:38,656 [INFO] Load all data into a single dataset
2026-08-19 16:09:38,657 [INFO]     era5_data.nc exists, skipping merge...
2026-08-19 16:09:38,657 [INFO] All Finished
