2026-07-22 18:27:26,132 [INFO] Start date: 2003-07-01T00:00:00.000000000
2026-07-22 18:27:26,132 [INFO] End date: 2003-12-31T00:00:00.000000000
2026-07-22 18:27:26,132 [INFO] Starting data download script
2026-07-22 18:27:26,136 [INFO] Dates: 2003-07-01T00 : 2003-12-31T00
2026-07-22 18:27:26,136 [INFO] Graphcast data directory: /glade/u/home/sressel/spencer-scratch/graphcast_input_data/2003-07_2003-12
2026-07-22 18:27:26,136 [INFO] Surface level variables
2026-07-22 18:27:26,136 [INFO] 2m_temperature exists, skipping...
2026-07-22 18:27:26,136 [INFO] mean_sea_level_pressure exists, skipping...
2026-07-22 18:27:26,136 [INFO] 10m_u_component_of_wind exists, skipping...
2026-07-22 18:27:26,136 [INFO] 10m_v_component_of_wind exists, skipping...
2026-07-22 18:27:26,136 [INFO] Finished
2026-07-22 18:27:26,136 [INFO] Pressure Level Data
2026-07-22 18:27:26,138 [INFO] geopotential exists, skipping...
2026-07-22 18:27:26,313 [INFO] temperature exists, skipping...
2026-07-22 18:27:26,314 [INFO] u_component_of_wind exists, skipping...
2026-07-22 18:27:26,315 [INFO] v_component_of_wind exists, skipping...
2026-07-22 18:27:26,315 [INFO] specific_humidity exists, skipping...
2026-07-22 18:27:26,316 [INFO] vertical_velocity exists, skipping...
2026-07-22 18:27:26,316 [INFO] Finished
2026-07-22 18:27:26,316 [INFO] Precipitation
2026-07-22 18:27:26,316 [INFO]     precipitation file exists, skipping...
2026-07-22 18:27:26,317 [INFO] TOA Solar Radiation
2026-07-22 18:27:26,852 [INFO]     Downloading data...
2026-07-22 18:27:27,553 [INFO] Request ID is e4faead1-c48c-447a-abc7-988f1053478a
2026-07-22 18:27:27,729 [INFO] status has been updated to accepted
2026-07-22 18:30:21,972 [INFO] status has been updated to successful
2026-07-22 18:30:22,411 [INFO] Downloading https://object-store.os-api.cci2.ecmwf.int:443/cci2-prod-cache-3/2026-07-22/430f2f98d590f7b9fc7547653ebb6019.nc
2026-07-22 18:30:58,953 [INFO]     Regridding data...
2026-07-22 18:31:14,515 [ERROR] Uncaught exception
Traceback (most recent call last):
  File "/glade/u/home/sressel/thesis-work/python/graphcast/get_data_for_graphcast.py", line 347, in <module>
    regridded_toa_incident_solar_radiation = convert_time_to_ns(regridded_toa_incident_solar_radiation.sel(time=datetimes.sel(batch=0).values))
                                                                                                                ^^^^^^^^^
NameError: name 'datetimes' is not defined. Did you mean: 'datetime'?
