2026-08-19 13:06:51,207 [INFO] Start date: 2001-06-01T00:00:00.000000000
2026-08-19 13:06:51,207 [INFO] End date: 2001-12-31T00:00:00.000000000
2026-08-19 13:06:51,213 [INFO] Starting data download script
2026-08-19 13:06:51,217 [INFO] Dates: 2001-06-01T00 : 2001-12-31T00
2026-08-19 13:06:51,222 [INFO] Graphcast data directory: /glade/u/home/sressel/spencer-scratch/graphcast_input_data/2001-06_2001-12
2026-08-19 13:06:51,222 [INFO] Surface level variables
2026-08-19 13:06:51,224 [INFO] 2m_temperature exists, skipping...
2026-08-19 13:06:51,225 [INFO] mean_sea_level_pressure exists, skipping...
2026-08-19 13:06:51,226 [INFO] 10m_u_component_of_wind exists, skipping...
2026-08-19 13:06:51,229 [INFO] 10m_v_component_of_wind exists, skipping...
2026-08-19 13:06:51,229 [INFO] Finished
2026-08-19 13:06:51,229 [INFO] Pressure Level Data
2026-08-19 13:06:51,230 [INFO] geopotential exists, skipping...
2026-08-19 13:06:51,232 [INFO] temperature exists, skipping...
2026-08-19 13:06:51,233 [INFO] u_component_of_wind exists, skipping...
2026-08-19 13:06:51,234 [INFO] v_component_of_wind exists, skipping...
2026-08-19 13:06:51,235 [INFO] specific_humidity exists, skipping...
2026-08-19 13:06:51,235 [INFO] vertical_velocity exists, skipping...
2026-08-19 13:06:51,235 [INFO] Finished
2026-08-19 13:06:51,235 [INFO] Precipitation
2026-08-19 13:06:51,236 [INFO]     precipitation file exists, skipping...
2026-08-19 13:06:51,236 [INFO] TOA Solar Radiation
2026-08-19 13:06:51,238 [INFO]     toa_incident_solar_radiation file exists, skipping...
2026-08-19 13:06:51,238 [INFO] Geopotential at Surface
2026-08-19 13:06:51,292 [INFO] Land Sea Mask
2026-08-19 13:06:51,350 [INFO] Load all data into a single dataset
2026-08-19 13:06:51,352 [INFO]     era5_data.nc exists, skipping merge...
2026-08-19 13:06:51,352 [INFO] All Finished
