2026-07-23 14:08:02,367 [INFO] Start date: 2008-07-01T00:00:00.000000000
2026-07-23 14:08:02,374 [INFO] End date: 2008-12-31T00:00:00.000000000
2026-07-23 14:08:02,392 [INFO] Starting data download script
2026-07-23 14:08:02,404 [INFO] Dates: 2008-07-01T00 : 2008-12-31T00
2026-07-23 14:08:02,412 [INFO] Graphcast data directory: /glade/u/home/sressel/spencer-scratch/graphcast_input_data/2008-07_2008-12
2026-07-23 14:08:02,419 [INFO] Surface level variables
2026-07-23 14:08:02,431 [INFO] 2m_temperature exists, skipping...
2026-07-23 14:08:02,440 [INFO] Finished
2026-07-23 14:08:02,451 [INFO] Pressure Level Data
2026-07-23 14:08:02,463 [INFO] geopotential exists, skipping...
2026-07-23 14:08:02,486 [INFO] Finished
2026-07-23 14:08:02,497 [INFO] Precipitation
2026-07-23 14:08:03,750 [INFO]     precipitation file exists, skipping...
2026-07-23 14:08:03,771 [INFO] TOA Solar Radiation
2026-07-23 14:08:03,817 [INFO]     toa_incident_solar_radiation file exists, skipping...
2026-07-23 14:08:03,873 [INFO] Geopotential at Surface
2026-07-23 14:08:03,902 [INFO] Land Sea Mask
2026-07-23 14:08:03,924 [INFO] Load all data into a single dataset
2026-07-23 14:08:15,572 [ERROR] Uncaught exception
Traceback (most recent call last):
  File "/glade/work/sressel/conda-envs/modified-npl/lib/python3.12/site-packages/xarray/backends/file_manager.py", line 211, in _acquire_with_cache_info
    file = self._cache[self._key]
           ~~~~~~~~~~~^^^^^^^^^^^
  File "/glade/work/sressel/conda-envs/modified-npl/lib/python3.12/site-packages/xarray/backends/lru_cache.py", line 56, in __getitem__
    value = self._cache[key]
            ~~~~~~~~~~~^^^^^
KeyError: [<class 'netCDF4._netCDF4.Dataset'>, ('/glade/u/home/sressel/spencer-scratch/graphcast_input_data/2008-07_2008-12/total_precipitation_6hr.nc',), 'r', (('clobber', True), ('diskless', False), ('format', 'NETCDF4'), ('persist', False)), 'c1185b65-b8b2-4524-a042-5194392c74b7']

During handling of the above exception, another exception occurred:

Traceback (most recent call last):
  File "/glade/u/home/sressel/thesis-work/python/graphcast/get_data_for_graphcast.py", line 470, in <module>
    all_data = xr.open_mfdataset(f"{graphcast_data_directory}/*.nc")
               ^^^^^^^^^^^^^^^^^^^^^^^^^^^^^^^^^^^^^^^^^^^^^^^^^^^^^
  File "/glade/work/sressel/conda-envs/modified-npl/lib/python3.12/site-packages/xarray/backends/api.py", line 1611, in open_mfdataset
    datasets = [open_(p, **open_kwargs) for p in paths1d]
                ^^^^^^^^^^^^^^^^^^^^^^^
  File "/glade/work/sressel/conda-envs/modified-npl/lib/python3.12/site-packages/xarray/backends/api.py", line 679, in open_dataset
    backend_ds = backend.open_dataset(
                 ^^^^^^^^^^^^^^^^^^^^^
  File "/glade/work/sressel/conda-envs/modified-npl/lib/python3.12/site-packages/xarray/backends/netCDF4_.py", line 666, in open_dataset
    store = NetCDF4DataStore.open(
            ^^^^^^^^^^^^^^^^^^^^^^
  File "/glade/work/sressel/conda-envs/modified-npl/lib/python3.12/site-packages/xarray/backends/netCDF4_.py", line 452, in open
    return cls(manager, group=group, mode=mode, lock=lock, autoclose=autoclose)
           ^^^^^^^^^^^^^^^^^^^^^^^^^^^^^^^^^^^^^^^^^^^^^^^^^^^^^^^^^^^^^^^^^^^^
  File "/glade/work/sressel/conda-envs/modified-npl/lib/python3.12/site-packages/xarray/backends/netCDF4_.py", line 393, in __init__
    self.format = self.ds.data_model
                  ^^^^^^^
  File "/glade/work/sressel/conda-envs/modified-npl/lib/python3.12/site-packages/xarray/backends/netCDF4_.py", line 461, in ds
    return self._acquire()
           ^^^^^^^^^^^^^^^
  File "/glade/work/sressel/conda-envs/modified-npl/lib/python3.12/site-packages/xarray/backends/netCDF4_.py", line 455, in _acquire
    with self._manager.acquire_context(needs_lock) as root:
         ^^^^^^^^^^^^^^^^^^^^^^^^^^^^^^^^^^^^^^^^^
  File "/glade/work/sressel/conda-envs/modified-npl/lib/python3.12/contextlib.py", line 137, in __enter__
    return next(self.gen)
           ^^^^^^^^^^^^^^
  File "/glade/work/sressel/conda-envs/modified-npl/lib/python3.12/site-packages/xarray/backends/file_manager.py", line 199, in acquire_context
    file, cached = self._acquire_with_cache_info(needs_lock)
                   ^^^^^^^^^^^^^^^^^^^^^^^^^^^^^^^^^^^^^^^^^
  File "/glade/work/sressel/conda-envs/modified-npl/lib/python3.12/site-packages/xarray/backends/file_manager.py", line 217, in _acquire_with_cache_info
    file = self._opener(*self._args, **kwargs)
           ^^^^^^^^^^^^^^^^^^^^^^^^^^^^^^^^^^^
  File "src/netCDF4/_netCDF4.pyx", line 2521, in netCDF4._netCDF4.Dataset.__init__
  File "src/netCDF4/_netCDF4.pyx", line 2158, in netCDF4._netCDF4._ensure_nc_success
OSError: [Errno -101] NetCDF: HDF error: '/glade/u/home/sressel/spencer-scratch/graphcast_input_data/2008-07_2008-12/total_precipitation_6hr.nc'
