2026-08-25 11:13:01,790 [INFO] Start date: 1988-01-01T00:00:00.000000000
2026-08-25 11:13:01,790 [INFO] End date: 1988-03-31T00:00:00.000000000
2026-08-25 11:13:01,815 [INFO] Starting data download script
2026-08-25 11:13:01,839 [INFO] Dates: 1988-01-01T00 : 1988-03-31T00
2026-08-25 11:13:01,864 [INFO] Creating output directory...
2026-08-25 11:13:01,912 [INFO] Graphcast data directory: /glade/u/home/sressel/spencer-scratch/graphcast_input_data/1988-01_1988-03
2026-08-25 11:13:01,913 [INFO] Surface level variables
2026-08-25 11:13:01,935 [INFO]   2m_temperature
2026-08-25 11:13:01,950 [INFO]     Loading files...
2026-08-25 11:15:49,916 [INFO]     Output directory: /glade/u/home/sressel/spencer-scratch/graphcast_input_data/1988-01_1988-03
2026-08-25 11:15:49,934 [INFO]     Saving data...
2026-08-25 11:15:50,319 [INFO]   mean_sea_level_pressure
2026-08-25 11:15:50,320 [INFO]     Loading files...
2026-08-25 11:18:22,325 [INFO]     Output directory: /glade/u/home/sressel/spencer-scratch/graphcast_input_data/1988-01_1988-03
2026-08-25 11:18:22,328 [INFO]     Saving data...
2026-08-25 11:18:22,545 [INFO]   10m_u_component_of_wind
2026-08-25 11:18:22,546 [INFO]     Loading files...
2026-08-25 11:21:10,765 [INFO]     Output directory: /glade/u/home/sressel/spencer-scratch/graphcast_input_data/1988-01_1988-03
2026-08-25 11:21:10,769 [INFO]     Saving data...
2026-08-25 11:21:10,983 [INFO]   10m_v_component_of_wind
2026-08-25 11:21:10,984 [INFO]     Loading files...
2026-08-25 11:24:02,716 [INFO]     Output directory: /glade/u/home/sressel/spencer-scratch/graphcast_input_data/1988-01_1988-03
2026-08-25 11:24:02,718 [INFO]     Saving data...
2026-08-25 11:24:02,956 [INFO] Finished
2026-08-25 11:24:02,957 [INFO] Pressure Level Data
2026-08-25 11:24:02,966 [INFO]   geopotential
2026-08-25 11:24:02,988 [INFO]     Loading files...
2026-08-25 11:36:07,689 [INFO]     Output directory: /glade/u/home/sressel/spencer-scratch/graphcast_input_data/1988-01_1988-03
2026-08-25 11:36:07,694 [INFO]     Saving data...
2026-08-25 11:36:08,910 [INFO]   temperature
2026-08-25 11:36:08,912 [INFO]     Loading files...
2026-08-25 11:48:17,029 [INFO]     Output directory: /glade/u/home/sressel/spencer-scratch/graphcast_input_data/1988-01_1988-03
2026-08-25 11:48:17,040 [INFO]     Saving data...
2026-08-25 11:48:18,241 [INFO]   u_component_of_wind
2026-08-25 11:48:18,243 [INFO]     Loading files...
2026-08-25 12:00:46,815 [INFO]     Output directory: /glade/u/home/sressel/spencer-scratch/graphcast_input_data/1988-01_1988-03
2026-08-25 12:00:46,862 [INFO]     Saving data...
2026-08-25 12:00:48,076 [INFO]   v_component_of_wind
2026-08-25 12:00:48,079 [INFO]     Loading files...
2026-08-25 12:13:31,155 [INFO]     Output directory: /glade/u/home/sressel/spencer-scratch/graphcast_input_data/1988-01_1988-03
2026-08-25 12:13:31,162 [INFO]     Saving data...
2026-08-25 12:13:32,417 [INFO]   specific_humidity
2026-08-25 12:13:32,426 [INFO]     Loading files...
2026-08-25 12:25:47,379 [INFO]     Output directory: /glade/u/home/sressel/spencer-scratch/graphcast_input_data/1988-01_1988-03
2026-08-25 12:25:47,387 [INFO]     Saving data...
2026-08-25 12:25:48,609 [INFO]   vertical_velocity
2026-08-25 12:25:48,622 [INFO]     Loading files...
2026-08-25 12:38:21,977 [INFO]     Output directory: /glade/u/home/sressel/spencer-scratch/graphcast_input_data/1988-01_1988-03
2026-08-25 12:38:21,983 [INFO]     Saving data...
2026-08-25 12:38:23,213 [INFO] Finished
2026-08-25 12:38:23,213 [INFO] Precipitation
2026-08-25 12:38:24,011 [INFO]     Downloading data...
2026-08-25 12:38:24,585 [INFO] Request ID is acd53e6d-b052-449c-8894-1e3b2c9f54fa
2026-08-25 12:38:25,758 [INFO] status has been updated to accepted
2026-08-25 12:38:48,025 [INFO] status has been updated to running
2026-08-25 12:46:48,529 [INFO] status has been updated to successful
2026-08-25 12:46:48,918 [INFO] Downloading https://object-store.os-api.cci2.ecmwf.int:443/cci2-prod-cache-2/2026-08-25/763ca4d172e0009e429bf619924ac3b.nc
2026-08-25 12:52:26,770 [INFO]     Regridding data...
2026-08-25 12:53:03,898 [INFO]     Output directory: /glade/u/home/sressel/spencer-scratch/graphcast_input_data/1988-01_1988-03
2026-08-25 12:53:03,899 [INFO]     Saving data...
2026-08-25 12:53:04,636 [INFO] Finished
2026-08-25 12:53:04,636 [INFO] TOA Solar Radiation
2026-08-25 12:53:05,225 [INFO]     Downloading data...
2026-08-25 12:53:05,930 [INFO] Request ID is b6be4e22-dc41-4658-b06c-73fefef3a754
2026-08-25 12:53:06,098 [INFO] status has been updated to accepted
2026-08-25 12:53:24,523 [INFO] status has been updated to running
2026-08-25 12:55:05,497 [INFO] status has been updated to successful
2026-08-25 12:55:09,453 [INFO] Downloading https://object-store.os-api.cci2.ecmwf.int:443/cci2-prod-cache-1/2026-08-25/e07e4d09b22f873f2395061d20777ff1.nc
2026-08-25 12:55:30,020 [INFO]     Regridding data...
2026-08-25 12:55:38,164 [INFO]     Output directory: /glade/u/home/sressel/spencer-scratch/graphcast_input_data/1988-01_1988-03
2026-08-25 12:55:38,164 [INFO]     Saving data...
2026-08-25 12:55:38,559 [INFO] Geopotential at Surface
2026-08-25 12:55:38,619 [INFO] Land Sea Mask
2026-08-25 12:55:38,663 [INFO] Load all data into a single dataset
2026-08-25 12:55:39,611 [INFO]     Saving data...
2026-08-25 12:56:14,799 [INFO] All Finished
