2026-08-19 16:08:48,813 [INFO] Start date: 1985-10-01T00:00:00.000000000
2026-08-19 16:08:48,814 [INFO] End date: 1986-04-30T00:00:00.000000000
2026-08-19 16:08:48,819 [INFO] Starting data download script
2026-08-19 16:08:48,824 [INFO] Dates: 1985-10-01T00 : 1986-04-30T00
2026-08-19 16:08:48,827 [INFO] Graphcast data directory: /glade/u/home/sressel/spencer-scratch/graphcast_input_data/1985-10_1986-04
2026-08-19 16:08:48,828 [INFO] Surface level variables
2026-08-19 16:08:48,828 [INFO] 2m_temperature exists, skipping...
2026-08-19 16:08:48,829 [INFO] mean_sea_level_pressure exists, skipping...
2026-08-19 16:08:48,830 [INFO] 10m_u_component_of_wind exists, skipping...
2026-08-19 16:08:48,830 [INFO] 10m_v_component_of_wind exists, skipping...
2026-08-19 16:08:48,830 [INFO] Finished
2026-08-19 16:08:48,831 [INFO] Pressure Level Data
2026-08-19 16:08:48,831 [INFO] geopotential exists, skipping...
2026-08-19 16:08:48,832 [INFO] temperature exists, skipping...
2026-08-19 16:08:48,833 [INFO] u_component_of_wind exists, skipping...
2026-08-19 16:08:48,834 [INFO] v_component_of_wind exists, skipping...
2026-08-19 16:08:48,834 [INFO]   specific_humidity
2026-08-19 16:08:48,859 [INFO]     Loading files...
2026-08-19 16:36:56,795 [INFO]     Output directory: /glade/u/home/sressel/spencer-scratch/graphcast_input_data/1985-10_1986-04
2026-08-19 16:36:56,801 [INFO]     Saving data...
2026-08-19 16:36:59,436 [INFO]   vertical_velocity
2026-08-19 16:36:59,442 [INFO]     Loading files...
2026-08-19 17:05:26,490 [INFO]     Output directory: /glade/u/home/sressel/spencer-scratch/graphcast_input_data/1985-10_1986-04
2026-08-19 17:05:26,499 [INFO]     Saving data...
2026-08-19 17:05:29,268 [INFO] Finished
2026-08-19 17:05:29,274 [INFO] Precipitation
2026-08-19 17:05:30,176 [INFO]     Downloading data...
2026-08-19 17:05:30,920 [INFO] Request ID is 09aa0b3f-f089-41d5-95f3-f6155ddc6938
2026-08-19 17:05:31,177 [INFO] status has been updated to accepted
2026-08-19 18:08:19,960 [INFO] status has been updated to running
