2026-08-19 13:18:00,793 [INFO] Start date: 1975-07-01T00:00:00.000000000
2026-08-19 13:18:00,793 [INFO] End date: 1975-12-31T00:00:00.000000000
2026-08-19 13:18:00,843 [INFO] Starting data download script
2026-08-19 13:18:01,072 [INFO] Dates: 1975-07-01T00 : 1975-12-31T00
2026-08-19 13:18:01,076 [INFO] Creating output directory...
2026-08-19 13:18:01,077 [INFO] Graphcast data directory: /glade/u/home/sressel/spencer-scratch/graphcast_input_data/1975-07_1975-12
2026-08-19 13:18:01,078 [INFO] Surface level variables
2026-08-19 13:18:01,081 [INFO]   2m_temperature
2026-08-19 13:18:01,101 [INFO]     Loading files...
2026-08-19 13:22:25,459 [INFO]     Output directory: /glade/u/home/sressel/spencer-scratch/graphcast_input_data/1975-07_1975-12
2026-08-19 13:22:25,473 [INFO]     Saving data...
2026-08-19 13:22:25,799 [INFO]   mean_sea_level_pressure
2026-08-19 13:22:25,800 [INFO]     Loading files...
2026-08-19 13:26:26,032 [INFO]     Output directory: /glade/u/home/sressel/spencer-scratch/graphcast_input_data/1975-07_1975-12
2026-08-19 13:26:26,036 [INFO]     Saving data...
2026-08-19 13:26:26,322 [INFO]   10m_u_component_of_wind
2026-08-19 13:26:26,323 [INFO]     Loading files...
2026-08-19 13:31:10,594 [INFO]     Output directory: /glade/u/home/sressel/spencer-scratch/graphcast_input_data/1975-07_1975-12
2026-08-19 13:31:10,601 [INFO]     Saving data...
2026-08-19 13:31:10,906 [INFO]   10m_v_component_of_wind
2026-08-19 13:31:10,908 [INFO]     Loading files...
2026-08-19 13:35:47,413 [INFO]     Output directory: /glade/u/home/sressel/spencer-scratch/graphcast_input_data/1975-07_1975-12
2026-08-19 13:35:47,417 [INFO]     Saving data...
2026-08-19 13:35:47,704 [INFO] Finished
2026-08-19 13:35:47,704 [INFO] Pressure Level Data
2026-08-19 13:35:47,705 [INFO]   geopotential
2026-08-19 13:35:47,728 [INFO]     Loading files...
2026-08-19 13:58:54,059 [INFO]     Output directory: /glade/u/home/sressel/spencer-scratch/graphcast_input_data/1975-07_1975-12
2026-08-19 13:58:54,067 [INFO]     Saving data...
2026-08-19 13:58:56,328 [INFO]   temperature
2026-08-19 13:58:56,346 [INFO]     Loading files...
2026-08-19 14:22:16,168 [INFO]     Output directory: /glade/u/home/sressel/spencer-scratch/graphcast_input_data/1975-07_1975-12
2026-08-19 14:22:16,173 [INFO]     Saving data...
2026-08-19 14:22:18,515 [INFO]   u_component_of_wind
2026-08-19 14:22:18,519 [INFO]     Loading files...
2026-08-19 14:46:21,005 [INFO]     Output directory: /glade/u/home/sressel/spencer-scratch/graphcast_input_data/1975-07_1975-12
2026-08-19 14:46:21,010 [INFO]     Saving data...
2026-08-19 14:46:23,359 [INFO]   v_component_of_wind
2026-08-19 14:46:23,364 [INFO]     Loading files...
2026-08-19 15:10:48,522 [INFO]     Output directory: /glade/u/home/sressel/spencer-scratch/graphcast_input_data/1975-07_1975-12
2026-08-19 15:10:48,530 [INFO]     Saving data...
2026-08-19 15:10:50,809 [INFO]   specific_humidity
2026-08-19 15:10:50,814 [INFO]     Loading files...
2026-08-19 15:34:34,443 [INFO]     Output directory: /glade/u/home/sressel/spencer-scratch/graphcast_input_data/1975-07_1975-12
2026-08-19 15:34:34,447 [INFO]     Saving data...
2026-08-19 15:34:36,933 [INFO]   vertical_velocity
2026-08-19 15:34:36,938 [INFO]     Loading files...
