2026-08-19 13:18:34,832 [INFO] Start date: 2001-06-01T00:00:00.000000000
2026-08-19 13:18:34,832 [INFO] End date: 2001-12-31T00:00:00.000000000
2026-08-19 13:18:34,836 [INFO] Starting data download script
2026-08-19 13:18:34,840 [INFO] Dates: 2001-06-01T00 : 2001-12-31T00
2026-08-19 13:18:34,841 [INFO] Graphcast data directory: /glade/u/home/sressel/spencer-scratch/graphcast_input_data/2001-06_2001-12
2026-08-19 13:18:34,841 [INFO] Surface level variables
2026-08-19 13:18:34,841 [INFO] 2m_temperature exists, skipping...
2026-08-19 13:18:34,842 [INFO] mean_sea_level_pressure exists, skipping...
2026-08-19 13:18:34,842 [INFO] 10m_u_component_of_wind exists, skipping...
2026-08-19 13:18:34,842 [INFO] 10m_v_component_of_wind exists, skipping...
2026-08-19 13:18:34,842 [INFO] Finished
2026-08-19 13:18:34,842 [INFO] Pressure Level Data
2026-08-19 13:18:34,842 [INFO] geopotential exists, skipping...
2026-08-19 13:18:34,843 [INFO] temperature exists, skipping...
2026-08-19 13:18:34,843 [INFO] u_component_of_wind exists, skipping...
2026-08-19 13:18:34,843 [INFO] v_component_of_wind exists, skipping...
2026-08-19 13:18:34,843 [INFO] specific_humidity exists, skipping...
2026-08-19 13:18:34,843 [INFO] vertical_velocity exists, skipping...
2026-08-19 13:18:34,843 [INFO] Finished
2026-08-19 13:18:34,843 [INFO] Precipitation
2026-08-19 13:18:34,843 [INFO]     precipitation file exists, skipping...
2026-08-19 13:18:34,843 [INFO] TOA Solar Radiation
2026-08-19 13:18:34,843 [INFO]     toa_incident_solar_radiation file exists, skipping...
2026-08-19 13:18:34,843 [INFO] Geopotential at Surface
2026-08-19 13:18:34,846 [INFO] Land Sea Mask
2026-08-19 13:18:34,849 [INFO] Load all data into a single dataset
2026-08-19 13:18:37,165 [INFO]     Saving data...
2026-08-19 13:19:19,572 [INFO] All Finished
