2026-08-20 12:13:24,725 [INFO] Start date: 1987-07-01T00:00:00.000000000
2026-08-20 12:13:24,729 [INFO] End date: 1987-12-31T00:00:00.000000000
2026-08-20 12:13:24,737 [INFO] Starting data download script
2026-08-20 12:13:24,744 [INFO] Dates: 1987-07-01T00 : 1987-12-31T00
2026-08-20 12:13:24,751 [INFO] Graphcast data directory: /glade/u/home/sressel/spencer-scratch/graphcast_input_data/1987-07_1987-12
2026-08-20 12:13:24,755 [INFO] Surface level variables
2026-08-20 12:13:24,762 [INFO] 2m_temperature exists, skipping...
2026-08-20 12:13:24,773 [INFO] mean_sea_level_pressure exists, skipping...
2026-08-20 12:13:24,777 [INFO] 10m_u_component_of_wind exists, skipping...
2026-08-20 12:13:24,781 [INFO] 10m_v_component_of_wind exists, skipping...
2026-08-20 12:13:24,784 [INFO] Finished
2026-08-20 12:13:24,787 [INFO] Pressure Level Data
2026-08-20 12:13:24,792 [INFO] geopotential exists, skipping...
2026-08-20 12:13:24,796 [INFO] temperature exists, skipping...
2026-08-20 12:13:24,800 [INFO] u_component_of_wind exists, skipping...
2026-08-20 12:13:24,804 [INFO] v_component_of_wind exists, skipping...
2026-08-20 12:13:24,808 [INFO] specific_humidity exists, skipping...
2026-08-20 12:13:24,820 [INFO] vertical_velocity exists, skipping...
2026-08-20 12:13:24,822 [INFO] Finished
2026-08-20 12:13:24,826 [INFO] Precipitation
2026-08-20 12:13:24,829 [INFO]     precipitation file exists, skipping...
2026-08-20 12:13:24,831 [INFO] TOA Solar Radiation
2026-08-20 12:13:25,602 [INFO]     Downloading data...
2026-08-20 12:13:26,254 [INFO] Request ID is f8c07112-96a3-44bf-984d-1826147ec2cc
2026-08-20 12:13:26,423 [INFO] status has been updated to accepted
2026-08-20 12:14:17,400 [INFO] status has been updated to running
2026-08-20 12:16:19,971 [INFO] status has been updated to successful
2026-08-20 12:16:20,470 [INFO] Downloading https://object-store.os-api.cci2.ecmwf.int:443/cci2-prod-cache-1/2026-08-20/1e56b1128cddae48b4ee09f8d910c8de.nc
2026-08-20 12:19:02,419 [INFO]     Regridding data...
2026-08-20 12:19:31,100 [INFO]     Output directory: /glade/u/home/sressel/spencer-scratch/graphcast_input_data/1987-07_1987-12
2026-08-20 12:19:31,104 [INFO]     Saving data...
2026-08-20 12:19:31,592 [INFO] Geopotential at Surface
2026-08-20 12:19:31,626 [INFO] Land Sea Mask
2026-08-20 12:19:31,660 [INFO] Load all data into a single dataset
2026-08-20 12:19:32,702 [INFO]     Saving data...
2026-08-20 12:20:36,324 [INFO] All Finished
