2026-08-19 16:07:43,773 [INFO] Start date: 1975-07-01T00:00:00.000000000
2026-08-19 16:07:43,773 [INFO] End date: 1975-12-31T00:00:00.000000000
2026-08-19 16:07:43,778 [INFO] Starting data download script
2026-08-19 16:07:43,781 [INFO] Dates: 1975-07-01T00 : 1975-12-31T00
2026-08-19 16:07:43,783 [INFO] Graphcast data directory: /glade/u/home/sressel/spencer-scratch/graphcast_input_data/1975-07_1975-12
2026-08-19 16:07:43,783 [INFO] Surface level variables
2026-08-19 16:07:43,784 [INFO] 2m_temperature exists, skipping...
2026-08-19 16:07:43,785 [INFO] mean_sea_level_pressure exists, skipping...
2026-08-19 16:07:43,785 [INFO] 10m_u_component_of_wind exists, skipping...
2026-08-19 16:07:43,786 [INFO] 10m_v_component_of_wind exists, skipping...
2026-08-19 16:07:43,786 [INFO] Finished
2026-08-19 16:07:43,786 [INFO] Pressure Level Data
2026-08-19 16:07:43,787 [INFO] geopotential exists, skipping...
2026-08-19 16:07:43,788 [INFO] temperature exists, skipping...
2026-08-19 16:07:43,789 [INFO] u_component_of_wind exists, skipping...
2026-08-19 16:07:43,790 [INFO] v_component_of_wind exists, skipping...
2026-08-19 16:07:43,790 [INFO] specific_humidity exists, skipping...
2026-08-19 16:07:43,791 [INFO]   vertical_velocity
2026-08-19 16:07:43,807 [INFO]     Loading files...
2026-08-19 16:32:26,599 [INFO]     Output directory: /glade/u/home/sressel/spencer-scratch/graphcast_input_data/1975-07_1975-12
2026-08-19 16:32:26,605 [INFO]     Saving data...
2026-08-19 16:32:28,894 [INFO] Finished
2026-08-19 16:32:28,895 [INFO] Precipitation
2026-08-19 16:32:30,012 [INFO]     Downloading data...
2026-08-19 16:32:30,660 [INFO] Request ID is c7dd73fe-94c6-42f0-97e2-6726b39e1bd4
2026-08-19 16:32:34,100 [INFO] status has been updated to accepted
2026-08-19 16:32:57,876 [INFO] status has been updated to running
2026-08-19 16:46:58,958 [INFO] status has been updated to successful
2026-08-19 16:46:59,374 [INFO] Downloading https://object-store.os-api.cci2.ecmwf.int:443/cci2-prod-cache-3/2026-08-19/2236319403a88debf26e32c3f530f6b6.nc
2026-08-19 16:57:51,928 [INFO]     Regridding data...
2026-08-19 16:59:04,518 [INFO]     Output directory: /glade/u/home/sressel/spencer-scratch/graphcast_input_data/1975-07_1975-12
2026-08-19 16:59:04,518 [INFO]     Saving data...
2026-08-19 16:59:05,768 [INFO] Finished
2026-08-19 16:59:05,768 [INFO] TOA Solar Radiation
2026-08-19 16:59:06,371 [INFO]     Downloading data...
2026-08-19 16:59:08,498 [INFO] Request ID is 3ed23894-8f20-4189-81a8-20f5d094fc77
2026-08-19 16:59:08,664 [INFO] status has been updated to accepted
2026-08-19 18:05:54,820 [INFO] status has been updated to running
