2026-08-20 17:28:30,761 [INFO] Start date: 2005-11-01T00:00:00.000000000
2026-08-20 17:28:30,761 [INFO] End date: 2006-04-30T00:00:00.000000000
2026-08-20 17:28:30,764 [INFO] Starting data download script
2026-08-20 17:28:30,767 [INFO] Dates: 2005-11-01T00 : 2006-04-30T00
2026-08-20 17:28:30,768 [INFO] Creating output directory...
2026-08-20 17:28:30,771 [INFO] Graphcast data directory: /glade/u/home/sressel/spencer-scratch/graphcast_input_data/2005-11_2006-04
2026-08-20 17:28:30,771 [INFO] Surface level variables
2026-08-20 17:28:30,773 [INFO]   2m_temperature
2026-08-20 17:28:30,787 [INFO]     Loading files...
2026-08-20 17:33:29,409 [INFO]     Output directory: /glade/u/home/sressel/spencer-scratch/graphcast_input_data/2005-11_2006-04
2026-08-20 17:33:29,423 [INFO]     Saving data...
2026-08-20 17:33:29,933 [INFO]   mean_sea_level_pressure
2026-08-20 17:33:29,935 [INFO]     Loading files...
2026-08-20 17:38:10,932 [INFO]     Output directory: /glade/u/home/sressel/spencer-scratch/graphcast_input_data/2005-11_2006-04
2026-08-20 17:38:10,935 [INFO]     Saving data...
2026-08-20 17:38:11,254 [INFO]   10m_u_component_of_wind
2026-08-20 17:38:11,256 [INFO]     Loading files...
2026-08-20 17:43:29,426 [INFO]     Output directory: /glade/u/home/sressel/spencer-scratch/graphcast_input_data/2005-11_2006-04
2026-08-20 17:43:29,429 [INFO]     Saving data...
2026-08-20 17:43:29,774 [INFO]   10m_v_component_of_wind
2026-08-20 17:43:29,775 [INFO]     Loading files...
2026-08-20 17:48:47,342 [INFO]     Output directory: /glade/u/home/sressel/spencer-scratch/graphcast_input_data/2005-11_2006-04
2026-08-20 17:48:47,344 [INFO]     Saving data...
2026-08-20 17:48:47,674 [INFO] Finished
2026-08-20 17:48:47,675 [INFO] Pressure Level Data
2026-08-20 17:48:47,676 [INFO]   geopotential
2026-08-20 17:48:47,691 [INFO]     Loading files...
