2026-08-19 16:08:21,360 [INFO] Start date: 1981-07-01T00:00:00.000000000
2026-08-19 16:08:21,364 [INFO] End date: 1981-12-31T00:00:00.000000000
2026-08-19 16:08:21,373 [INFO] Starting data download script
2026-08-19 16:08:21,379 [INFO] Dates: 1981-07-01T00 : 1981-12-31T00
2026-08-19 16:08:21,385 [INFO] Graphcast data directory: /glade/u/home/sressel/spencer-scratch/graphcast_input_data/1981-07_1981-12
2026-08-19 16:08:21,389 [INFO] Surface level variables
2026-08-19 16:08:21,397 [INFO] 2m_temperature exists, skipping...
2026-08-19 16:08:21,401 [INFO] mean_sea_level_pressure exists, skipping...
2026-08-19 16:08:21,407 [INFO] 10m_u_component_of_wind exists, skipping...
2026-08-19 16:08:21,414 [INFO] 10m_v_component_of_wind exists, skipping...
2026-08-19 16:08:21,417 [INFO] Finished
2026-08-19 16:08:21,421 [INFO] Pressure Level Data
2026-08-19 16:08:21,426 [INFO] geopotential exists, skipping...
2026-08-19 16:08:21,444 [INFO] temperature exists, skipping...
2026-08-19 16:08:21,448 [INFO] u_component_of_wind exists, skipping...
2026-08-19 16:08:21,453 [INFO] v_component_of_wind exists, skipping...
2026-08-19 16:08:21,458 [INFO] specific_humidity exists, skipping...
2026-08-19 16:08:21,462 [INFO]   vertical_velocity
2026-08-19 16:08:21,486 [INFO]     Loading files...
2026-08-19 16:33:07,327 [INFO]     Output directory: /glade/u/home/sressel/spencer-scratch/graphcast_input_data/1981-07_1981-12
2026-08-19 16:33:07,356 [INFO]     Saving data...
2026-08-19 16:33:10,033 [INFO] Finished
2026-08-19 16:33:10,034 [INFO] Precipitation
2026-08-19 16:33:10,826 [INFO]     Downloading data...
2026-08-19 16:33:11,467 [INFO] Request ID is 53e0e314-3c07-47d1-8ec1-35143e6ebd6d
2026-08-19 16:33:12,061 [INFO] status has been updated to accepted
2026-08-19 16:47:35,207 [INFO] status has been updated to running
2026-08-19 17:01:39,323 [INFO] status has been updated to successful
2026-08-19 17:01:39,789 [INFO] Downloading https://object-store.os-api.cci2.ecmwf.int:443/cci2-prod-cache-3/2026-08-19/17a1d0f826036b5aa67ad63daf9d931f.nc
2026-08-19 17:07:23,740 [INFO]     Regridding data...
2026-08-19 17:08:36,332 [INFO]     Output directory: /glade/u/home/sressel/spencer-scratch/graphcast_input_data/1981-07_1981-12
2026-08-19 17:08:36,333 [INFO]     Saving data...
2026-08-19 17:08:37,668 [INFO] Finished
2026-08-19 17:08:37,668 [INFO] TOA Solar Radiation
2026-08-19 17:08:38,110 [INFO]     Downloading data...
2026-08-19 17:08:38,778 [INFO] Request ID is 0578df47-49da-4794-b81d-3c20ce6f17c8
2026-08-19 17:08:38,928 [INFO] status has been updated to accepted
2026-08-19 17:08:53,335 [INFO] status has been updated to rejected
2026-08-19 17:08:53,335 [ERROR] Uncaught exception
Traceback (most recent call last):
  File "/glade/u/home/sressel/thesis-work/python/graphcast/get_data_for_graphcast.py", line 416, in <module>
    client.retrieve(dataset, request, target)
  File "/glade/work/sressel/conda-envs/modified-npl/lib/python3.12/site-packages/datapi/legacy_api_client.py", line 169, in retrieve
    submitted = self.client.submit_and_wait_on_results(
                ^^^^^^^^^^^^^^^^^^^^^^^^^^^^^^^^^^^^^^^
  File "/glade/work/sressel/conda-envs/modified-npl/lib/python3.12/site-packages/datapi/api_client.py", line 458, in submit_and_wait_on_results
    return self._retrieve_api.submit(collection_id, **request).make_results()
           ^^^^^^^^^^^^^^^^^^^^^^^^^^^^^^^^^^^^^^^^^^^^^^^^^^^^^^^^^^^^^^^^^^
  File "/glade/work/sressel/conda-envs/modified-npl/lib/python3.12/site-packages/datapi/processing.py", line 489, in make_results
    self._wait_on_results()
  File "/glade/work/sressel/conda-envs/modified-npl/lib/python3.12/site-packages/datapi/processing.py", line 467, in _wait_on_results
    while not self.results_ready:
              ^^^^^^^^^^^^^^^^^^
  File "/glade/work/sressel/conda-envs/modified-npl/lib/python3.12/site-packages/datapi/processing.py", line 485, in results_ready
    raise ProcessingFailedError(f"Unknown API state {status!r}")
datapi.processing.ProcessingFailedError: Unknown API state 'rejected'
