2026-08-25 11:09:47,099 [INFO] Start date: 1980-11-01T00:00:00.000000000
2026-08-25 11:09:47,099 [INFO] End date: 1980-12-31T00:00:00.000000000
2026-08-25 11:09:47,176 [INFO] Starting data download script
2026-08-25 11:09:47,433 [INFO] Dates: 1980-11-01T00 : 1980-12-31T00
2026-08-25 11:09:47,439 [INFO] Creating output directory...
2026-08-25 11:09:47,443 [INFO] Graphcast data directory: /glade/u/home/sressel/spencer-scratch/graphcast_input_data/1980-11_1980-12
2026-08-25 11:09:47,458 [INFO] Surface level variables
2026-08-25 11:09:47,462 [INFO]   2m_temperature
2026-08-25 11:09:47,471 [INFO]     Loading files...
2026-08-25 11:11:46,880 [INFO]     Output directory: /glade/u/home/sressel/spencer-scratch/graphcast_input_data/1980-11_1980-12
2026-08-25 11:11:46,886 [INFO]     Saving data...
2026-08-25 11:11:47,276 [INFO]   mean_sea_level_pressure
2026-08-25 11:11:47,277 [INFO]     Loading files...
2026-08-25 11:13:21,738 [INFO]     Output directory: /glade/u/home/sressel/spencer-scratch/graphcast_input_data/1980-11_1980-12
2026-08-25 11:13:21,755 [INFO]     Saving data...
2026-08-25 11:13:21,985 [INFO]   10m_u_component_of_wind
2026-08-25 11:13:21,985 [INFO]     Loading files...
2026-08-25 11:15:09,191 [INFO]     Output directory: /glade/u/home/sressel/spencer-scratch/graphcast_input_data/1980-11_1980-12
2026-08-25 11:15:09,194 [INFO]     Saving data...
2026-08-25 11:15:09,396 [INFO]   10m_v_component_of_wind
2026-08-25 11:15:09,397 [INFO]     Loading files...
2026-08-25 11:17:03,078 [INFO]     Output directory: /glade/u/home/sressel/spencer-scratch/graphcast_input_data/1980-11_1980-12
2026-08-25 11:17:03,085 [INFO]     Saving data...
2026-08-25 11:17:03,276 [INFO] Finished
2026-08-25 11:17:03,276 [INFO] Pressure Level Data
2026-08-25 11:17:03,277 [INFO]   geopotential
2026-08-25 11:17:03,297 [INFO]     Loading files...
2026-08-25 11:25:23,257 [INFO]     Output directory: /glade/u/home/sressel/spencer-scratch/graphcast_input_data/1980-11_1980-12
2026-08-25 11:25:23,261 [INFO]     Saving data...
2026-08-25 11:25:24,147 [INFO]   temperature
2026-08-25 11:25:24,149 [INFO]     Loading files...
2026-08-25 11:33:44,578 [INFO]     Output directory: /glade/u/home/sressel/spencer-scratch/graphcast_input_data/1980-11_1980-12
2026-08-25 11:33:44,583 [INFO]     Saving data...
2026-08-25 11:33:45,462 [INFO]   u_component_of_wind
2026-08-25 11:33:45,464 [INFO]     Loading files...
2026-08-25 11:42:20,902 [INFO]     Output directory: /glade/u/home/sressel/spencer-scratch/graphcast_input_data/1980-11_1980-12
2026-08-25 11:42:20,907 [INFO]     Saving data...
2026-08-25 11:42:21,836 [INFO]   v_component_of_wind
2026-08-25 11:42:21,838 [INFO]     Loading files...
2026-08-25 11:51:06,259 [INFO]     Output directory: /glade/u/home/sressel/spencer-scratch/graphcast_input_data/1980-11_1980-12
2026-08-25 11:51:06,263 [INFO]     Saving data...
2026-08-25 11:51:07,166 [INFO]   specific_humidity
2026-08-25 11:51:07,168 [INFO]     Loading files...
2026-08-25 11:59:29,098 [INFO]     Output directory: /glade/u/home/sressel/spencer-scratch/graphcast_input_data/1980-11_1980-12
2026-08-25 11:59:29,101 [INFO]     Saving data...
2026-08-25 11:59:30,011 [INFO]   vertical_velocity
2026-08-25 11:59:30,013 [INFO]     Loading files...
2026-08-25 12:08:04,395 [INFO]     Output directory: /glade/u/home/sressel/spencer-scratch/graphcast_input_data/1980-11_1980-12
2026-08-25 12:08:04,402 [INFO]     Saving data...
2026-08-25 12:08:05,326 [INFO] Finished
2026-08-25 12:08:05,326 [INFO] Precipitation
2026-08-25 12:08:05,945 [INFO]     Downloading data...
2026-08-25 12:08:06,484 [INFO] Request ID is f33fb309-d240-46a1-9344-b9828a4eb813
2026-08-25 12:08:06,659 [INFO] status has been updated to accepted
2026-08-25 12:12:27,232 [INFO] status has been updated to running
2026-08-25 12:18:29,320 [INFO] status has been updated to successful
2026-08-25 12:18:29,642 [INFO] Downloading https://object-store.os-api.cci2.ecmwf.int:443/cci2-prod-cache-2/2026-08-25/fec65c9257e4ced89351aaef41a16464.nc
2026-08-25 12:24:20,767 [INFO]     Regridding data...
2026-08-25 12:24:49,011 [INFO]     Output directory: /glade/u/home/sressel/spencer-scratch/graphcast_input_data/1980-11_1980-12
2026-08-25 12:24:49,012 [INFO]     Saving data...
2026-08-25 12:24:49,575 [INFO] Finished
2026-08-25 12:24:49,576 [INFO] TOA Solar Radiation
2026-08-25 12:24:50,164 [INFO]     Downloading data...
2026-08-25 12:24:52,056 [INFO] Request ID is 0b88e95c-3dd6-49bb-91ea-4fbb92d4066c
2026-08-25 12:24:52,226 [INFO] status has been updated to accepted
2026-08-25 12:25:47,418 [INFO] status has been updated to running
2026-08-25 12:26:51,842 [INFO] status has been updated to successful
2026-08-25 12:26:53,319 [INFO] Downloading https://object-store.os-api.cci2.ecmwf.int:443/cci2-prod-cache-2/2026-08-25/d0aa430d5741c887f179c1f67c1846ca.nc
2026-08-25 12:27:05,806 [INFO]     Regridding data...
2026-08-25 12:27:13,069 [INFO]     Output directory: /glade/u/home/sressel/spencer-scratch/graphcast_input_data/1980-11_1980-12
2026-08-25 12:27:13,070 [INFO]     Saving data...
2026-08-25 12:27:13,470 [INFO] Geopotential at Surface
2026-08-25 12:27:13,534 [INFO] Land Sea Mask
2026-08-25 12:27:13,578 [INFO] Load all data into a single dataset
2026-08-25 12:27:14,238 [INFO]     Saving data...
2026-08-25 12:27:22,455 [INFO] All Finished
