2026-08-19 13:09:00,055 [INFO] Start date: 1998-06-01T00:00:00.000000000
2026-08-19 13:09:00,056 [INFO] End date: 1998-12-31T00:00:00.000000000
2026-08-19 13:09:00,061 [INFO] Starting data download script
2026-08-19 13:09:00,067 [INFO] Dates: 1998-06-01T00 : 1998-12-31T00
2026-08-19 13:09:00,069 [INFO] Creating output directory...
2026-08-19 13:09:00,072 [INFO] Graphcast data directory: /glade/u/home/sressel/spencer-scratch/graphcast_input_data/1998-06_1998-12
2026-08-19 13:09:00,072 [INFO] Surface level variables
2026-08-19 13:09:00,085 [INFO]   2m_temperature
2026-08-19 13:09:00,106 [INFO]     Loading files...
2026-08-19 13:14:25,735 [INFO]     Output directory: /glade/u/home/sressel/spencer-scratch/graphcast_input_data/1998-06_1998-12
2026-08-19 13:14:25,747 [INFO]     Saving data...
2026-08-19 13:14:26,254 [INFO]   mean_sea_level_pressure
2026-08-19 13:14:26,256 [INFO]     Loading files...
2026-08-19 13:19:26,604 [INFO]     Output directory: /glade/u/home/sressel/spencer-scratch/graphcast_input_data/1998-06_1998-12
2026-08-19 13:19:26,999 [INFO]     Saving data...
2026-08-19 13:19:27,399 [INFO]   10m_u_component_of_wind
2026-08-19 13:19:27,400 [INFO]     Loading files...
2026-08-19 13:25:11,932 [INFO]     Output directory: /glade/u/home/sressel/spencer-scratch/graphcast_input_data/1998-06_1998-12
2026-08-19 13:25:11,936 [INFO]     Saving data...
2026-08-19 13:25:12,265 [INFO]   10m_v_component_of_wind
2026-08-19 13:25:12,266 [INFO]     Loading files...
2026-08-19 13:30:57,482 [INFO]     Output directory: /glade/u/home/sressel/spencer-scratch/graphcast_input_data/1998-06_1998-12
2026-08-19 13:30:57,486 [INFO]     Saving data...
2026-08-19 13:30:57,832 [INFO] Finished
2026-08-19 13:30:57,832 [INFO] Pressure Level Data
2026-08-19 13:30:57,834 [INFO]   geopotential
2026-08-19 13:30:57,859 [INFO]     Loading files...
2026-08-19 13:58:10,010 [INFO]     Output directory: /glade/u/home/sressel/spencer-scratch/graphcast_input_data/1998-06_1998-12
2026-08-19 13:58:10,014 [INFO]     Saving data...
2026-08-19 13:58:12,704 [INFO]   temperature
2026-08-19 13:58:12,710 [INFO]     Loading files...
2026-08-19 14:25:41,372 [INFO]     Output directory: /glade/u/home/sressel/spencer-scratch/graphcast_input_data/1998-06_1998-12
2026-08-19 14:25:41,397 [INFO]     Saving data...
2026-08-19 14:25:44,054 [INFO]   u_component_of_wind
2026-08-19 14:25:44,060 [INFO]     Loading files...
2026-08-19 14:54:09,514 [INFO]     Output directory: /glade/u/home/sressel/spencer-scratch/graphcast_input_data/1998-06_1998-12
2026-08-19 14:54:09,518 [INFO]     Saving data...
2026-08-19 14:54:12,222 [INFO]   v_component_of_wind
2026-08-19 14:54:12,229 [INFO]     Loading files...
2026-08-19 15:22:43,796 [INFO]     Output directory: /glade/u/home/sressel/spencer-scratch/graphcast_input_data/1998-06_1998-12
2026-08-19 15:22:43,813 [INFO]     Saving data...
2026-08-19 15:22:46,633 [INFO]   specific_humidity
2026-08-19 15:22:46,639 [INFO]     Loading files...
